[2026-09-23 13:48:34Z INFO HostContext] No proxy settings were found based on environmental variables (http_proxy/https_proxy/HTTP_PROXY/HTTPS_PROXY)
[2026-09-23 13:48:34Z INFO HostContext] Well known directory 'Bin': 'C:\Users\Carolina\proyectoGit\actions-runner\bin'
[2026-09-23 13:48:34Z INFO HostContext] Well known directory 'Root': 'C:\Users\Carolina\proyectoGit\actions-runner'
[2026-09-23 13:48:34Z INFO HostContext] Well known config file 'Credentials': 'C:\Users\Carolina\proyectoGit\actions-runner\.credentials'
[2026-09-23 13:48:35Z INFO HostContext] Well known directory 'Bin': 'C:\Users\Carolina\proyectoGit\actions-runner\bin'
[2026-09-23 13:48:35Z INFO HostContext] Well known directory 'Root': 'C:\Users\Carolina\proyectoGit\actions-runner'
[2026-09-23 13:48:35Z INFO HostContext] Well known config file 'Runner': 'C:\Users\Carolina\proyectoGit\actions-runner\.runner'
[2026-09-23 13:48:35Z INFO Listener] Runner is built for Windows (X64) - win-x64.
[2026-09-23 13:48:35Z INFO Listener] RuntimeInformation: Microsoft Windows 10.0.26200.
[2026-09-23 13:48:35Z INFO Listener] Version: 2.337.0
[2026-09-23 13:48:35Z INFO Listener] Commit: 397b032cbf865e9c3ddfab89d533ec19325e1273
[2026-09-23 13:48:35Z INFO Listener] Culture: es-ES
[2026-09-23 13:48:35Z INFO Listener] UI Culture: es-ES
[2026-09-23 13:48:35Z INFO HostContext] Well known directory 'Bin': 'C:\Users\Carolina\proyectoGit\actions-runner\bin'
[2026-09-23 13:48:35Z INFO HostContext] Well known directory 'Root': 'C:\Users\Carolina\proyectoGit\actions-runner'
[2026-09-23 13:48:35Z INFO Listener] Validating directory permissions for: 'C:\Users\Carolina\proyectoGit\actions-runner'
[2026-09-23 13:48:35Z INFO CommandLineParser] Parse
[2026-09-23 13:48:35Z INFO CommandLineParser] Parsing 1 args
[2026-09-23 13:48:35Z INFO CommandLineParser] parsing argument
[2026-09-23 13:48:35Z INFO CommandLineParser] HasArgs: False
[2026-09-23 13:48:35Z INFO CommandLineParser] Adding Command: run
[2026-09-23 13:48:35Z INFO Listener] Arguments parsed
[2026-09-23 13:48:35Z INFO Runner] ExecuteCommand
[2026-09-23 13:48:35Z INFO ConfigurationStore] currentAssemblyLocation: C:\Users\Carolina\proyectoGit\actions-runner\bin\Runner.Listener.dll
[2026-09-23 13:48:35Z INFO HostContext] Well known directory 'Bin': 'C:\Users\Carolina\proyectoGit\actions-runner\bin'
[2026-09-23 13:48:35Z INFO ConfigurationStore] binPath: C:\Users\Carolina\proyectoGit\actions-runner\bin
[2026-09-23 13:48:35Z INFO HostContext] Well known directory 'Bin': 'C:\Users\Carolina\proyectoGit\actions-runner\bin'
[2026-09-23 13:48:35Z INFO HostContext] Well known directory 'Root': 'C:\Users\Carolina\proyectoGit\actions-runner'
[2026-09-23 13:48:35Z INFO ConfigurationStore] RootFolder: C:\Users\Carolina\proyectoGit\actions-runner
[2026-09-23 13:48:35Z INFO HostContext] Well known directory 'Bin': 'C:\Users\Carolina\proyectoGit\actions-runner\bin'
[2026-09-23 13:48:35Z INFO HostContext] Well known directory 'Root': 'C:\Users\Carolina\proyectoGit\actions-runner'
[2026-09-23 13:48:35Z INFO HostContext] Well known config file 'Runner': 'C:\Users\Carolina\proyectoGit\actions-runner\.runner'
[2026-09-23 13:48:35Z INFO ConfigurationStore] ConfigFilePath: C:\Users\Carolina\proyectoGit\actions-runner\.runner
[2026-09-23 13:48:35Z INFO HostContext] Well known directory 'Bin': 'C:\Users\Carolina\proyectoGit\actions-runner\bin'
[2026-09-23 13:48:35Z INFO HostContext] Well known directory 'Root': 'C:\Users\Carolina\proyectoGit\actions-runner'
[2026-09-23 13:48:35Z INFO HostContext] Well known config file 'MigratedRunner': 'C:\Users\Carolina\proyectoGit\actions-runner\.runner_migrated'
[2026-09-23 13:48:35Z INFO ConfigurationStore] MigratedConfigFilePath: C:\Users\Carolina\proyectoGit\actions-runner\.runner_migrated
[2026-09-23 13:48:35Z INFO HostContext] Well known directory 'Bin': 'C:\Users\Carolina\proyectoGit\actions-runner\bin'
[2026-09-23 13:48:35Z INFO HostContext] Well known directory 'Root': 'C:\Users\Carolina\proyectoGit\actions-runner'
[2026-09-23 13:48:35Z INFO HostContext] Well known config file 'Credentials': 'C:\Users\Carolina\proyectoGit\actions-runner\.credentials'
[2026-09-23 13:48:35Z INFO ConfigurationStore] CredFilePath: C:\Users\Carolina\proyectoGit\actions-runner\.credentials
[2026-09-23 13:48:35Z INFO HostContext] Well known directory 'Bin': 'C:\Users\Carolina\proyectoGit\actions-runner\bin'
[2026-09-23 13:48:35Z INFO HostContext] Well known directory 'Root': 'C:\Users\Carolina\proyectoGit\actions-runner'
[2026-09-23 13:48:35Z INFO HostContext] Well known config file 'MigratedCredentials': 'C:\Users\Carolina\proyectoGit\actions-runner\.credentials_migrated'
[2026-09-23 13:48:35Z INFO ConfigurationStore] MigratedCredFilePath: C:\Users\Carolina\proyectoGit\actions-runner\.credentials_migrated
[2026-09-23 13:48:35Z INFO HostContext] Well known directory 'Bin': 'C:\Users\Carolina\proyectoGit\actions-runner\bin'
[2026-09-23 13:48:35Z INFO HostContext] Well known directory 'Root': 'C:\Users\Carolina\proyectoGit\actions-runner'
[2026-09-23 13:48:35Z INFO HostContext] Well known config file 'Service': 'C:\Users\Carolina\proyectoGit\actions-runner\.service'
[2026-09-23 13:48:35Z INFO ConfigurationStore] ServiceConfigFilePath: C:\Users\Carolina\proyectoGit\actions-runner\.service
[2026-09-23 13:48:35Z INFO CommandSettings] Flag 'help': 'False'
[2026-09-23 13:48:35Z INFO CommandSettings] Flag 'version': 'False'
[2026-09-23 13:48:35Z INFO CommandSettings] Flag 'commit': 'False'
[2026-09-23 13:48:35Z INFO CommandSettings] Flag 'check': 'False'
[2026-09-23 13:48:35Z INFO CommandSettings] Command 'configure': 'False'
[2026-09-23 13:48:35Z INFO CommandSettings] Command 'remove': 'False'
[2026-09-23 13:48:35Z INFO CommandSettings] Command 'warmup': 'False'
[2026-09-23 13:48:35Z INFO ConfigurationManager] LoadSettings
[2026-09-23 13:48:35Z INFO ConfigurationStore] IsConfigured()
[2026-09-23 13:48:35Z INFO ConfigurationStore] IsConfigured: True
[2026-09-23 13:48:35Z INFO ConfigurationManager] Is configured: True
[2026-09-23 13:48:35Z INFO ConfigurationStore] Read setting file: 395 chars
[2026-09-23 13:48:35Z INFO ConfigurationManager] Settings Loaded
[2026-09-23 13:48:35Z INFO ConfigurationStore] IsServiceConfigured()
[2026-09-23 13:48:35Z INFO ConfigurationStore] IsServiceConfigured: False
[2026-09-23 13:48:35Z INFO CommandSettings] Command 'run': 'True'
[2026-09-23 13:48:35Z INFO ConfigurationStore] IsConfigured()
[2026-09-23 13:48:35Z INFO ConfigurationStore] IsConfigured: True
[2026-09-23 13:48:35Z INFO ConfigurationManager] Is configured: True
[2026-09-23 13:48:35Z INFO Runner] Could not parse the argument value '' for StartupType. Defaulting to Manual
[2026-09-23 13:48:35Z INFO Runner] Set runner startup type - Manual
[2026-09-23 13:48:35Z INFO CommandSettings] Flag 'once': 'False'
[2026-09-23 13:48:35Z INFO CommandSettings] Flag 'once': 'False'
[2026-09-23 13:48:35Z INFO Runner] RunAsync
[2026-09-23 13:48:35Z INFO HostContext] Well known directory 'Bin': 'C:\Users\Carolina\proyectoGit\actions-runner\bin'
[2026-09-23 13:48:35Z INFO HostContext] Well known directory 'Root': 'C:\Users\Carolina\proyectoGit\actions-runner'
[2026-09-23 13:48:35Z INFO HostContext] Well known directory 'Work': 'C:\Users\Carolina\proyectoGit\actions-runner\_work'
[2026-09-23 13:48:35Z INFO Runner] Validating directory permissions for: 'C:\Users\Carolina\proyectoGit\actions-runner\_work'
[2026-09-23 13:48:35Z INFO ConfigurationManager] LoadMigratedSettings
[2026-09-23 13:48:35Z INFO ConfigurationStore] IsMigratedConfigured()
[2026-09-23 13:48:35Z INFO ConfigurationStore] IsMigratedConfigured: True
[2026-09-23 13:48:35Z INFO ConfigurationStore] Read migrated setting file: 395 chars
[2026-09-23 13:48:35Z INFO ConfigurationManager] Migrated Settings Loaded
[2026-09-23 13:48:35Z INFO Runner] Loaded migrated settings from .runner_migrated file
[2026-09-23 13:48:35Z INFO Runner] {
  "AgentId": 2,
  "AgentName": "DANI-PC",
  "PoolId": 1,
  "PoolName": "Default",
  "ServerUrl": "https://pipelinesghubeus25.actions.githubusercontent.com/HR5FoEIUBrz4lANaWG1H2K3WQNR7ktXHs1PiIlPVtcFeFGQiFj/",
  "GitHubUrl": "https://github.com/DanielRH1338/ProyectoGit",
  "WorkFolder": "_work",
  "UseV2Flow": true,
  "ServerUrlV2": "https://broker.actions.githubusercontent.com/"
}
[2026-09-23 13:48:35Z INFO Runner] Attempting to create session using migrated settings
[2026-09-23 13:48:35Z INFO Runner] Using BrokerMessageListener
[2026-09-23 13:48:35Z INFO BrokerMessageListener] Using provided settings
[2026-09-23 13:48:35Z INFO BrokerMessageListener] Using migrated settings from .runner_migrated
[2026-09-23 13:48:35Z INFO BrokerMessageListener] {
  "AgentId": 2,
  "AgentName": "DANI-PC",
  "PoolId": 1,
  "PoolName": "Default",
  "ServerUrl": "https://pipelinesghubeus25.actions.githubusercontent.com/HR5FoEIUBrz4lANaWG1H2K3WQNR7ktXHs1PiIlPVtcFeFGQiFj/",
  "GitHubUrl": "https://github.com/DanielRH1338/ProyectoGit",
  "WorkFolder": "_work",
  "UseV2Flow": true,
  "ServerUrlV2": "https://broker.actions.githubusercontent.com/"
}
[2026-09-23 13:48:35Z INFO BrokerMessageListener] Loading Credentials
[2026-09-23 13:48:35Z INFO ConfigurationStore] HasCredentials()
[2026-09-23 13:48:35Z INFO ConfigurationStore] stored True
[2026-09-23 13:48:35Z INFO CredentialManager] GetCredentialProvider
[2026-09-23 13:48:35Z INFO CredentialManager] Creating type OAuth
[2026-09-23 13:48:35Z INFO CredentialManager] Creating credential type: OAuth
[2026-09-23 13:48:35Z INFO HostContext] Well known directory 'Bin': 'C:\Users\Carolina\proyectoGit\actions-runner\bin'
[2026-09-23 13:48:35Z INFO HostContext] Well known directory 'Root': 'C:\Users\Carolina\proyectoGit\actions-runner'
[2026-09-23 13:48:35Z INFO HostContext] Well known config file 'RSACredentials': 'C:\Users\Carolina\proyectoGit\actions-runner\.credentials_rsaparams'
[2026-09-23 13:48:35Z INFO RSAEncryptedFileKeyManager] Loading RSA key parameters from file C:\Users\Carolina\proyectoGit\actions-runner\.credentials_rsaparams
[2026-09-23 13:48:35Z INFO BrokerMessageListener] Attempt to create session.
[2026-09-23 13:48:35Z INFO BrokerMessageListener] Connecting to the Broker Server...
[2026-09-23 13:48:35Z INFO ConfigurationStore] HasCredentials()
[2026-09-23 13:48:35Z INFO ConfigurationStore] stored True
[2026-09-23 13:48:35Z INFO CredentialManager] GetCredentialProvider
[2026-09-23 13:48:35Z INFO CredentialManager] Creating type OAuth
[2026-09-23 13:48:35Z INFO CredentialManager] Creating credential type: OAuth
[2026-09-23 13:48:35Z INFO RSAEncryptedFileKeyManager] Loading RSA key parameters from file C:\Users\Carolina\proyectoGit\actions-runner\.credentials_rsaparams
[2026-09-23 13:48:35Z INFO BrokerMessageListener] VssConnection created
[2026-09-23 13:48:35Z INFO BrokerMessageListener] Connecting to the Runner server...
[2026-09-23 13:48:35Z INFO RunnerServer] EstablishVssConnection
[2026-09-23 13:48:35Z INFO RunnerServer] Establish connection with 100 seconds timeout.
[2026-09-23 13:48:35Z INFO GitHubActionsService] Starting operation Location.GetConnectionData
[2026-09-23 13:48:35Z INFO RunnerServer] EstablishVssConnection
[2026-09-23 13:48:35Z INFO RunnerServer] Establish connection with 60 seconds timeout.
[2026-09-23 13:48:35Z INFO GitHubActionsService] Starting operation Location.GetConnectionData
[2026-09-23 13:48:35Z INFO RunnerServer] EstablishVssConnection
[2026-09-23 13:48:35Z INFO RunnerServer] Establish connection with 60 seconds timeout.
[2026-09-23 13:48:35Z INFO GitHubActionsService] Starting operation Location.GetConnectionData
[2026-09-23 13:48:35Z INFO GitHubActionsService] Finished operation Location.GetConnectionData
[2026-09-23 13:48:35Z INFO GitHubActionsService] Finished operation Location.GetConnectionData
[2026-09-23 13:48:35Z INFO GitHubActionsService] Finished operation Location.GetConnectionData
[2026-09-23 13:48:35Z INFO BrokerMessageListener] VssConnection created
[2026-09-23 13:48:35Z INFO Terminal] WRITE LINE: 
[2026-09-23 13:48:35Z INFO Terminal] WRITE LINE: 
[2026-09-23 13:48:35Z INFO RSAEncryptedFileKeyManager] Loading RSA key parameters from file C:\Users\Carolina\proyectoGit\actions-runner\.credentials_rsaparams
[2026-09-23 13:48:35Z INFO RSAEncryptedFileKeyManager] Loading RSA key parameters from file C:\Users\Carolina\proyectoGit\actions-runner\.credentials_rsaparams
[2026-09-23 13:48:36Z INFO GitHubActionsService] AAD Correlation ID for this token request: Unknown
[2026-09-23 13:48:36Z INFO BrokerMessageListener] Session created.
[2026-09-23 13:48:36Z INFO Runner] Successfully created session with migrated settings
[2026-09-23 13:48:36Z INFO Terminal] WRITE LINE: Current runner version: '2.337.0'
[2026-09-23 13:48:36Z INFO Terminal] WRITE LINE: 2026-09-23 13:48:36Z: Listening for Jobs
[2026-09-23 13:48:36Z INFO JobDispatcher] Set runner/worker IPC timeout to 30 seconds.
[2026-09-23 13:48:57Z INFO BrokerMessageListener] Acknowledging runner request '02e70286-c6fc-5676-b876-bb6c9594f52d'.
[2026-09-23 13:48:57Z INFO ConfigurationStore] HasCredentials()
[2026-09-23 13:48:57Z INFO ConfigurationStore] stored True
[2026-09-23 13:48:57Z INFO CredentialManager] GetCredentialProvider
[2026-09-23 13:48:57Z INFO CredentialManager] Creating type OAuth
[2026-09-23 13:48:57Z INFO CredentialManager] Creating credential type: OAuth
[2026-09-23 13:48:57Z INFO RSAEncryptedFileKeyManager] Loading RSA key parameters from file C:\Users\Carolina\proyectoGit\actions-runner\.credentials_rsaparams
[2026-09-23 13:48:57Z INFO RSAEncryptedFileKeyManager] Loading RSA key parameters from file C:\Users\Carolina\proyectoGit\actions-runner\.credentials_rsaparams
[2026-09-23 13:48:57Z INFO RSAEncryptedFileKeyManager] Loading RSA key parameters from file C:\Users\Carolina\proyectoGit\actions-runner\.credentials_rsaparams
[2026-09-23 13:48:58Z INFO GitHubActionsService] AAD Correlation ID for this token request: Unknown
[2026-09-23 13:48:59Z INFO JobDispatcher] Job request 0 for plan f887d298-d850-4765-8273-5a5c80974e7b job 02e70286-c6fc-5676-b876-bb6c9594f52d received.
[2026-09-23 13:48:59Z INFO JobDispatcher] Pull OrchestrationId f887d298-d850-4765-8273-5a5c80974e7b.probar.__default from JWT claims
[2026-09-23 13:48:59Z INFO BrokerMessageListener] Received job status event. JobState: Busy
[2026-09-23 13:48:59Z INFO BrokerMessageListener] _getMessagesTokenSource is already disposed.
[2026-09-23 13:48:59Z INFO Terminal] WRITE LINE: 2026-09-23 13:48:59Z: Running job: probar
[2026-09-23 13:48:59Z INFO JobDispatcher] Start renew job request 0 for job 02e70286-c6fc-5676-b876-bb6c9594f52d.
[2026-09-23 13:48:59Z INFO JobDispatcher] Successfully renew job 02e70286-c6fc-5676-b876-bb6c9594f52d, job is valid till 23/09/2026 13:58:57
[2026-09-23 13:48:59Z INFO HostContext] Well known directory 'Bin': 'C:\Users\Carolina\proyectoGit\actions-runner\bin'
[2026-09-23 13:48:59Z INFO ProcessInvokerWrapper] Starting process:
[2026-09-23 13:48:59Z INFO ProcessInvokerWrapper]   File name: 'C:\Users\Carolina\proyectoGit\actions-runner\bin\Runner.Worker.exe'
[2026-09-23 13:48:59Z INFO ProcessInvokerWrapper]   Arguments: 'spawnclient 1936 1628'
[2026-09-23 13:48:59Z INFO ProcessInvokerWrapper]   Working directory: 'C:\Users\Carolina\proyectoGit\actions-runner\bin'
[2026-09-23 13:48:59Z INFO ProcessInvokerWrapper]   Require exit code zero: 'False'
[2026-09-23 13:48:59Z INFO ProcessInvokerWrapper]   Encoding web name:  ; code page: ''
[2026-09-23 13:48:59Z INFO ProcessInvokerWrapper]   Force kill process on cancellation: 'True'
[2026-09-23 13:48:59Z INFO ProcessInvokerWrapper]   Redirected STDIN: 'False'
[2026-09-23 13:48:59Z INFO ProcessInvokerWrapper]   Persist current code page: 'False'
[2026-09-23 13:48:59Z INFO ProcessInvokerWrapper]   Keep redirected STDIN open: 'False'
[2026-09-23 13:48:59Z INFO ProcessInvokerWrapper]   High priority process: 'True'
[2026-09-23 13:48:59Z INFO ProcessInvokerWrapper] Process started with process id 6792, waiting for process exit.
[2026-09-23 13:48:59Z INFO JobDispatcher] Send job request message to worker for job 02e70286-c6fc-5676-b876-bb6c9594f52d.
[2026-09-23 13:48:59Z INFO ProcessChannel] Sending message of length 22197, with hash '33e87db10caf2d4343aa97d56920be5dd24d7e90d3291707e5bc27e09c36ac1f'
[2026-09-23 13:48:59Z INFO JobNotification] Entering JobStarted Notification
[2026-09-23 13:48:59Z INFO JobNotification] Entering StartMonitor
[2026-09-23 13:49:03Z INFO ProcessInvokerWrapper] STDOUT/STDERR stream read finished.
[2026-09-23 13:49:03Z INFO ProcessInvokerWrapper] STDOUT/STDERR stream read finished.
[2026-09-23 13:49:03Z INFO ProcessInvokerWrapper] Finished process 6792 with exit code 102, and elapsed time 00:00:04.3040845.
[2026-09-23 13:49:03Z INFO JobDispatcher] Worker finished for job 02e70286-c6fc-5676-b876-bb6c9594f52d. Code: 102
[2026-09-23 13:49:03Z INFO JobDispatcher] finish job request for job 02e70286-c6fc-5676-b876-bb6c9594f52d with result: Failed
[2026-09-23 13:49:03Z INFO Terminal] WRITE LINE: 2026-09-23 13:49:03Z: Job probar completed with result: Failed
[2026-09-23 13:49:03Z INFO JobDispatcher] Stop renew job request for job 02e70286-c6fc-5676-b876-bb6c9594f52d.
[2026-09-23 13:49:03Z INFO JobDispatcher] job renew has been cancelled, stop renew job 02e70286-c6fc-5676-b876-bb6c9594f52d.
[2026-09-23 13:49:03Z INFO JobNotification] Entering JobCompleted Notification
[2026-09-23 13:49:03Z INFO JobNotification] Entering EndMonitor
[2026-09-23 13:49:03Z INFO BrokerMessageListener] Received job status event. JobState: Online
[2026-09-23 13:49:03Z WARN GitHubActionsService] GET request to https://broker.actions.githubusercontent.com/message?sessionId=653877dd-a1d7-48e5-a9b6-c071450f376e&status=Busy&runnerVersion=2.337.0&os=Windows&architecture=X64&disableUpdate=false has been cancelled.
[2026-09-23 13:49:03Z ERR  BrokerServer] Catch exception during request
[2026-09-23 13:49:03Z ERR  BrokerServer] System.Threading.Tasks.TaskCanceledException: The operation was canceled.
 ---> System.Threading.Tasks.TaskCanceledException: The operation was canceled.
 ---> System.IO.IOException: Unable to read data from the transport connection: La operación de E/S se anuló por una salida de subproceso o por una solicitud de aplicación..
 ---> System.Net.Sockets.SocketException (995): La operación de E/S se anuló por una salida de subproceso o por una solicitud de aplicación.
   --- End of inner exception stack trace ---
   at System.Net.Sockets.Socket.AwaitableSocketAsyncEventArgs.ThrowException(SocketError error, CancellationToken cancellationToken)
   at System.Net.Sockets.Socket.AwaitableSocketAsyncEventArgs.System.Threading.Tasks.Sources.IValueTaskSource<System.Int32>.GetResult(Int16 token)
   at System.Net.Security.SslStream.EnsureFullTlsFrameAsync[TIOAdapter](CancellationToken cancellationToken, Int32 estimatedSize)
   at System.Runtime.CompilerServices.PoolingAsyncValueTaskMethodBuilder`1.StateMachineBox`1.System.Threading.Tasks.Sources.IValueTaskSource<TResult>.GetResult(Int16 token)
   at System.Net.Security.SslStream.ReadAsyncInternal[TIOAdapter](Memory`1 buffer, CancellationToken cancellationToken)
   at System.Runtime.CompilerServices.PoolingAsyncValueTaskMethodBuilder`1.StateMachineBox`1.System.Threading.Tasks.Sources.IValueTaskSource<TResult>.GetResult(Int16 token)
   at System.Net.Http.HttpConnection.SendAsync(HttpRequestMessage request, Boolean async, CancellationToken cancellationToken)
   --- End of inner exception stack trace ---
   at System.Net.Http.HttpConnection.SendAsync(HttpRequestMessage request, Boolean async, CancellationToken cancellationToken)
   at System.Net.Http.AuthenticationHelper.SendWithNtAuthAsync(HttpRequestMessage request, Uri authUri, Boolean async, ICredentials credentials, Boolean isProxyAuth, HttpConnection connection, HttpConnectionPool connectionPool, CancellationToken cancellationToken)
   at System.Net.Http.HttpConnectionPool.SendWithVersionDetectionAndRetryAsync(HttpRequestMessage request, Boolean async, Boolean doRequestAuth, CancellationToken cancellationToken)
   at System.Net.Http.AuthenticationHelper.SendWithAuthAsync(HttpRequestMessage request, Uri authUri, Boolean async, ICredentials credentials, Boolean preAuthenticate, Boolean isProxyAuth, Boolean doRequestAuth, HttpConnectionPool pool, CancellationToken cancellationToken)
   at System.Net.Http.RedirectHandler.SendAsync(HttpRequestMessage request, Boolean async, CancellationToken cancellationToken)
   at GitHub.Services.Common.RawHttpMessageHandler.SendAsync(HttpRequestMessage request, CancellationToken cancellationToken)
   at GitHub.Services.Common.VssHttpRetryMessageHandler.SendAsync(HttpRequestMessage request, CancellationToken cancellationToken)
   at System.Net.Http.HttpClient.<SendAsync>g__Core|83_0(HttpRequestMessage request, HttpCompletionOption completionOption, CancellationTokenSource cts, Boolean disposeCts, CancellationTokenSource pendingRequestsCts, CancellationToken originalCancellationToken)
   --- End of inner exception stack trace ---
   at System.Net.Http.HttpClient.HandleFailure(Exception e, Boolean telemetryStarted, HttpResponseMessage response, CancellationTokenSource cts, CancellationToken cancellationToken, CancellationTokenSource pendingRequestsCts)
   at System.Net.Http.HttpClient.<SendAsync>g__Core|83_0(HttpRequestMessage request, HttpCompletionOption completionOption, CancellationTokenSource cts, Boolean disposeCts, CancellationTokenSource pendingRequestsCts, CancellationToken originalCancellationToken)
   at Sdk.WebApi.WebApi.RawHttpClientBase.SendAsync(HttpRequestMessage message, HttpCompletionOption completionOption, Object userState, CancellationToken cancellationToken)
   at Sdk.WebApi.WebApi.RawHttpClientBase.SendAsync[T](HttpRequestMessage message, Boolean readErrorBody, Object userState, CancellationToken cancellationToken)
   at Sdk.WebApi.WebApi.RawHttpClientBase.SendAsync[T](HttpMethod method, IEnumerable`1 additionalHeaders, Uri requestUri, HttpContent content, IEnumerable`1 queryParameters, Boolean readErrorBody, Object userState, CancellationToken cancellationToken)
   at GitHub.Actions.RunService.WebApi.BrokerHttpClient.GetRunnerMessageAsync(Nullable`1 sessionId, String runnerVersion, Nullable`1 status, String os, String architecture, Nullable`1 disableUpdate, CancellationToken cancellationToken)
   at GitHub.Runner.Common.BrokerServer.<>c__DisplayClass7_0.<<GetRunnerMessageAsync>b__0>d.MoveNext()
--- End of stack trace from previous location ---
   at GitHub.Runner.Common.RunnerService.RetryRequest[T](Func`1 func, CancellationToken cancellationToken, Int32 maxAttempts, Func`2 shouldRetry)
[2026-09-23 13:49:03Z ERR  BrokerServer] #####################################################
[2026-09-23 13:49:03Z ERR  BrokerServer] System.Threading.Tasks.TaskCanceledException: The operation was canceled.
 ---> System.IO.IOException: Unable to read data from the transport connection: La operación de E/S se anuló por una salida de subproceso o por una solicitud de aplicación..
 ---> System.Net.Sockets.SocketException (995): La operación de E/S se anuló por una salida de subproceso o por una solicitud de aplicación.
   --- End of inner exception stack trace ---
   at System.Net.Sockets.Socket.AwaitableSocketAsyncEventArgs.ThrowException(SocketError error, CancellationToken cancellationToken)
   at System.Net.Sockets.Socket.AwaitableSocketAsyncEventArgs.System.Threading.Tasks.Sources.IValueTaskSource<System.Int32>.GetResult(Int16 token)
   at System.Net.Security.SslStream.EnsureFullTlsFrameAsync[TIOAdapter](CancellationToken cancellationToken, Int32 estimatedSize)
   at System.Runtime.CompilerServices.PoolingAsyncValueTaskMethodBuilder`1.StateMachineBox`1.System.Threading.Tasks.Sources.IValueTaskSource<TResult>.GetResult(Int16 token)
   at System.Net.Security.SslStream.ReadAsyncInternal[TIOAdapter](Memory`1 buffer, CancellationToken cancellationToken)
   at System.Runtime.CompilerServices.PoolingAsyncValueTaskMethodBuilder`1.StateMachineBox`1.System.Threading.Tasks.Sources.IValueTaskSource<TResult>.GetResult(Int16 token)
   at System.Net.Http.HttpConnection.SendAsync(HttpRequestMessage request, Boolean async, CancellationToken cancellationToken)
   --- End of inner exception stack trace ---
   at System.Net.Http.HttpConnection.SendAsync(HttpRequestMessage request, Boolean async, CancellationToken cancellationToken)
   at System.Net.Http.AuthenticationHelper.SendWithNtAuthAsync(HttpRequestMessage request, Uri authUri, Boolean async, ICredentials credentials, Boolean isProxyAuth, HttpConnection connection, HttpConnectionPool connectionPool, CancellationToken cancellationToken)
   at System.Net.Http.HttpConnectionPool.SendWithVersionDetectionAndRetryAsync(HttpRequestMessage request, Boolean async, Boolean doRequestAuth, CancellationToken cancellationToken)
   at System.Net.Http.AuthenticationHelper.SendWithAuthAsync(HttpRequestMessage request, Uri authUri, Boolean async, ICredentials credentials, Boolean preAuthenticate, Boolean isProxyAuth, Boolean doRequestAuth, HttpConnectionPool pool, CancellationToken cancellationToken)
   at System.Net.Http.RedirectHandler.SendAsync(HttpRequestMessage request, Boolean async, CancellationToken cancellationToken)
   at GitHub.Services.Common.RawHttpMessageHandler.SendAsync(HttpRequestMessage request, CancellationToken cancellationToken)
   at GitHub.Services.Common.VssHttpRetryMessageHandler.SendAsync(HttpRequestMessage request, CancellationToken cancellationToken)
   at System.Net.Http.HttpClient.<SendAsync>g__Core|83_0(HttpRequestMessage request, HttpCompletionOption completionOption, CancellationTokenSource cts, Boolean disposeCts, CancellationTokenSource pendingRequestsCts, CancellationToken originalCancellationToken)
[2026-09-23 13:49:03Z ERR  BrokerServer] #####################################################
[2026-09-23 13:49:03Z ERR  BrokerServer] System.IO.IOException: Unable to read data from the transport connection: La operación de E/S se anuló por una salida de subproceso o por una solicitud de aplicación..
 ---> System.Net.Sockets.SocketException (995): La operación de E/S se anuló por una salida de subproceso o por una solicitud de aplicación.
   --- End of inner exception stack trace ---
   at System.Net.Sockets.Socket.AwaitableSocketAsyncEventArgs.ThrowException(SocketError error, CancellationToken cancellationToken)
   at System.Net.Sockets.Socket.AwaitableSocketAsyncEventArgs.System.Threading.Tasks.Sources.IValueTaskSource<System.Int32>.GetResult(Int16 token)
   at System.Net.Security.SslStream.EnsureFullTlsFrameAsync[TIOAdapter](CancellationToken cancellationToken, Int32 estimatedSize)
   at System.Runtime.CompilerServices.PoolingAsyncValueTaskMethodBuilder`1.StateMachineBox`1.System.Threading.Tasks.Sources.IValueTaskSource<TResult>.GetResult(Int16 token)
   at System.Net.Security.SslStream.ReadAsyncInternal[TIOAdapter](Memory`1 buffer, CancellationToken cancellationToken)
   at System.Runtime.CompilerServices.PoolingAsyncValueTaskMethodBuilder`1.StateMachineBox`1.System.Threading.Tasks.Sources.IValueTaskSource<TResult>.GetResult(Int16 token)
   at System.Net.Http.HttpConnection.SendAsync(HttpRequestMessage request, Boolean async, CancellationToken cancellationToken)
[2026-09-23 13:49:03Z ERR  BrokerServer] #####################################################
[2026-09-23 13:49:03Z ERR  BrokerServer] System.Net.Sockets.SocketException (995): La operación de E/S se anuló por una salida de subproceso o por una solicitud de aplicación.
[2026-09-23 13:49:03Z WARN BrokerServer] Back off 12,287 seconds before next retry. 4 attempt left.
[2026-09-23 13:49:03Z INFO BrokerMessageListener] Get messages has been cancelled using local token source. Continue to get messages with new status.
[2026-09-23 13:51:55Z INFO BrokerMessageListener] Acknowledging runner request '3ba6286f-e50c-5a7b-acac-bf6055c873b4'.
[2026-09-23 13:51:55Z INFO ConfigurationStore] HasCredentials()
[2026-09-23 13:51:55Z INFO ConfigurationStore] stored True
[2026-09-23 13:51:55Z INFO CredentialManager] GetCredentialProvider
[2026-09-23 13:51:55Z INFO CredentialManager] Creating type OAuth
[2026-09-23 13:51:55Z INFO CredentialManager] Creating credential type: OAuth
[2026-09-23 13:51:55Z INFO RSAEncryptedFileKeyManager] Loading RSA key parameters from file C:\Users\Carolina\proyectoGit\actions-runner\.credentials_rsaparams
[2026-09-23 13:51:55Z INFO RSAEncryptedFileKeyManager] Loading RSA key parameters from file C:\Users\Carolina\proyectoGit\actions-runner\.credentials_rsaparams
[2026-09-23 13:51:55Z INFO RSAEncryptedFileKeyManager] Loading RSA key parameters from file C:\Users\Carolina\proyectoGit\actions-runner\.credentials_rsaparams
[2026-09-23 13:51:56Z INFO GitHubActionsService] AAD Correlation ID for this token request: Unknown
[2026-09-23 13:51:57Z INFO JobDispatcher] Job request 0 for plan 75082341-10dc-4c19-bf55-1c6e5a99388e job 3ba6286f-e50c-5a7b-acac-bf6055c873b4 received.
[2026-09-23 13:51:57Z INFO JobDispatcher] Pull OrchestrationId 75082341-10dc-4c19-bf55-1c6e5a99388e.probar.__default from JWT claims
[2026-09-23 13:51:57Z INFO BrokerMessageListener] Received job status event. JobState: Busy
[2026-09-23 13:51:57Z INFO BrokerMessageListener] _getMessagesTokenSource is already disposed.
[2026-09-23 13:51:57Z INFO JobDispatcher] Job request 02e70286-c6fc-5676-b876-bb6c9594f52d processed succeed.
[2026-09-23 13:51:57Z INFO Terminal] WRITE LINE: 2026-09-23 13:51:57Z: Running job: probar
[2026-09-23 13:51:57Z INFO JobDispatcher] Start renew job request 0 for job 3ba6286f-e50c-5a7b-acac-bf6055c873b4.
[2026-09-23 13:51:57Z INFO JobDispatcher] Successfully renew job 3ba6286f-e50c-5a7b-acac-bf6055c873b4, job is valid till 23/09/2026 14:01:55
[2026-09-23 13:51:57Z INFO HostContext] Well known directory 'Bin': 'C:\Users\Carolina\proyectoGit\actions-runner\bin'
[2026-09-23 13:51:57Z INFO ProcessInvokerWrapper] Starting process:
[2026-09-23 13:51:57Z INFO ProcessInvokerWrapper]   File name: 'C:\Users\Carolina\proyectoGit\actions-runner\bin\Runner.Worker.exe'
[2026-09-23 13:51:57Z INFO ProcessInvokerWrapper]   Arguments: 'spawnclient 1600 1304'
[2026-09-23 13:51:57Z INFO ProcessInvokerWrapper]   Working directory: 'C:\Users\Carolina\proyectoGit\actions-runner\bin'
[2026-09-23 13:51:57Z INFO ProcessInvokerWrapper]   Require exit code zero: 'False'
[2026-09-23 13:51:57Z INFO ProcessInvokerWrapper]   Encoding web name:  ; code page: ''
[2026-09-23 13:51:57Z INFO ProcessInvokerWrapper]   Force kill process on cancellation: 'True'
[2026-09-23 13:51:57Z INFO ProcessInvokerWrapper]   Redirected STDIN: 'False'
[2026-09-23 13:51:57Z INFO ProcessInvokerWrapper]   Persist current code page: 'False'
[2026-09-23 13:51:57Z INFO ProcessInvokerWrapper]   Keep redirected STDIN open: 'False'
[2026-09-23 13:51:57Z INFO ProcessInvokerWrapper]   High priority process: 'True'
[2026-09-23 13:51:57Z INFO ProcessInvokerWrapper] Process started with process id 9732, waiting for process exit.
[2026-09-23 13:51:57Z INFO JobDispatcher] Send job request message to worker for job 3ba6286f-e50c-5a7b-acac-bf6055c873b4.
[2026-09-23 13:51:57Z INFO ProcessChannel] Sending message of length 22278, with hash '71be54524b3641c311becdd8dcb1d9e4b7fcdd48c1f7a91672b2ab1677218eda'
[2026-09-23 13:51:57Z INFO JobNotification] Entering JobStarted Notification
[2026-09-23 13:51:57Z INFO JobNotification] Entering StartMonitor
[2026-09-23 13:52:01Z INFO ProcessInvokerWrapper] STDOUT/STDERR stream read finished.
[2026-09-23 13:52:01Z INFO ProcessInvokerWrapper] STDOUT/STDERR stream read finished.
[2026-09-23 13:52:01Z INFO ProcessInvokerWrapper] Finished process 9732 with exit code 102, and elapsed time 00:00:04.2295479.
[2026-09-23 13:52:01Z INFO JobDispatcher] Worker finished for job 3ba6286f-e50c-5a7b-acac-bf6055c873b4. Code: 102
[2026-09-23 13:52:01Z INFO JobDispatcher] finish job request for job 3ba6286f-e50c-5a7b-acac-bf6055c873b4 with result: Failed
[2026-09-23 13:52:01Z INFO Terminal] WRITE LINE: 2026-09-23 13:52:01Z: Job probar completed with result: Failed
[2026-09-23 13:52:01Z INFO JobDispatcher] Stop renew job request for job 3ba6286f-e50c-5a7b-acac-bf6055c873b4.
[2026-09-23 13:52:01Z INFO JobDispatcher] job renew has been cancelled, stop renew job 3ba6286f-e50c-5a7b-acac-bf6055c873b4.
[2026-09-23 13:52:01Z INFO JobNotification] Entering JobCompleted Notification
[2026-09-23 13:52:01Z INFO JobNotification] Entering EndMonitor
[2026-09-23 13:52:01Z INFO BrokerMessageListener] Received job status event. JobState: Online
[2026-09-23 13:52:01Z WARN GitHubActionsService] GET request to https://broker.actions.githubusercontent.com/message?sessionId=653877dd-a1d7-48e5-a9b6-c071450f376e&status=Busy&runnerVersion=2.337.0&os=Windows&architecture=X64&disableUpdate=false has been cancelled.
[2026-09-23 13:52:01Z ERR  BrokerServer] Catch exception during request
[2026-09-23 13:52:01Z ERR  BrokerServer] System.Threading.Tasks.TaskCanceledException: The operation was canceled.
 ---> System.Threading.Tasks.TaskCanceledException: The operation was canceled.
 ---> System.IO.IOException: Unable to read data from the transport connection: La operación de E/S se anuló por una salida de subproceso o por una solicitud de aplicación..
 ---> System.Net.Sockets.SocketException (995): La operación de E/S se anuló por una salida de subproceso o por una solicitud de aplicación.
   --- End of inner exception stack trace ---
   at System.Net.Sockets.Socket.AwaitableSocketAsyncEventArgs.ThrowException(SocketError error, CancellationToken cancellationToken)
   at System.Net.Sockets.Socket.AwaitableSocketAsyncEventArgs.System.Threading.Tasks.Sources.IValueTaskSource<System.Int32>.GetResult(Int16 token)
   at System.Net.Security.SslStream.EnsureFullTlsFrameAsync[TIOAdapter](CancellationToken cancellationToken, Int32 estimatedSize)
   at System.Runtime.CompilerServices.PoolingAsyncValueTaskMethodBuilder`1.StateMachineBox`1.System.Threading.Tasks.Sources.IValueTaskSource<TResult>.GetResult(Int16 token)
   at System.Net.Security.SslStream.ReadAsyncInternal[TIOAdapter](Memory`1 buffer, CancellationToken cancellationToken)
   at System.Runtime.CompilerServices.PoolingAsyncValueTaskMethodBuilder`1.StateMachineBox`1.System.Threading.Tasks.Sources.IValueTaskSource<TResult>.GetResult(Int16 token)
   at System.Net.Http.HttpConnection.SendAsync(HttpRequestMessage request, Boolean async, CancellationToken cancellationToken)
   --- End of inner exception stack trace ---
   at System.Net.Http.HttpConnection.SendAsync(HttpRequestMessage request, Boolean async, CancellationToken cancellationToken)
   at System.Net.Http.AuthenticationHelper.SendWithNtAuthAsync(HttpRequestMessage request, Uri authUri, Boolean async, ICredentials credentials, Boolean isProxyAuth, HttpConnection connection, HttpConnectionPool connectionPool, CancellationToken cancellationToken)
   at System.Net.Http.HttpConnectionPool.SendWithVersionDetectionAndRetryAsync(HttpRequestMessage request, Boolean async, Boolean doRequestAuth, CancellationToken cancellationToken)
   at System.Net.Http.AuthenticationHelper.SendWithAuthAsync(HttpRequestMessage request, Uri authUri, Boolean async, ICredentials credentials, Boolean preAuthenticate, Boolean isProxyAuth, Boolean doRequestAuth, HttpConnectionPool pool, CancellationToken cancellationToken)
   at System.Net.Http.RedirectHandler.SendAsync(HttpRequestMessage request, Boolean async, CancellationToken cancellationToken)
   at GitHub.Services.Common.RawHttpMessageHandler.SendAsync(HttpRequestMessage request, CancellationToken cancellationToken)
   at GitHub.Services.Common.VssHttpRetryMessageHandler.SendAsync(HttpRequestMessage request, CancellationToken cancellationToken)
   at System.Net.Http.HttpClient.<SendAsync>g__Core|83_0(HttpRequestMessage request, HttpCompletionOption completionOption, CancellationTokenSource cts, Boolean disposeCts, CancellationTokenSource pendingRequestsCts, CancellationToken originalCancellationToken)
   --- End of inner exception stack trace ---
   at System.Net.Http.HttpClient.HandleFailure(Exception e, Boolean telemetryStarted, HttpResponseMessage response, CancellationTokenSource cts, CancellationToken cancellationToken, CancellationTokenSource pendingRequestsCts)
   at System.Net.Http.HttpClient.<SendAsync>g__Core|83_0(HttpRequestMessage request, HttpCompletionOption completionOption, CancellationTokenSource cts, Boolean disposeCts, CancellationTokenSource pendingRequestsCts, CancellationToken originalCancellationToken)
   at Sdk.WebApi.WebApi.RawHttpClientBase.SendAsync(HttpRequestMessage message, HttpCompletionOption completionOption, Object userState, CancellationToken cancellationToken)
   at Sdk.WebApi.WebApi.RawHttpClientBase.SendAsync[T](HttpRequestMessage message, Boolean readErrorBody, Object userState, CancellationToken cancellationToken)
   at Sdk.WebApi.WebApi.RawHttpClientBase.SendAsync[T](HttpMethod method, IEnumerable`1 additionalHeaders, Uri requestUri, HttpContent content, IEnumerable`1 queryParameters, Boolean readErrorBody, Object userState, CancellationToken cancellationToken)
   at GitHub.Actions.RunService.WebApi.BrokerHttpClient.GetRunnerMessageAsync(Nullable`1 sessionId, String runnerVersion, Nullable`1 status, String os, String architecture, Nullable`1 disableUpdate, CancellationToken cancellationToken)
   at GitHub.Runner.Common.BrokerServer.<>c__DisplayClass7_0.<<GetRunnerMessageAsync>b__0>d.MoveNext()
--- End of stack trace from previous location ---
   at GitHub.Runner.Common.RunnerService.RetryRequest[T](Func`1 func, CancellationToken cancellationToken, Int32 maxAttempts, Func`2 shouldRetry)
[2026-09-23 13:52:01Z ERR  BrokerServer] #####################################################
[2026-09-23 13:52:01Z ERR  BrokerServer] System.Threading.Tasks.TaskCanceledException: The operation was canceled.
 ---> System.IO.IOException: Unable to read data from the transport connection: La operación de E/S se anuló por una salida de subproceso o por una solicitud de aplicación..
 ---> System.Net.Sockets.SocketException (995): La operación de E/S se anuló por una salida de subproceso o por una solicitud de aplicación.
   --- End of inner exception stack trace ---
   at System.Net.Sockets.Socket.AwaitableSocketAsyncEventArgs.ThrowException(SocketError error, CancellationToken cancellationToken)
   at System.Net.Sockets.Socket.AwaitableSocketAsyncEventArgs.System.Threading.Tasks.Sources.IValueTaskSource<System.Int32>.GetResult(Int16 token)
   at System.Net.Security.SslStream.EnsureFullTlsFrameAsync[TIOAdapter](CancellationToken cancellationToken, Int32 estimatedSize)
   at System.Runtime.CompilerServices.PoolingAsyncValueTaskMethodBuilder`1.StateMachineBox`1.System.Threading.Tasks.Sources.IValueTaskSource<TResult>.GetResult(Int16 token)
   at System.Net.Security.SslStream.ReadAsyncInternal[TIOAdapter](Memory`1 buffer, CancellationToken cancellationToken)
   at System.Runtime.CompilerServices.PoolingAsyncValueTaskMethodBuilder`1.StateMachineBox`1.System.Threading.Tasks.Sources.IValueTaskSource<TResult>.GetResult(Int16 token)
   at System.Net.Http.HttpConnection.SendAsync(HttpRequestMessage request, Boolean async, CancellationToken cancellationToken)
   --- End of inner exception stack trace ---
   at System.Net.Http.HttpConnection.SendAsync(HttpRequestMessage request, Boolean async, CancellationToken cancellationToken)
   at System.Net.Http.AuthenticationHelper.SendWithNtAuthAsync(HttpRequestMessage request, Uri authUri, Boolean async, ICredentials credentials, Boolean isProxyAuth, HttpConnection connection, HttpConnectionPool connectionPool, CancellationToken cancellationToken)
   at System.Net.Http.HttpConnectionPool.SendWithVersionDetectionAndRetryAsync(HttpRequestMessage request, Boolean async, Boolean doRequestAuth, CancellationToken cancellationToken)
   at System.Net.Http.AuthenticationHelper.SendWithAuthAsync(HttpRequestMessage request, Uri authUri, Boolean async, ICredentials credentials, Boolean preAuthenticate, Boolean isProxyAuth, Boolean doRequestAuth, HttpConnectionPool pool, CancellationToken cancellationToken)
   at System.Net.Http.RedirectHandler.SendAsync(HttpRequestMessage request, Boolean async, CancellationToken cancellationToken)
   at GitHub.Services.Common.RawHttpMessageHandler.SendAsync(HttpRequestMessage request, CancellationToken cancellationToken)
   at GitHub.Services.Common.VssHttpRetryMessageHandler.SendAsync(HttpRequestMessage request, CancellationToken cancellationToken)
   at System.Net.Http.HttpClient.<SendAsync>g__Core|83_0(HttpRequestMessage request, HttpCompletionOption completionOption, CancellationTokenSource cts, Boolean disposeCts, CancellationTokenSource pendingRequestsCts, CancellationToken originalCancellationToken)
[2026-09-23 13:52:01Z ERR  BrokerServer] #####################################################
[2026-09-23 13:52:01Z ERR  BrokerServer] System.IO.IOException: Unable to read data from the transport connection: La operación de E/S se anuló por una salida de subproceso o por una solicitud de aplicación..
 ---> System.Net.Sockets.SocketException (995): La operación de E/S se anuló por una salida de subproceso o por una solicitud de aplicación.
   --- End of inner exception stack trace ---
   at System.Net.Sockets.Socket.AwaitableSocketAsyncEventArgs.ThrowException(SocketError error, CancellationToken cancellationToken)
   at System.Net.Sockets.Socket.AwaitableSocketAsyncEventArgs.System.Threading.Tasks.Sources.IValueTaskSource<System.Int32>.GetResult(Int16 token)
   at System.Net.Security.SslStream.EnsureFullTlsFrameAsync[TIOAdapter](CancellationToken cancellationToken, Int32 estimatedSize)
   at System.Runtime.CompilerServices.PoolingAsyncValueTaskMethodBuilder`1.StateMachineBox`1.System.Threading.Tasks.Sources.IValueTaskSource<TResult>.GetResult(Int16 token)
   at System.Net.Security.SslStream.ReadAsyncInternal[TIOAdapter](Memory`1 buffer, CancellationToken cancellationToken)
   at System.Runtime.CompilerServices.PoolingAsyncValueTaskMethodBuilder`1.StateMachineBox`1.System.Threading.Tasks.Sources.IValueTaskSource<TResult>.GetResult(Int16 token)
   at System.Net.Http.HttpConnection.SendAsync(HttpRequestMessage request, Boolean async, CancellationToken cancellationToken)
[2026-09-23 13:52:01Z ERR  BrokerServer] #####################################################
[2026-09-23 13:52:01Z ERR  BrokerServer] System.Net.Sockets.SocketException (995): La operación de E/S se anuló por una salida de subproceso o por una solicitud de aplicación.
[2026-09-23 13:52:01Z WARN BrokerServer] Back off 6,851 seconds before next retry. 4 attempt left.
[2026-09-23 13:52:01Z INFO BrokerMessageListener] Get messages has been cancelled using local token source. Continue to get messages with new status.
[2026-09-23 13:55:11Z INFO BrokerMessageListener] Acknowledging runner request 'b6fb753e-1ddd-5abf-b535-417de4923151'.
[2026-09-23 13:55:11Z INFO ConfigurationStore] HasCredentials()
[2026-09-23 13:55:11Z INFO ConfigurationStore] stored True
[2026-09-23 13:55:11Z INFO CredentialManager] GetCredentialProvider
[2026-09-23 13:55:11Z INFO CredentialManager] Creating type OAuth
[2026-09-23 13:55:11Z INFO CredentialManager] Creating credential type: OAuth
[2026-09-23 13:55:11Z INFO RSAEncryptedFileKeyManager] Loading RSA key parameters from file C:\Users\Carolina\proyectoGit\actions-runner\.credentials_rsaparams
[2026-09-23 13:55:11Z INFO RSAEncryptedFileKeyManager] Loading RSA key parameters from file C:\Users\Carolina\proyectoGit\actions-runner\.credentials_rsaparams
[2026-09-23 13:55:11Z INFO RSAEncryptedFileKeyManager] Loading RSA key parameters from file C:\Users\Carolina\proyectoGit\actions-runner\.credentials_rsaparams
[2026-09-23 13:55:12Z INFO GitHubActionsService] AAD Correlation ID for this token request: Unknown
[2026-09-23 13:55:13Z INFO JobDispatcher] Job request 0 for plan 7face312-ca19-446f-9bad-fbed29e069ef job b6fb753e-1ddd-5abf-b535-417de4923151 received.
[2026-09-23 13:55:13Z INFO JobDispatcher] Pull OrchestrationId 7face312-ca19-446f-9bad-fbed29e069ef.probar.__default from JWT claims
[2026-09-23 13:55:13Z INFO BrokerMessageListener] Received job status event. JobState: Busy
[2026-09-23 13:55:13Z INFO BrokerMessageListener] _getMessagesTokenSource is already disposed.
[2026-09-23 13:55:13Z INFO JobDispatcher] Job request 3ba6286f-e50c-5a7b-acac-bf6055c873b4 processed succeed.
[2026-09-23 13:55:13Z INFO Terminal] WRITE LINE: 2026-09-23 13:55:13Z: Running job: probar
[2026-09-23 13:55:13Z INFO JobDispatcher] Start renew job request 0 for job b6fb753e-1ddd-5abf-b535-417de4923151.
[2026-09-23 13:55:13Z INFO JobDispatcher] Successfully renew job b6fb753e-1ddd-5abf-b535-417de4923151, job is valid till 23/09/2026 14:05:11
[2026-09-23 13:55:13Z INFO HostContext] Well known directory 'Bin': 'C:\Users\Carolina\proyectoGit\actions-runner\bin'
[2026-09-23 13:55:13Z INFO ProcessInvokerWrapper] Starting process:
[2026-09-23 13:55:13Z INFO ProcessInvokerWrapper]   File name: 'C:\Users\Carolina\proyectoGit\actions-runner\bin\Runner.Worker.exe'
[2026-09-23 13:55:13Z INFO ProcessInvokerWrapper]   Arguments: 'spawnclient 1628 2324'
[2026-09-23 13:55:13Z INFO ProcessInvokerWrapper]   Working directory: 'C:\Users\Carolina\proyectoGit\actions-runner\bin'
[2026-09-23 13:55:13Z INFO ProcessInvokerWrapper]   Require exit code zero: 'False'
[2026-09-23 13:55:13Z INFO ProcessInvokerWrapper]   Encoding web name:  ; code page: ''
[2026-09-23 13:55:13Z INFO ProcessInvokerWrapper]   Force kill process on cancellation: 'True'
[2026-09-23 13:55:13Z INFO ProcessInvokerWrapper]   Redirected STDIN: 'False'
[2026-09-23 13:55:13Z INFO ProcessInvokerWrapper]   Persist current code page: 'False'
[2026-09-23 13:55:13Z INFO ProcessInvokerWrapper]   Keep redirected STDIN open: 'False'
[2026-09-23 13:55:13Z INFO ProcessInvokerWrapper]   High priority process: 'True'
[2026-09-23 13:55:13Z INFO ProcessInvokerWrapper] Process started with process id 2716, waiting for process exit.
[2026-09-23 13:55:13Z INFO JobDispatcher] Send job request message to worker for job b6fb753e-1ddd-5abf-b535-417de4923151.
[2026-09-23 13:55:13Z INFO ProcessChannel] Sending message of length 22281, with hash '95724e37038d498ccb80e2457f13f97ca383895f03d1033d28a3b58c93ee41c0'
[2026-09-23 13:55:13Z INFO JobNotification] Entering JobStarted Notification
[2026-09-23 13:55:13Z INFO JobNotification] Entering StartMonitor
[2026-09-23 13:55:18Z INFO ProcessInvokerWrapper] STDOUT/STDERR stream read finished.
[2026-09-23 13:55:18Z INFO ProcessInvokerWrapper] STDOUT/STDERR stream read finished.
[2026-09-23 13:55:18Z INFO ProcessInvokerWrapper] Finished process 2716 with exit code 100, and elapsed time 00:00:04.5479040.
[2026-09-23 13:55:18Z INFO JobDispatcher] Worker finished for job b6fb753e-1ddd-5abf-b535-417de4923151. Code: 100
[2026-09-23 13:55:18Z INFO JobDispatcher] finish job request for job b6fb753e-1ddd-5abf-b535-417de4923151 with result: Succeeded
[2026-09-23 13:55:18Z INFO Terminal] WRITE LINE: 2026-09-23 13:55:18Z: Job probar completed with result: Succeeded
[2026-09-23 13:55:18Z INFO JobDispatcher] Stop renew job request for job b6fb753e-1ddd-5abf-b535-417de4923151.
[2026-09-23 13:55:18Z INFO JobDispatcher] job renew has been cancelled, stop renew job b6fb753e-1ddd-5abf-b535-417de4923151.
[2026-09-23 13:55:18Z INFO JobNotification] Entering JobCompleted Notification
[2026-09-23 13:55:18Z INFO JobNotification] Entering EndMonitor
[2026-09-23 13:55:18Z INFO BrokerMessageListener] Received job status event. JobState: Online
[2026-09-23 13:55:18Z WARN GitHubActionsService] GET request to https://broker.actions.githubusercontent.com/message?sessionId=653877dd-a1d7-48e5-a9b6-c071450f376e&status=Busy&runnerVersion=2.337.0&os=Windows&architecture=X64&disableUpdate=false has been cancelled.
[2026-09-23 13:55:18Z ERR  BrokerServer] Catch exception during request
[2026-09-23 13:55:18Z ERR  BrokerServer] System.Threading.Tasks.TaskCanceledException: The operation was canceled.
 ---> System.Threading.Tasks.TaskCanceledException: The operation was canceled.
 ---> System.IO.IOException: Unable to read data from the transport connection: La operación de E/S se anuló por una salida de subproceso o por una solicitud de aplicación..
 ---> System.Net.Sockets.SocketException (995): La operación de E/S se anuló por una salida de subproceso o por una solicitud de aplicación.
   --- End of inner exception stack trace ---
   at System.Net.Sockets.Socket.AwaitableSocketAsyncEventArgs.System.Threading.Tasks.Sources.IValueTaskSource<System.Int32>.GetResult(Int16 token)
   at System.Net.Security.SslStream.EnsureFullTlsFrameAsync[TIOAdapter](CancellationToken cancellationToken, Int32 estimatedSize)
   at System.Runtime.CompilerServices.PoolingAsyncValueTaskMethodBuilder`1.StateMachineBox`1.System.Threading.Tasks.Sources.IValueTaskSource<TResult>.GetResult(Int16 token)
   at System.Net.Security.SslStream.ReadAsyncInternal[TIOAdapter](Memory`1 buffer, CancellationToken cancellationToken)
   at System.Runtime.CompilerServices.PoolingAsyncValueTaskMethodBuilder`1.StateMachineBox`1.System.Threading.Tasks.Sources.IValueTaskSource<TResult>.GetResult(Int16 token)
   at System.Net.Http.HttpConnection.SendAsync(HttpRequestMessage request, Boolean async, CancellationToken cancellationToken)
   --- End of inner exception stack trace ---
   at System.Net.Http.HttpConnection.SendAsync(HttpRequestMessage request, Boolean async, CancellationToken cancellationToken)
   at System.Net.Http.AuthenticationHelper.SendWithNtAuthAsync(HttpRequestMessage request, Uri authUri, Boolean async, ICredentials credentials, Boolean isProxyAuth, HttpConnection connection, HttpConnectionPool connectionPool, CancellationToken cancellationToken)
   at System.Net.Http.HttpConnectionPool.SendWithVersionDetectionAndRetryAsync(HttpRequestMessage request, Boolean async, Boolean doRequestAuth, CancellationToken cancellationToken)
   at System.Net.Http.AuthenticationHelper.SendWithAuthAsync(HttpRequestMessage request, Uri authUri, Boolean async, ICredentials credentials, Boolean preAuthenticate, Boolean isProxyAuth, Boolean doRequestAuth, HttpConnectionPool pool, CancellationToken cancellationToken)
   at System.Net.Http.RedirectHandler.SendAsync(HttpRequestMessage request, Boolean async, CancellationToken cancellationToken)
   at GitHub.Services.Common.RawHttpMessageHandler.SendAsync(HttpRequestMessage request, CancellationToken cancellationToken)
   at GitHub.Services.Common.VssHttpRetryMessageHandler.SendAsync(HttpRequestMessage request, CancellationToken cancellationToken)
   at System.Net.Http.HttpClient.<SendAsync>g__Core|83_0(HttpRequestMessage request, HttpCompletionOption completionOption, CancellationTokenSource cts, Boolean disposeCts, CancellationTokenSource pendingRequestsCts, CancellationToken originalCancellationToken)
   --- End of inner exception stack trace ---
   at System.Net.Http.HttpClient.HandleFailure(Exception e, Boolean telemetryStarted, HttpResponseMessage response, CancellationTokenSource cts, CancellationToken cancellationToken, CancellationTokenSource pendingRequestsCts)
   at System.Net.Http.HttpClient.<SendAsync>g__Core|83_0(HttpRequestMessage request, HttpCompletionOption completionOption, CancellationTokenSource cts, Boolean disposeCts, CancellationTokenSource pendingRequestsCts, CancellationToken originalCancellationToken)
   at Sdk.WebApi.WebApi.RawHttpClientBase.SendAsync(HttpRequestMessage message, HttpCompletionOption completionOption, Object userState, CancellationToken cancellationToken)
   at Sdk.WebApi.WebApi.RawHttpClientBase.SendAsync[T](HttpRequestMessage message, Boolean readErrorBody, Object userState, CancellationToken cancellationToken)
   at Sdk.WebApi.WebApi.RawHttpClientBase.SendAsync[T](HttpMethod method, IEnumerable`1 additionalHeaders, Uri requestUri, HttpContent content, IEnumerable`1 queryParameters, Boolean readErrorBody, Object userState, CancellationToken cancellationToken)
   at GitHub.Actions.RunService.WebApi.BrokerHttpClient.GetRunnerMessageAsync(Nullable`1 sessionId, String runnerVersion, Nullable`1 status, String os, String architecture, Nullable`1 disableUpdate, CancellationToken cancellationToken)
   at GitHub.Runner.Common.BrokerServer.<>c__DisplayClass7_0.<<GetRunnerMessageAsync>b__0>d.MoveNext()
--- End of stack trace from previous location ---
   at GitHub.Runner.Common.RunnerService.RetryRequest[T](Func`1 func, CancellationToken cancellationToken, Int32 maxAttempts, Func`2 shouldRetry)
[2026-09-23 13:55:18Z ERR  BrokerServer] #####################################################
[2026-09-23 13:55:18Z ERR  BrokerServer] System.Threading.Tasks.TaskCanceledException: The operation was canceled.
 ---> System.IO.IOException: Unable to read data from the transport connection: La operación de E/S se anuló por una salida de subproceso o por una solicitud de aplicación..
 ---> System.Net.Sockets.SocketException (995): La operación de E/S se anuló por una salida de subproceso o por una solicitud de aplicación.
   --- End of inner exception stack trace ---
   at System.Net.Sockets.Socket.AwaitableSocketAsyncEventArgs.System.Threading.Tasks.Sources.IValueTaskSource<System.Int32>.GetResult(Int16 token)
   at System.Net.Security.SslStream.EnsureFullTlsFrameAsync[TIOAdapter](CancellationToken cancellationToken, Int32 estimatedSize)
   at System.Runtime.CompilerServices.PoolingAsyncValueTaskMethodBuilder`1.StateMachineBox`1.System.Threading.Tasks.Sources.IValueTaskSource<TResult>.GetResult(Int16 token)
   at System.Net.Security.SslStream.ReadAsyncInternal[TIOAdapter](Memory`1 buffer, CancellationToken cancellationToken)
   at System.Runtime.CompilerServices.PoolingAsyncValueTaskMethodBuilder`1.StateMachineBox`1.System.Threading.Tasks.Sources.IValueTaskSource<TResult>.GetResult(Int16 token)
   at System.Net.Http.HttpConnection.SendAsync(HttpRequestMessage request, Boolean async, CancellationToken cancellationToken)
   --- End of inner exception stack trace ---
   at System.Net.Http.HttpConnection.SendAsync(HttpRequestMessage request, Boolean async, CancellationToken cancellationToken)
   at System.Net.Http.AuthenticationHelper.SendWithNtAuthAsync(HttpRequestMessage request, Uri authUri, Boolean async, ICredentials credentials, Boolean isProxyAuth, HttpConnection connection, HttpConnectionPool connectionPool, CancellationToken cancellationToken)
   at System.Net.Http.HttpConnectionPool.SendWithVersionDetectionAndRetryAsync(HttpRequestMessage request, Boolean async, Boolean doRequestAuth, CancellationToken cancellationToken)
   at System.Net.Http.AuthenticationHelper.SendWithAuthAsync(HttpRequestMessage request, Uri authUri, Boolean async, ICredentials credentials, Boolean preAuthenticate, Boolean isProxyAuth, Boolean doRequestAuth, HttpConnectionPool pool, CancellationToken cancellationToken)
   at System.Net.Http.RedirectHandler.SendAsync(HttpRequestMessage request, Boolean async, CancellationToken cancellationToken)
   at GitHub.Services.Common.RawHttpMessageHandler.SendAsync(HttpRequestMessage request, CancellationToken cancellationToken)
   at GitHub.Services.Common.VssHttpRetryMessageHandler.SendAsync(HttpRequestMessage request, CancellationToken cancellationToken)
   at System.Net.Http.HttpClient.<SendAsync>g__Core|83_0(HttpRequestMessage request, HttpCompletionOption completionOption, CancellationTokenSource cts, Boolean disposeCts, CancellationTokenSource pendingRequestsCts, CancellationToken originalCancellationToken)
[2026-09-23 13:55:18Z ERR  BrokerServer] #####################################################
[2026-09-23 13:55:18Z ERR  BrokerServer] System.IO.IOException: Unable to read data from the transport connection: La operación de E/S se anuló por una salida de subproceso o por una solicitud de aplicación..
 ---> System.Net.Sockets.SocketException (995): La operación de E/S se anuló por una salida de subproceso o por una solicitud de aplicación.
   --- End of inner exception stack trace ---
   at System.Net.Sockets.Socket.AwaitableSocketAsyncEventArgs.System.Threading.Tasks.Sources.IValueTaskSource<System.Int32>.GetResult(Int16 token)
   at System.Net.Security.SslStream.EnsureFullTlsFrameAsync[TIOAdapter](CancellationToken cancellationToken, Int32 estimatedSize)
   at System.Runtime.CompilerServices.PoolingAsyncValueTaskMethodBuilder`1.StateMachineBox`1.System.Threading.Tasks.Sources.IValueTaskSource<TResult>.GetResult(Int16 token)
   at System.Net.Security.SslStream.ReadAsyncInternal[TIOAdapter](Memory`1 buffer, CancellationToken cancellationToken)
   at System.Runtime.CompilerServices.PoolingAsyncValueTaskMethodBuilder`1.StateMachineBox`1.System.Threading.Tasks.Sources.IValueTaskSource<TResult>.GetResult(Int16 token)
   at System.Net.Http.HttpConnection.SendAsync(HttpRequestMessage request, Boolean async, CancellationToken cancellationToken)
[2026-09-23 13:55:18Z ERR  BrokerServer] #####################################################
[2026-09-23 13:55:18Z ERR  BrokerServer] System.Net.Sockets.SocketException (995): La operación de E/S se anuló por una salida de subproceso o por una solicitud de aplicación.
[2026-09-23 13:55:18Z WARN BrokerServer] Back off 7,004 seconds before next retry. 4 attempt left.
[2026-09-23 13:55:18Z INFO BrokerMessageListener] Get messages has been cancelled using local token source. Continue to get messages with new status.
[2026-09-23 14:39:26Z INFO RSAEncryptedFileKeyManager] Loading RSA key parameters from file C:\Users\Carolina\proyectoGit\actions-runner\.credentials_rsaparams
[2026-09-23 14:39:26Z INFO GitHubActionsService] AAD Correlation ID for this token request: Unknown
[2026-09-23 14:55:22Z INFO HostContext] Runner will be shutdown for UserCancelled
[2026-09-23 14:55:22Z WARN GitHubActionsService] GET request to https://broker.actions.githubusercontent.com/message?sessionId=653877dd-a1d7-48e5-a9b6-c071450f376e&status=Online&runnerVersion=2.337.0&os=Windows&architecture=X64&disableUpdate=false has been cancelled.
[2026-09-23 14:55:22Z ERR  BrokerServer] Catch exception during request
[2026-09-23 14:55:22Z ERR  BrokerServer] System.Threading.Tasks.TaskCanceledException: The operation was canceled.
 ---> System.Threading.Tasks.TaskCanceledException: The operation was canceled.
 ---> System.IO.IOException: Unable to read data from the transport connection: La operación de E/S se anuló por una salida de subproceso o por una solicitud de aplicación..
 ---> System.Net.Sockets.SocketException (995): La operación de E/S se anuló por una salida de subproceso o por una solicitud de aplicación.
   --- End of inner exception stack trace ---
   at System.Net.Sockets.Socket.AwaitableSocketAsyncEventArgs.System.Threading.Tasks.Sources.IValueTaskSource<System.Int32>.GetResult(Int16 token)
   at System.Net.Security.SslStream.EnsureFullTlsFrameAsync[TIOAdapter](CancellationToken cancellationToken, Int32 estimatedSize)
   at System.Runtime.CompilerServices.PoolingAsyncValueTaskMethodBuilder`1.StateMachineBox`1.System.Threading.Tasks.Sources.IValueTaskSource<TResult>.GetResult(Int16 token)
   at System.Net.Security.SslStream.ReadAsyncInternal[TIOAdapter](Memory`1 buffer, CancellationToken cancellationToken)
   at System.Runtime.CompilerServices.PoolingAsyncValueTaskMethodBuilder`1.StateMachineBox`1.System.Threading.Tasks.Sources.IValueTaskSource<TResult>.GetResult(Int16 token)
   at System.Net.Http.HttpConnection.SendAsync(HttpRequestMessage request, Boolean async, CancellationToken cancellationToken)
   --- End of inner exception stack trace ---
   at System.Net.Http.HttpConnection.SendAsync(HttpRequestMessage request, Boolean async, CancellationToken cancellationToken)
   at System.Net.Http.AuthenticationHelper.SendWithNtAuthAsync(HttpRequestMessage request, Uri authUri, Boolean async, ICredentials credentials, Boolean isProxyAuth, HttpConnection connection, HttpConnectionPool connectionPool, CancellationToken cancellationToken)
   at System.Net.Http.HttpConnectionPool.SendWithVersionDetectionAndRetryAsync(HttpRequestMessage request, Boolean async, Boolean doRequestAuth, CancellationToken cancellationToken)
   at System.Net.Http.AuthenticationHelper.SendWithAuthAsync(HttpRequestMessage request, Uri authUri, Boolean async, ICredentials credentials, Boolean preAuthenticate, Boolean isProxyAuth, Boolean doRequestAuth, HttpConnectionPool pool, CancellationToken cancellationToken)
   at System.Net.Http.RedirectHandler.SendAsync(HttpRequestMessage request, Boolean async, CancellationToken cancellationToken)
   at GitHub.Services.Common.RawHttpMessageHandler.SendAsync(HttpRequestMessage request, CancellationToken cancellationToken)
   at GitHub.Services.Common.VssHttpRetryMessageHandler.SendAsync(HttpRequestMessage request, CancellationToken cancellationToken)
   at System.Net.Http.HttpClient.<SendAsync>g__Core|83_0(HttpRequestMessage request, HttpCompletionOption completionOption, CancellationTokenSource cts, Boolean disposeCts, CancellationTokenSource pendingRequestsCts, CancellationToken originalCancellationToken)
   --- End of inner exception stack trace ---
   at System.Net.Http.HttpClient.HandleFailure(Exception e, Boolean telemetryStarted, HttpResponseMessage response, CancellationTokenSource cts, CancellationToken cancellationToken, CancellationTokenSource pendingRequestsCts)
   at System.Net.Http.HttpClient.<SendAsync>g__Core|83_0(HttpRequestMessage request, HttpCompletionOption completionOption, CancellationTokenSource cts, Boolean disposeCts, CancellationTokenSource pendingRequestsCts, CancellationToken originalCancellationToken)
   at Sdk.WebApi.WebApi.RawHttpClientBase.SendAsync(HttpRequestMessage message, HttpCompletionOption completionOption, Object userState, CancellationToken cancellationToken)
   at Sdk.WebApi.WebApi.RawHttpClientBase.SendAsync[T](HttpRequestMessage message, Boolean readErrorBody, Object userState, CancellationToken cancellationToken)
   at Sdk.WebApi.WebApi.RawHttpClientBase.SendAsync[T](HttpMethod method, IEnumerable`1 additionalHeaders, Uri requestUri, HttpContent content, IEnumerable`1 queryParameters, Boolean readErrorBody, Object userState, CancellationToken cancellationToken)
   at GitHub.Actions.RunService.WebApi.BrokerHttpClient.GetRunnerMessageAsync(Nullable`1 sessionId, String runnerVersion, Nullable`1 status, String os, String architecture, Nullable`1 disableUpdate, CancellationToken cancellationToken)
   at GitHub.Runner.Common.BrokerServer.<>c__DisplayClass7_0.<<GetRunnerMessageAsync>b__0>d.MoveNext()
--- End of stack trace from previous location ---
   at GitHub.Runner.Common.RunnerService.RetryRequest[T](Func`1 func, CancellationToken cancellationToken, Int32 maxAttempts, Func`2 shouldRetry)
[2026-09-23 14:55:22Z ERR  BrokerServer] #####################################################
[2026-09-23 14:55:22Z ERR  BrokerServer] System.Threading.Tasks.TaskCanceledException: The operation was canceled.
 ---> System.IO.IOException: Unable to read data from the transport connection: La operación de E/S se anuló por una salida de subproceso o por una solicitud de aplicación..
 ---> System.Net.Sockets.SocketException (995): La operación de E/S se anuló por una salida de subproceso o por una solicitud de aplicación.
   --- End of inner exception stack trace ---
   at System.Net.Sockets.Socket.AwaitableSocketAsyncEventArgs.System.Threading.Tasks.Sources.IValueTaskSource<System.Int32>.GetResult(Int16 token)
   at System.Net.Security.SslStream.EnsureFullTlsFrameAsync[TIOAdapter](CancellationToken cancellationToken, Int32 estimatedSize)
   at System.Runtime.CompilerServices.PoolingAsyncValueTaskMethodBuilder`1.StateMachineBox`1.System.Threading.Tasks.Sources.IValueTaskSource<TResult>.GetResult(Int16 token)
   at System.Net.Security.SslStream.ReadAsyncInternal[TIOAdapter](Memory`1 buffer, CancellationToken cancellationToken)
   at System.Runtime.CompilerServices.PoolingAsyncValueTaskMethodBuilder`1.StateMachineBox`1.System.Threading.Tasks.Sources.IValueTaskSource<TResult>.GetResult(Int16 token)
   at System.Net.Http.HttpConnection.SendAsync(HttpRequestMessage request, Boolean async, CancellationToken cancellationToken)
   --- End of inner exception stack trace ---
   at System.Net.Http.HttpConnection.SendAsync(HttpRequestMessage request, Boolean async, CancellationToken cancellationToken)
   at System.Net.Http.AuthenticationHelper.SendWithNtAuthAsync(HttpRequestMessage request, Uri authUri, Boolean async, ICredentials credentials, Boolean isProxyAuth, HttpConnection connection, HttpConnectionPool connectionPool, CancellationToken cancellationToken)
   at System.Net.Http.HttpConnectionPool.SendWithVersionDetectionAndRetryAsync(HttpRequestMessage request, Boolean async, Boolean doRequestAuth, CancellationToken cancellationToken)
   at System.Net.Http.AuthenticationHelper.SendWithAuthAsync(HttpRequestMessage request, Uri authUri, Boolean async, ICredentials credentials, Boolean preAuthenticate, Boolean isProxyAuth, Boolean doRequestAuth, HttpConnectionPool pool, CancellationToken cancellationToken)
   at System.Net.Http.RedirectHandler.SendAsync(HttpRequestMessage request, Boolean async, CancellationToken cancellationToken)
   at GitHub.Services.Common.RawHttpMessageHandler.SendAsync(HttpRequestMessage request, CancellationToken cancellationToken)
   at GitHub.Services.Common.VssHttpRetryMessageHandler.SendAsync(HttpRequestMessage request, CancellationToken cancellationToken)
   at System.Net.Http.HttpClient.<SendAsync>g__Core|83_0(HttpRequestMessage request, HttpCompletionOption completionOption, CancellationTokenSource cts, Boolean disposeCts, CancellationTokenSource pendingRequestsCts, CancellationToken originalCancellationToken)
[2026-09-23 14:55:22Z ERR  BrokerServer] #####################################################
[2026-09-23 14:55:22Z ERR  BrokerServer] System.IO.IOException: Unable to read data from the transport connection: La operación de E/S se anuló por una salida de subproceso o por una solicitud de aplicación..
 ---> System.Net.Sockets.SocketException (995): La operación de E/S se anuló por una salida de subproceso o por una solicitud de aplicación.
   --- End of inner exception stack trace ---
   at System.Net.Sockets.Socket.AwaitableSocketAsyncEventArgs.System.Threading.Tasks.Sources.IValueTaskSource<System.Int32>.GetResult(Int16 token)
   at System.Net.Security.SslStream.EnsureFullTlsFrameAsync[TIOAdapter](CancellationToken cancellationToken, Int32 estimatedSize)
   at System.Runtime.CompilerServices.PoolingAsyncValueTaskMethodBuilder`1.StateMachineBox`1.System.Threading.Tasks.Sources.IValueTaskSource<TResult>.GetResult(Int16 token)
   at System.Net.Security.SslStream.ReadAsyncInternal[TIOAdapter](Memory`1 buffer, CancellationToken cancellationToken)
   at System.Runtime.CompilerServices.PoolingAsyncValueTaskMethodBuilder`1.StateMachineBox`1.System.Threading.Tasks.Sources.IValueTaskSource<TResult>.GetResult(Int16 token)
   at System.Net.Http.HttpConnection.SendAsync(HttpRequestMessage request, Boolean async, CancellationToken cancellationToken)
[2026-09-23 14:55:22Z ERR  BrokerServer] #####################################################
[2026-09-23 14:55:22Z ERR  BrokerServer] System.Net.Sockets.SocketException (995): La operación de E/S se anuló por una salida de subproceso o por una solicitud de aplicación.
[2026-09-23 14:55:22Z WARN BrokerServer] Back off 7,155 seconds before next retry. 4 attempt left.
[2026-09-23 14:55:22Z INFO BrokerMessageListener] Get next message has been cancelled.
[2026-09-23 14:55:22Z INFO JobDispatcher] Shutting down JobDispatcher. Make sure all WorkerDispatcher has finished.
[2026-09-23 14:55:22Z INFO JobDispatcher] Ensure WorkerDispatcher for job b6fb753e-1ddd-5abf-b535-417de4923151 run to finish, cancel any running job.
[2026-09-23 14:55:22Z INFO JobDispatcher] Job request b6fb753e-1ddd-5abf-b535-417de4923151 processed succeed.
[2026-09-23 14:55:22Z INFO Runner] Deleting Runner Session...
[2026-09-23 14:55:22Z INFO Listener] Runner execution been cancelled.
