[2026-09-23 11:29:24Z INFO HostContext] No proxy settings were found based on environmental variables (http_proxy/https_proxy/HTTP_PROXY/HTTPS_PROXY)
[2026-09-23 11:29:24Z INFO HostContext] Well known directory 'Bin': 'C:\Users\Carolina\proyectoGit\actions-runner\bin'
[2026-09-23 11:29:24Z INFO HostContext] Well known directory 'Root': 'C:\Users\Carolina\proyectoGit\actions-runner'
[2026-09-23 11:29:24Z INFO HostContext] Well known config file 'Credentials': 'C:\Users\Carolina\proyectoGit\actions-runner\.credentials'
[2026-09-23 11:29:24Z INFO HostContext] Well known directory 'Bin': 'C:\Users\Carolina\proyectoGit\actions-runner\bin'
[2026-09-23 11:29:24Z INFO HostContext] Well known directory 'Root': 'C:\Users\Carolina\proyectoGit\actions-runner'
[2026-09-23 11:29:24Z INFO HostContext] Well known config file 'Runner': 'C:\Users\Carolina\proyectoGit\actions-runner\.runner'
[2026-09-23 11:29:24Z INFO Listener] Runner is built for Windows (X64) - win-x64.
[2026-09-23 11:29:24Z INFO Listener] RuntimeInformation: Microsoft Windows 10.0.26200.
[2026-09-23 11:29:24Z INFO Listener] Version: 2.337.0
[2026-09-23 11:29:24Z INFO Listener] Commit: 397b032cbf865e9c3ddfab89d533ec19325e1273
[2026-09-23 11:29:24Z INFO Listener] Culture: es-ES
[2026-09-23 11:29:24Z INFO Listener] UI Culture: es-ES
[2026-09-23 11:29:24Z INFO HostContext] Well known directory 'Bin': 'C:\Users\Carolina\proyectoGit\actions-runner\bin'
[2026-09-23 11:29:24Z INFO HostContext] Well known directory 'Root': 'C:\Users\Carolina\proyectoGit\actions-runner'
[2026-09-23 11:29:24Z INFO Listener] Validating directory permissions for: 'C:\Users\Carolina\proyectoGit\actions-runner'
[2026-09-23 11:29:24Z INFO CommandLineParser] Parse
[2026-09-23 11:29:24Z INFO CommandLineParser] Parsing 1 args
[2026-09-23 11:29:24Z INFO CommandLineParser] parsing argument
[2026-09-23 11:29:24Z INFO CommandLineParser] HasArgs: False
[2026-09-23 11:29:24Z INFO CommandLineParser] Adding Command: run
[2026-09-23 11:29:24Z INFO Listener] Arguments parsed
[2026-09-23 11:29:24Z INFO Runner] ExecuteCommand
[2026-09-23 11:29:24Z INFO ConfigurationStore] currentAssemblyLocation: C:\Users\Carolina\proyectoGit\actions-runner\bin\Runner.Listener.dll
[2026-09-23 11:29:24Z INFO HostContext] Well known directory 'Bin': 'C:\Users\Carolina\proyectoGit\actions-runner\bin'
[2026-09-23 11:29:24Z INFO ConfigurationStore] binPath: C:\Users\Carolina\proyectoGit\actions-runner\bin
[2026-09-23 11:29:24Z INFO HostContext] Well known directory 'Bin': 'C:\Users\Carolina\proyectoGit\actions-runner\bin'
[2026-09-23 11:29:24Z INFO HostContext] Well known directory 'Root': 'C:\Users\Carolina\proyectoGit\actions-runner'
[2026-09-23 11:29:24Z INFO ConfigurationStore] RootFolder: C:\Users\Carolina\proyectoGit\actions-runner
[2026-09-23 11:29:24Z INFO HostContext] Well known directory 'Bin': 'C:\Users\Carolina\proyectoGit\actions-runner\bin'
[2026-09-23 11:29:24Z INFO HostContext] Well known directory 'Root': 'C:\Users\Carolina\proyectoGit\actions-runner'
[2026-09-23 11:29:24Z INFO HostContext] Well known config file 'Runner': 'C:\Users\Carolina\proyectoGit\actions-runner\.runner'
[2026-09-23 11:29:24Z INFO ConfigurationStore] ConfigFilePath: C:\Users\Carolina\proyectoGit\actions-runner\.runner
[2026-09-23 11:29:24Z INFO HostContext] Well known directory 'Bin': 'C:\Users\Carolina\proyectoGit\actions-runner\bin'
[2026-09-23 11:29:24Z INFO HostContext] Well known directory 'Root': 'C:\Users\Carolina\proyectoGit\actions-runner'
[2026-09-23 11:29:24Z INFO HostContext] Well known config file 'MigratedRunner': 'C:\Users\Carolina\proyectoGit\actions-runner\.runner_migrated'
[2026-09-23 11:29:24Z INFO ConfigurationStore] MigratedConfigFilePath: C:\Users\Carolina\proyectoGit\actions-runner\.runner_migrated
[2026-09-23 11:29:24Z INFO HostContext] Well known directory 'Bin': 'C:\Users\Carolina\proyectoGit\actions-runner\bin'
[2026-09-23 11:29:24Z INFO HostContext] Well known directory 'Root': 'C:\Users\Carolina\proyectoGit\actions-runner'
[2026-09-23 11:29:24Z INFO HostContext] Well known config file 'Credentials': 'C:\Users\Carolina\proyectoGit\actions-runner\.credentials'
[2026-09-23 11:29:24Z INFO ConfigurationStore] CredFilePath: C:\Users\Carolina\proyectoGit\actions-runner\.credentials
[2026-09-23 11:29:24Z INFO HostContext] Well known directory 'Bin': 'C:\Users\Carolina\proyectoGit\actions-runner\bin'
[2026-09-23 11:29:24Z INFO HostContext] Well known directory 'Root': 'C:\Users\Carolina\proyectoGit\actions-runner'
[2026-09-23 11:29:24Z INFO HostContext] Well known config file 'MigratedCredentials': 'C:\Users\Carolina\proyectoGit\actions-runner\.credentials_migrated'
[2026-09-23 11:29:24Z INFO ConfigurationStore] MigratedCredFilePath: C:\Users\Carolina\proyectoGit\actions-runner\.credentials_migrated
[2026-09-23 11:29:24Z INFO HostContext] Well known directory 'Bin': 'C:\Users\Carolina\proyectoGit\actions-runner\bin'
[2026-09-23 11:29:24Z INFO HostContext] Well known directory 'Root': 'C:\Users\Carolina\proyectoGit\actions-runner'
[2026-09-23 11:29:24Z INFO HostContext] Well known config file 'Service': 'C:\Users\Carolina\proyectoGit\actions-runner\.service'
[2026-09-23 11:29:24Z INFO ConfigurationStore] ServiceConfigFilePath: C:\Users\Carolina\proyectoGit\actions-runner\.service
[2026-09-23 11:29:24Z INFO CommandSettings] Flag 'help': 'False'
[2026-09-23 11:29:24Z INFO CommandSettings] Flag 'version': 'False'
[2026-09-23 11:29:24Z INFO CommandSettings] Flag 'commit': 'False'
[2026-09-23 11:29:24Z INFO CommandSettings] Flag 'check': 'False'
[2026-09-23 11:29:24Z INFO CommandSettings] Command 'configure': 'False'
[2026-09-23 11:29:24Z INFO CommandSettings] Command 'remove': 'False'
[2026-09-23 11:29:24Z INFO CommandSettings] Command 'warmup': 'False'
[2026-09-23 11:29:24Z INFO ConfigurationManager] LoadSettings
[2026-09-23 11:29:24Z INFO ConfigurationStore] IsConfigured()
[2026-09-23 11:29:24Z INFO ConfigurationStore] IsConfigured: True
[2026-09-23 11:29:24Z INFO ConfigurationManager] Is configured: True
[2026-09-23 11:29:24Z INFO ConfigurationStore] Read setting file: 395 chars
[2026-09-23 11:29:24Z INFO ConfigurationManager] Settings Loaded
[2026-09-23 11:29:24Z INFO ConfigurationStore] IsServiceConfigured()
[2026-09-23 11:29:24Z INFO ConfigurationStore] IsServiceConfigured: False
[2026-09-23 11:29:24Z INFO CommandSettings] Command 'run': 'True'
[2026-09-23 11:29:24Z INFO ConfigurationStore] IsConfigured()
[2026-09-23 11:29:24Z INFO ConfigurationStore] IsConfigured: True
[2026-09-23 11:29:24Z INFO ConfigurationManager] Is configured: True
[2026-09-23 11:29:24Z INFO Runner] Could not parse the argument value '' for StartupType. Defaulting to Manual
[2026-09-23 11:29:24Z INFO Runner] Set runner startup type - Manual
[2026-09-23 11:29:24Z INFO CommandSettings] Flag 'once': 'False'
[2026-09-23 11:29:24Z INFO CommandSettings] Flag 'once': 'False'
[2026-09-23 11:29:24Z INFO Runner] RunAsync
[2026-09-23 11:29:24Z INFO HostContext] Well known directory 'Bin': 'C:\Users\Carolina\proyectoGit\actions-runner\bin'
[2026-09-23 11:29:24Z INFO HostContext] Well known directory 'Root': 'C:\Users\Carolina\proyectoGit\actions-runner'
[2026-09-23 11:29:24Z INFO HostContext] Well known directory 'Work': 'C:\Users\Carolina\proyectoGit\actions-runner\_work'
[2026-09-23 11:29:24Z INFO Runner] Validating directory permissions for: 'C:\Users\Carolina\proyectoGit\actions-runner\_work'
[2026-09-23 11:29:24Z INFO ConfigurationManager] LoadMigratedSettings
[2026-09-23 11:29:24Z INFO ConfigurationStore] IsMigratedConfigured()
[2026-09-23 11:29:24Z INFO ConfigurationStore] IsMigratedConfigured: False
[2026-09-23 11:29:24Z INFO Runner] Failed to load migrated settings: No migrated configuration found.
[2026-09-23 11:29:24Z INFO Runner] Falling back to original .runner settings
[2026-09-23 11:29:24Z INFO Runner] Using BrokerMessageListener
[2026-09-23 11:29:24Z INFO BrokerMessageListener] Using provided settings
[2026-09-23 11:29:24Z INFO BrokerMessageListener] {
  "AgentId": 2,
  "AgentName": "DANI-PC",
  "PoolId": 1,
  "PoolName": "Default",
  "ServerUrl": "https://pipelinesghubeus25.actions.githubusercontent.com/HR5FoEIUBrz4lANaWG1H2K3WQNR7ktXHs1PiIlPVtcFeFGQiFj/",
  "GitHubUrl": "https://github.com/DanielRH1338/ProyectoGit",
  "WorkFolder": "_work",
  "UseV2Flow": true,
  "ServerUrlV2": "https://broker.actions.githubusercontent.com/"
}
[2026-09-23 11:29:24Z INFO BrokerMessageListener] Loading Credentials
[2026-09-23 11:29:24Z INFO ConfigurationStore] HasCredentials()
[2026-09-23 11:29:24Z INFO ConfigurationStore] stored True
[2026-09-23 11:29:24Z INFO CredentialManager] GetCredentialProvider
[2026-09-23 11:29:24Z INFO CredentialManager] Creating type OAuth
[2026-09-23 11:29:24Z INFO CredentialManager] Creating credential type: OAuth
[2026-09-23 11:29:24Z INFO HostContext] Well known directory 'Bin': 'C:\Users\Carolina\proyectoGit\actions-runner\bin'
[2026-09-23 11:29:24Z INFO HostContext] Well known directory 'Root': 'C:\Users\Carolina\proyectoGit\actions-runner'
[2026-09-23 11:29:24Z INFO HostContext] Well known config file 'RSACredentials': 'C:\Users\Carolina\proyectoGit\actions-runner\.credentials_rsaparams'
[2026-09-23 11:29:24Z INFO RSAEncryptedFileKeyManager] Loading RSA key parameters from file C:\Users\Carolina\proyectoGit\actions-runner\.credentials_rsaparams
[2026-09-23 11:29:25Z INFO BrokerMessageListener] Attempt to create session.
[2026-09-23 11:29:25Z INFO BrokerMessageListener] Connecting to the Broker Server...
[2026-09-23 11:29:25Z INFO ConfigurationStore] HasCredentials()
[2026-09-23 11:29:25Z INFO ConfigurationStore] stored True
[2026-09-23 11:29:25Z INFO CredentialManager] GetCredentialProvider
[2026-09-23 11:29:25Z INFO CredentialManager] Creating type OAuth
[2026-09-23 11:29:25Z INFO CredentialManager] Creating credential type: OAuth
[2026-09-23 11:29:25Z INFO RSAEncryptedFileKeyManager] Loading RSA key parameters from file C:\Users\Carolina\proyectoGit\actions-runner\.credentials_rsaparams
[2026-09-23 11:29:25Z INFO BrokerMessageListener] VssConnection created
[2026-09-23 11:29:25Z INFO BrokerMessageListener] Connecting to the Runner server...
[2026-09-23 11:29:25Z INFO RunnerServer] EstablishVssConnection
[2026-09-23 11:29:25Z INFO RunnerServer] Establish connection with 100 seconds timeout.
[2026-09-23 11:29:25Z INFO GitHubActionsService] Starting operation Location.GetConnectionData
[2026-09-23 11:29:25Z INFO RunnerServer] EstablishVssConnection
[2026-09-23 11:29:25Z INFO RunnerServer] Establish connection with 60 seconds timeout.
[2026-09-23 11:29:25Z INFO GitHubActionsService] Starting operation Location.GetConnectionData
[2026-09-23 11:29:25Z INFO RunnerServer] EstablishVssConnection
[2026-09-23 11:29:25Z INFO RunnerServer] Establish connection with 60 seconds timeout.
[2026-09-23 11:29:25Z INFO GitHubActionsService] Starting operation Location.GetConnectionData
[2026-09-23 11:29:25Z INFO GitHubActionsService] Finished operation Location.GetConnectionData
[2026-09-23 11:29:25Z INFO GitHubActionsService] Finished operation Location.GetConnectionData
[2026-09-23 11:29:25Z INFO GitHubActionsService] Finished operation Location.GetConnectionData
[2026-09-23 11:29:25Z INFO BrokerMessageListener] VssConnection created
[2026-09-23 11:29:25Z INFO Terminal] WRITE LINE: 
[2026-09-23 11:29:25Z INFO Terminal] WRITE LINE: 
[2026-09-23 11:29:25Z INFO RSAEncryptedFileKeyManager] Loading RSA key parameters from file C:\Users\Carolina\proyectoGit\actions-runner\.credentials_rsaparams
[2026-09-23 11:29:25Z INFO RSAEncryptedFileKeyManager] Loading RSA key parameters from file C:\Users\Carolina\proyectoGit\actions-runner\.credentials_rsaparams
[2026-09-23 11:29:26Z INFO GitHubActionsService] AAD Correlation ID for this token request: Unknown
[2026-09-23 11:29:26Z INFO BrokerMessageListener] Session created.
[2026-09-23 11:29:26Z INFO Terminal] WRITE LINE: Current runner version: '2.337.0'
[2026-09-23 11:29:26Z INFO Terminal] WRITE LINE: 2026-09-23 11:29:26Z: Listening for Jobs
[2026-09-23 11:29:26Z INFO JobDispatcher] Set runner/worker IPC timeout to 30 seconds.
[2026-09-23 11:43:28Z INFO Runner] Received RunnerRefreshConfigMessage for 'runner' config file
[2026-09-23 11:43:28Z INFO RunnerConfigUpdater] Verifying runner qualified id: U_kgDOE7FNbQ/R_kgDOUf8-6w/self-hosted/2
[2026-09-23 11:43:28Z INFO HostContext] Well known directory 'Bin': 'C:\Users\Carolina\proyectoGit\actions-runner\bin'
[2026-09-23 11:43:28Z INFO HostContext] Well known directory 'Root': 'C:\Users\Carolina\proyectoGit\actions-runner'
[2026-09-23 11:43:28Z INFO HostContext] Well known config file 'Runner': 'C:\Users\Carolina\proyectoGit\actions-runner\.runner'
[2026-09-23 11:43:28Z INFO RSAEncryptedFileKeyManager] Loading RSA key parameters from file C:\Users\Carolina\proyectoGit\actions-runner\.credentials_rsaparams
[2026-09-23 11:43:28Z INFO RSAEncryptedFileKeyManager] Loading RSA key parameters from file C:\Users\Carolina\proyectoGit\actions-runner\.credentials_rsaparams
[2026-09-23 11:43:28Z INFO GitHubActionsService] AAD Correlation ID for this token request: Unknown
[2026-09-23 11:43:29Z INFO ConfigurationStore] Saving runner migrated settings
[2026-09-23 11:43:29Z INFO ConfigurationStore] Migrated Settings Saved.
[2026-09-23 11:43:29Z INFO Runner] Runner configuration was updated. Session restart has been scheduled
[2026-09-23 11:43:29Z INFO Runner] Pending session restart detected and job dispatcher is not busy. Restarting session now.
[2026-09-23 11:43:29Z INFO JobDispatcher] Shutting down JobDispatcher. Make sure all WorkerDispatcher has finished.
[2026-09-23 11:43:29Z INFO Runner] Deleting Runner Session...
[2026-09-23 11:43:29Z INFO Runner] Restarting runner session after config update...
[2026-09-23 11:43:29Z INFO Runner] Runner configuration was refreshed, restarting session...
[2026-09-23 11:43:29Z INFO ConfigurationManager] LoadSettings
[2026-09-23 11:43:29Z INFO ConfigurationStore] IsConfigured()
[2026-09-23 11:43:29Z INFO ConfigurationStore] IsConfigured: True
[2026-09-23 11:43:29Z INFO ConfigurationManager] Is configured: True
[2026-09-23 11:43:29Z INFO ConfigurationManager] Settings Loaded
[2026-09-23 11:43:29Z INFO Runner] RunAsync
[2026-09-23 11:43:29Z INFO HostContext] Well known directory 'Bin': 'C:\Users\Carolina\proyectoGit\actions-runner\bin'
[2026-09-23 11:43:29Z INFO HostContext] Well known directory 'Root': 'C:\Users\Carolina\proyectoGit\actions-runner'
[2026-09-23 11:43:29Z INFO HostContext] Well known directory 'Work': 'C:\Users\Carolina\proyectoGit\actions-runner\_work'
[2026-09-23 11:43:29Z INFO Runner] Validating directory permissions for: 'C:\Users\Carolina\proyectoGit\actions-runner\_work'
[2026-09-23 11:43:29Z INFO ConfigurationManager] LoadMigratedSettings
[2026-09-23 11:43:29Z INFO ConfigurationStore] IsMigratedConfigured()
[2026-09-23 11:43:29Z INFO ConfigurationStore] IsMigratedConfigured: True
[2026-09-23 11:43:29Z INFO ConfigurationStore] Read migrated setting file: 395 chars
[2026-09-23 11:43:29Z INFO ConfigurationManager] Migrated Settings Loaded
[2026-09-23 11:43:29Z INFO Runner] Loaded migrated settings from .runner_migrated file
[2026-09-23 11:43:29Z INFO Runner] {
  "AgentId": 2,
  "AgentName": "DANI-PC",
  "PoolId": 1,
  "PoolName": "Default",
  "ServerUrl": "https://pipelinesghubeus25.actions.githubusercontent.com/HR5FoEIUBrz4lANaWG1H2K3WQNR7ktXHs1PiIlPVtcFeFGQiFj/",
  "GitHubUrl": "https://github.com/DanielRH1338/ProyectoGit",
  "WorkFolder": "_work",
  "UseV2Flow": true,
  "ServerUrlV2": "https://broker.actions.githubusercontent.com/"
}
[2026-09-23 11:43:29Z INFO Runner] Attempting to create session using migrated settings
[2026-09-23 11:43:29Z INFO Runner] Using BrokerMessageListener
[2026-09-23 11:43:29Z INFO BrokerMessageListener] Using provided settings
[2026-09-23 11:43:29Z INFO BrokerMessageListener] Using migrated settings from .runner_migrated
[2026-09-23 11:43:29Z INFO BrokerMessageListener] {
  "AgentId": 2,
  "AgentName": "DANI-PC",
  "PoolId": 1,
  "PoolName": "Default",
  "ServerUrl": "https://pipelinesghubeus25.actions.githubusercontent.com/HR5FoEIUBrz4lANaWG1H2K3WQNR7ktXHs1PiIlPVtcFeFGQiFj/",
  "GitHubUrl": "https://github.com/DanielRH1338/ProyectoGit",
  "WorkFolder": "_work",
  "UseV2Flow": true,
  "ServerUrlV2": "https://broker.actions.githubusercontent.com/"
}
[2026-09-23 11:43:29Z INFO BrokerMessageListener] Loading Credentials
[2026-09-23 11:43:29Z INFO ConfigurationStore] HasCredentials()
[2026-09-23 11:43:29Z INFO ConfigurationStore] stored True
[2026-09-23 11:43:29Z INFO CredentialManager] GetCredentialProvider
[2026-09-23 11:43:29Z INFO CredentialManager] Creating type OAuth
[2026-09-23 11:43:29Z INFO CredentialManager] Creating credential type: OAuth
[2026-09-23 11:43:29Z INFO RSAEncryptedFileKeyManager] Loading RSA key parameters from file C:\Users\Carolina\proyectoGit\actions-runner\.credentials_rsaparams
[2026-09-23 11:43:29Z INFO BrokerMessageListener] Attempt to create session.
[2026-09-23 11:43:29Z INFO BrokerMessageListener] Connecting to the Broker Server...
[2026-09-23 11:43:29Z INFO ConfigurationStore] HasCredentials()
[2026-09-23 11:43:29Z INFO ConfigurationStore] stored True
[2026-09-23 11:43:29Z INFO CredentialManager] GetCredentialProvider
[2026-09-23 11:43:29Z INFO CredentialManager] Creating type OAuth
[2026-09-23 11:43:29Z INFO CredentialManager] Creating credential type: OAuth
[2026-09-23 11:43:29Z INFO RSAEncryptedFileKeyManager] Loading RSA key parameters from file C:\Users\Carolina\proyectoGit\actions-runner\.credentials_rsaparams
[2026-09-23 11:43:29Z INFO BrokerMessageListener] VssConnection created
[2026-09-23 11:43:29Z INFO BrokerMessageListener] Connecting to the Runner server...
[2026-09-23 11:43:29Z INFO RunnerServer] EstablishVssConnection
[2026-09-23 11:43:29Z INFO RunnerServer] Establish connection with 100 seconds timeout.
[2026-09-23 11:43:29Z INFO GitHubActionsService] Starting operation Location.GetConnectionData
[2026-09-23 11:43:29Z INFO RunnerServer] EstablishVssConnection
[2026-09-23 11:43:29Z INFO RunnerServer] Establish connection with 60 seconds timeout.
[2026-09-23 11:43:29Z INFO GitHubActionsService] Starting operation Location.GetConnectionData
[2026-09-23 11:43:29Z INFO RunnerServer] EstablishVssConnection
[2026-09-23 11:43:29Z INFO RunnerServer] Establish connection with 60 seconds timeout.
[2026-09-23 11:43:29Z INFO GitHubActionsService] Starting operation Location.GetConnectionData
[2026-09-23 11:43:29Z INFO GitHubActionsService] Finished operation Location.GetConnectionData
[2026-09-23 11:43:29Z INFO GitHubActionsService] Finished operation Location.GetConnectionData
[2026-09-23 11:43:29Z INFO GitHubActionsService] Finished operation Location.GetConnectionData
[2026-09-23 11:43:29Z INFO BrokerMessageListener] VssConnection created
[2026-09-23 11:43:29Z INFO Terminal] WRITE LINE: 
[2026-09-23 11:43:29Z INFO Terminal] WRITE LINE: 
[2026-09-23 11:43:29Z INFO RSAEncryptedFileKeyManager] Loading RSA key parameters from file C:\Users\Carolina\proyectoGit\actions-runner\.credentials_rsaparams
[2026-09-23 11:43:29Z INFO RSAEncryptedFileKeyManager] Loading RSA key parameters from file C:\Users\Carolina\proyectoGit\actions-runner\.credentials_rsaparams
[2026-09-23 11:43:29Z INFO GitHubActionsService] AAD Correlation ID for this token request: Unknown
[2026-09-23 11:43:30Z INFO BrokerMessageListener] Session created.
[2026-09-23 11:43:30Z INFO Runner] Successfully created session with migrated settings
[2026-09-23 11:43:30Z INFO Terminal] WRITE LINE: Current runner version: '2.337.0'
[2026-09-23 11:43:30Z INFO Terminal] WRITE LINE: 2026-09-23 11:43:30Z: Listening for Jobs
[2026-09-23 11:43:30Z INFO JobDispatcher] Set runner/worker IPC timeout to 30 seconds.
[2026-09-23 12:33:40Z INFO RSAEncryptedFileKeyManager] Loading RSA key parameters from file C:\Users\Carolina\proyectoGit\actions-runner\.credentials_rsaparams
[2026-09-23 12:33:40Z INFO GitHubActionsService] AAD Correlation ID for this token request: Unknown
[2026-09-23 13:23:10Z INFO BrokerMessageListener] Acknowledging runner request '4f8c03f2-83e3-5fc1-9102-55baf72690f5'.
[2026-09-23 13:23:10Z INFO ConfigurationStore] HasCredentials()
[2026-09-23 13:23:10Z INFO ConfigurationStore] stored True
[2026-09-23 13:23:10Z INFO CredentialManager] GetCredentialProvider
[2026-09-23 13:23:10Z INFO CredentialManager] Creating type OAuth
[2026-09-23 13:23:10Z INFO CredentialManager] Creating credential type: OAuth
[2026-09-23 13:23:10Z INFO RSAEncryptedFileKeyManager] Loading RSA key parameters from file C:\Users\Carolina\proyectoGit\actions-runner\.credentials_rsaparams
[2026-09-23 13:23:10Z INFO RSAEncryptedFileKeyManager] Loading RSA key parameters from file C:\Users\Carolina\proyectoGit\actions-runner\.credentials_rsaparams
[2026-09-23 13:23:10Z INFO RSAEncryptedFileKeyManager] Loading RSA key parameters from file C:\Users\Carolina\proyectoGit\actions-runner\.credentials_rsaparams
[2026-09-23 13:23:10Z INFO GitHubActionsService] AAD Correlation ID for this token request: Unknown
[2026-09-23 13:23:11Z INFO JobDispatcher] Job request 0 for plan 0c0717d7-842c-416f-b5b4-4452ce0910ce job 4f8c03f2-83e3-5fc1-9102-55baf72690f5 received.
[2026-09-23 13:23:11Z INFO JobDispatcher] Pull OrchestrationId 0c0717d7-842c-416f-b5b4-4452ce0910ce.probar.__default from JWT claims
[2026-09-23 13:23:11Z INFO BrokerMessageListener] Received job status event. JobState: Busy
[2026-09-23 13:23:11Z INFO BrokerMessageListener] _getMessagesTokenSource is already disposed.
[2026-09-23 13:23:11Z INFO Terminal] WRITE LINE: 2026-09-23 13:23:11Z: Running job: probar
[2026-09-23 13:23:11Z INFO JobDispatcher] Start renew job request 0 for job 4f8c03f2-83e3-5fc1-9102-55baf72690f5.
[2026-09-23 13:23:12Z INFO JobDispatcher] Successfully renew job 4f8c03f2-83e3-5fc1-9102-55baf72690f5, job is valid till 23/09/2026 13:33:10
[2026-09-23 13:23:12Z INFO HostContext] Well known directory 'Bin': 'C:\Users\Carolina\proyectoGit\actions-runner\bin'
[2026-09-23 13:23:12Z INFO ProcessInvokerWrapper] Starting process:
[2026-09-23 13:23:12Z INFO ProcessInvokerWrapper]   File name: 'C:\Users\Carolina\proyectoGit\actions-runner\bin\Runner.Worker.exe'
[2026-09-23 13:23:12Z INFO ProcessInvokerWrapper]   Arguments: 'spawnclient 2384 1524'
[2026-09-23 13:23:12Z INFO ProcessInvokerWrapper]   Working directory: 'C:\Users\Carolina\proyectoGit\actions-runner\bin'
[2026-09-23 13:23:12Z INFO ProcessInvokerWrapper]   Require exit code zero: 'False'
[2026-09-23 13:23:12Z INFO ProcessInvokerWrapper]   Encoding web name:  ; code page: ''
[2026-09-23 13:23:12Z INFO ProcessInvokerWrapper]   Force kill process on cancellation: 'True'
[2026-09-23 13:23:12Z INFO ProcessInvokerWrapper]   Redirected STDIN: 'False'
[2026-09-23 13:23:12Z INFO ProcessInvokerWrapper]   Persist current code page: 'False'
[2026-09-23 13:23:12Z INFO ProcessInvokerWrapper]   Keep redirected STDIN open: 'False'
[2026-09-23 13:23:12Z INFO ProcessInvokerWrapper]   High priority process: 'True'
[2026-09-23 13:23:12Z INFO ProcessInvokerWrapper] Process started with process id 18348, waiting for process exit.
[2026-09-23 13:23:12Z INFO JobDispatcher] Send job request message to worker for job 4f8c03f2-83e3-5fc1-9102-55baf72690f5.
[2026-09-23 13:23:12Z INFO ProcessChannel] Sending message of length 22192, with hash 'e8921476ee0d5c51150ef2cdf4dc89926be8f6b8bc554f6f728b825e8adfcfbe'
[2026-09-23 13:23:14Z INFO JobNotification] Entering JobStarted Notification
[2026-09-23 13:23:14Z INFO JobNotification] Entering StartMonitor
[2026-09-23 13:23:19Z INFO ProcessInvokerWrapper] STDOUT/STDERR stream read finished.
[2026-09-23 13:23:19Z INFO ProcessInvokerWrapper] STDOUT/STDERR stream read finished.
[2026-09-23 13:23:19Z INFO ProcessInvokerWrapper] Finished process 18348 with exit code 102, and elapsed time 00:00:07.2612854.
[2026-09-23 13:23:19Z INFO JobDispatcher] Worker finished for job 4f8c03f2-83e3-5fc1-9102-55baf72690f5. Code: 102
[2026-09-23 13:23:19Z INFO JobDispatcher] finish job request for job 4f8c03f2-83e3-5fc1-9102-55baf72690f5 with result: Failed
[2026-09-23 13:23:19Z INFO Terminal] WRITE LINE: 2026-09-23 13:23:19Z: Job probar completed with result: Failed
[2026-09-23 13:23:19Z INFO JobDispatcher] Stop renew job request for job 4f8c03f2-83e3-5fc1-9102-55baf72690f5.
[2026-09-23 13:23:19Z INFO JobDispatcher] job renew has been cancelled, stop renew job 4f8c03f2-83e3-5fc1-9102-55baf72690f5.
[2026-09-23 13:23:19Z INFO JobNotification] Entering JobCompleted Notification
[2026-09-23 13:23:19Z INFO JobNotification] Entering EndMonitor
[2026-09-23 13:23:19Z INFO BrokerMessageListener] Received job status event. JobState: Online
[2026-09-23 13:23:19Z WARN GitHubActionsService] GET request to https://broker.actions.githubusercontent.com/message?sessionId=9a4117c0-823e-4f3c-8046-4e6a123fe208&status=Busy&runnerVersion=2.337.0&os=Windows&architecture=X64&disableUpdate=false has been cancelled.
[2026-09-23 13:23:19Z ERR  BrokerServer] Catch exception during request
[2026-09-23 13:23:19Z ERR  BrokerServer] System.Threading.Tasks.TaskCanceledException: The operation was canceled.
 ---> System.Threading.Tasks.TaskCanceledException: The operation was canceled.
 ---> System.IO.IOException: Unable to read data from the transport connection: La operación de E/S se anuló por una salida de subproceso o por una solicitud de aplicación..
 ---> System.Net.Sockets.SocketException (995): La operación de E/S se anuló por una salida de subproceso o por una solicitud de aplicación.
   --- End of inner exception stack trace ---
   at System.Net.Sockets.Socket.AwaitableSocketAsyncEventArgs.System.Threading.Tasks.Sources.IValueTaskSource<System.Int32>.GetResult(Int16 token)
   at System.Net.Security.SslStream.EnsureFullTlsFrameAsync[TIOAdapter](CancellationToken cancellationToken, Int32 estimatedSize)
   at System.Runtime.CompilerServices.PoolingAsyncValueTaskMethodBuilder`1.StateMachineBox`1.System.Threading.Tasks.Sources.IValueTaskSource<TResult>.GetResult(Int16 token)
   at System.Net.Security.SslStream.ReadAsyncInternal[TIOAdapter](Memory`1 buffer, CancellationToken cancellationToken)
   at System.Runtime.CompilerServices.PoolingAsyncValueTaskMethodBuilder`1.StateMachineBox`1.System.Threading.Tasks.Sources.IValueTaskSource<TResult>.GetResult(Int16 token)
   at System.Net.Http.HttpConnection.SendAsync(HttpRequestMessage request, Boolean async, CancellationToken cancellationToken)
   --- End of inner exception stack trace ---
   at System.Net.Http.HttpConnection.SendAsync(HttpRequestMessage request, Boolean async, CancellationToken cancellationToken)
   at System.Net.Http.AuthenticationHelper.SendWithNtAuthAsync(HttpRequestMessage request, Uri authUri, Boolean async, ICredentials credentials, Boolean isProxyAuth, HttpConnection connection, HttpConnectionPool connectionPool, CancellationToken cancellationToken)
   at System.Net.Http.HttpConnectionPool.SendWithVersionDetectionAndRetryAsync(HttpRequestMessage request, Boolean async, Boolean doRequestAuth, CancellationToken cancellationToken)
   at System.Net.Http.AuthenticationHelper.SendWithAuthAsync(HttpRequestMessage request, Uri authUri, Boolean async, ICredentials credentials, Boolean preAuthenticate, Boolean isProxyAuth, Boolean doRequestAuth, HttpConnectionPool pool, CancellationToken cancellationToken)
   at System.Net.Http.RedirectHandler.SendAsync(HttpRequestMessage request, Boolean async, CancellationToken cancellationToken)
   at GitHub.Services.Common.RawHttpMessageHandler.SendAsync(HttpRequestMessage request, CancellationToken cancellationToken)
   at GitHub.Services.Common.VssHttpRetryMessageHandler.SendAsync(HttpRequestMessage request, CancellationToken cancellationToken)
   at System.Net.Http.HttpClient.<SendAsync>g__Core|83_0(HttpRequestMessage request, HttpCompletionOption completionOption, CancellationTokenSource cts, Boolean disposeCts, CancellationTokenSource pendingRequestsCts, CancellationToken originalCancellationToken)
   --- End of inner exception stack trace ---
   at System.Net.Http.HttpClient.HandleFailure(Exception e, Boolean telemetryStarted, HttpResponseMessage response, CancellationTokenSource cts, CancellationToken cancellationToken, CancellationTokenSource pendingRequestsCts)
   at System.Net.Http.HttpClient.<SendAsync>g__Core|83_0(HttpRequestMessage request, HttpCompletionOption completionOption, CancellationTokenSource cts, Boolean disposeCts, CancellationTokenSource pendingRequestsCts, CancellationToken originalCancellationToken)
   at Sdk.WebApi.WebApi.RawHttpClientBase.SendAsync(HttpRequestMessage message, HttpCompletionOption completionOption, Object userState, CancellationToken cancellationToken)
   at Sdk.WebApi.WebApi.RawHttpClientBase.SendAsync[T](HttpRequestMessage message, Boolean readErrorBody, Object userState, CancellationToken cancellationToken)
   at Sdk.WebApi.WebApi.RawHttpClientBase.SendAsync[T](HttpMethod method, IEnumerable`1 additionalHeaders, Uri requestUri, HttpContent content, IEnumerable`1 queryParameters, Boolean readErrorBody, Object userState, CancellationToken cancellationToken)
   at GitHub.Actions.RunService.WebApi.BrokerHttpClient.GetRunnerMessageAsync(Nullable`1 sessionId, String runnerVersion, Nullable`1 status, String os, String architecture, Nullable`1 disableUpdate, CancellationToken cancellationToken)
   at GitHub.Runner.Common.BrokerServer.<>c__DisplayClass7_0.<<GetRunnerMessageAsync>b__0>d.MoveNext()
--- End of stack trace from previous location ---
   at GitHub.Runner.Common.RunnerService.RetryRequest[T](Func`1 func, CancellationToken cancellationToken, Int32 maxAttempts, Func`2 shouldRetry)
[2026-09-23 13:23:19Z ERR  BrokerServer] #####################################################
[2026-09-23 13:23:19Z ERR  BrokerServer] System.Threading.Tasks.TaskCanceledException: The operation was canceled.
 ---> System.IO.IOException: Unable to read data from the transport connection: La operación de E/S se anuló por una salida de subproceso o por una solicitud de aplicación..
 ---> System.Net.Sockets.SocketException (995): La operación de E/S se anuló por una salida de subproceso o por una solicitud de aplicación.
   --- End of inner exception stack trace ---
   at System.Net.Sockets.Socket.AwaitableSocketAsyncEventArgs.System.Threading.Tasks.Sources.IValueTaskSource<System.Int32>.GetResult(Int16 token)
   at System.Net.Security.SslStream.EnsureFullTlsFrameAsync[TIOAdapter](CancellationToken cancellationToken, Int32 estimatedSize)
   at System.Runtime.CompilerServices.PoolingAsyncValueTaskMethodBuilder`1.StateMachineBox`1.System.Threading.Tasks.Sources.IValueTaskSource<TResult>.GetResult(Int16 token)
   at System.Net.Security.SslStream.ReadAsyncInternal[TIOAdapter](Memory`1 buffer, CancellationToken cancellationToken)
   at System.Runtime.CompilerServices.PoolingAsyncValueTaskMethodBuilder`1.StateMachineBox`1.System.Threading.Tasks.Sources.IValueTaskSource<TResult>.GetResult(Int16 token)
   at System.Net.Http.HttpConnection.SendAsync(HttpRequestMessage request, Boolean async, CancellationToken cancellationToken)
   --- End of inner exception stack trace ---
   at System.Net.Http.HttpConnection.SendAsync(HttpRequestMessage request, Boolean async, CancellationToken cancellationToken)
   at System.Net.Http.AuthenticationHelper.SendWithNtAuthAsync(HttpRequestMessage request, Uri authUri, Boolean async, ICredentials credentials, Boolean isProxyAuth, HttpConnection connection, HttpConnectionPool connectionPool, CancellationToken cancellationToken)
   at System.Net.Http.HttpConnectionPool.SendWithVersionDetectionAndRetryAsync(HttpRequestMessage request, Boolean async, Boolean doRequestAuth, CancellationToken cancellationToken)
   at System.Net.Http.AuthenticationHelper.SendWithAuthAsync(HttpRequestMessage request, Uri authUri, Boolean async, ICredentials credentials, Boolean preAuthenticate, Boolean isProxyAuth, Boolean doRequestAuth, HttpConnectionPool pool, CancellationToken cancellationToken)
   at System.Net.Http.RedirectHandler.SendAsync(HttpRequestMessage request, Boolean async, CancellationToken cancellationToken)
   at GitHub.Services.Common.RawHttpMessageHandler.SendAsync(HttpRequestMessage request, CancellationToken cancellationToken)
   at GitHub.Services.Common.VssHttpRetryMessageHandler.SendAsync(HttpRequestMessage request, CancellationToken cancellationToken)
   at System.Net.Http.HttpClient.<SendAsync>g__Core|83_0(HttpRequestMessage request, HttpCompletionOption completionOption, CancellationTokenSource cts, Boolean disposeCts, CancellationTokenSource pendingRequestsCts, CancellationToken originalCancellationToken)
[2026-09-23 13:23:19Z ERR  BrokerServer] #####################################################
[2026-09-23 13:23:19Z ERR  BrokerServer] System.IO.IOException: Unable to read data from the transport connection: La operación de E/S se anuló por una salida de subproceso o por una solicitud de aplicación..
 ---> System.Net.Sockets.SocketException (995): La operación de E/S se anuló por una salida de subproceso o por una solicitud de aplicación.
   --- End of inner exception stack trace ---
   at System.Net.Sockets.Socket.AwaitableSocketAsyncEventArgs.System.Threading.Tasks.Sources.IValueTaskSource<System.Int32>.GetResult(Int16 token)
   at System.Net.Security.SslStream.EnsureFullTlsFrameAsync[TIOAdapter](CancellationToken cancellationToken, Int32 estimatedSize)
   at System.Runtime.CompilerServices.PoolingAsyncValueTaskMethodBuilder`1.StateMachineBox`1.System.Threading.Tasks.Sources.IValueTaskSource<TResult>.GetResult(Int16 token)
   at System.Net.Security.SslStream.ReadAsyncInternal[TIOAdapter](Memory`1 buffer, CancellationToken cancellationToken)
   at System.Runtime.CompilerServices.PoolingAsyncValueTaskMethodBuilder`1.StateMachineBox`1.System.Threading.Tasks.Sources.IValueTaskSource<TResult>.GetResult(Int16 token)
   at System.Net.Http.HttpConnection.SendAsync(HttpRequestMessage request, Boolean async, CancellationToken cancellationToken)
[2026-09-23 13:23:19Z ERR  BrokerServer] #####################################################
[2026-09-23 13:23:19Z ERR  BrokerServer] System.Net.Sockets.SocketException (995): La operación de E/S se anuló por una salida de subproceso o por una solicitud de aplicación.
[2026-09-23 13:23:19Z WARN BrokerServer] Back off 7,611 seconds before next retry. 4 attempt left.
[2026-09-23 13:23:19Z INFO BrokerMessageListener] Get messages has been cancelled using local token source. Continue to get messages with new status.
[2026-09-23 13:24:19Z INFO RSAEncryptedFileKeyManager] Loading RSA key parameters from file C:\Users\Carolina\proyectoGit\actions-runner\.credentials_rsaparams
[2026-09-23 13:24:20Z INFO GitHubActionsService] AAD Correlation ID for this token request: Unknown
[2026-09-23 13:33:56Z INFO BrokerMessageListener] Acknowledging runner request 'bb9fbf78-c96e-54e8-a784-88481961b84e'.
[2026-09-23 13:33:56Z INFO ConfigurationStore] HasCredentials()
[2026-09-23 13:33:56Z INFO ConfigurationStore] stored True
[2026-09-23 13:33:56Z INFO CredentialManager] GetCredentialProvider
[2026-09-23 13:33:56Z INFO CredentialManager] Creating type OAuth
[2026-09-23 13:33:56Z INFO CredentialManager] Creating credential type: OAuth
[2026-09-23 13:33:56Z INFO RSAEncryptedFileKeyManager] Loading RSA key parameters from file C:\Users\Carolina\proyectoGit\actions-runner\.credentials_rsaparams
[2026-09-23 13:33:56Z INFO RSAEncryptedFileKeyManager] Loading RSA key parameters from file C:\Users\Carolina\proyectoGit\actions-runner\.credentials_rsaparams
[2026-09-23 13:33:56Z INFO RSAEncryptedFileKeyManager] Loading RSA key parameters from file C:\Users\Carolina\proyectoGit\actions-runner\.credentials_rsaparams
[2026-09-23 13:33:56Z INFO GitHubActionsService] AAD Correlation ID for this token request: Unknown
[2026-09-23 13:33:57Z INFO JobDispatcher] Job request 0 for plan a94323e6-c000-43ef-95d3-29990488ca1c job bb9fbf78-c96e-54e8-a784-88481961b84e received.
[2026-09-23 13:33:57Z INFO JobDispatcher] Pull OrchestrationId a94323e6-c000-43ef-95d3-29990488ca1c.probar.__default from JWT claims
[2026-09-23 13:33:57Z INFO BrokerMessageListener] Received job status event. JobState: Busy
[2026-09-23 13:33:57Z INFO BrokerMessageListener] _getMessagesTokenSource is already disposed.
[2026-09-23 13:33:57Z INFO JobDispatcher] Job request 4f8c03f2-83e3-5fc1-9102-55baf72690f5 processed succeed.
[2026-09-23 13:33:57Z INFO Terminal] WRITE LINE: 2026-09-23 13:33:57Z: Running job: probar
[2026-09-23 13:33:57Z INFO JobDispatcher] Start renew job request 0 for job bb9fbf78-c96e-54e8-a784-88481961b84e.
[2026-09-23 13:33:57Z INFO JobDispatcher] Successfully renew job bb9fbf78-c96e-54e8-a784-88481961b84e, job is valid till 23/09/2026 13:43:56
[2026-09-23 13:33:57Z INFO HostContext] Well known directory 'Bin': 'C:\Users\Carolina\proyectoGit\actions-runner\bin'
[2026-09-23 13:33:57Z INFO ProcessInvokerWrapper] Starting process:
[2026-09-23 13:33:57Z INFO ProcessInvokerWrapper]   File name: 'C:\Users\Carolina\proyectoGit\actions-runner\bin\Runner.Worker.exe'
[2026-09-23 13:33:57Z INFO ProcessInvokerWrapper]   Arguments: 'spawnclient 1868 2924'
[2026-09-23 13:33:57Z INFO ProcessInvokerWrapper]   Working directory: 'C:\Users\Carolina\proyectoGit\actions-runner\bin'
[2026-09-23 13:33:57Z INFO ProcessInvokerWrapper]   Require exit code zero: 'False'
[2026-09-23 13:33:57Z INFO ProcessInvokerWrapper]   Encoding web name:  ; code page: ''
[2026-09-23 13:33:57Z INFO ProcessInvokerWrapper]   Force kill process on cancellation: 'True'
[2026-09-23 13:33:57Z INFO ProcessInvokerWrapper]   Redirected STDIN: 'False'
[2026-09-23 13:33:57Z INFO ProcessInvokerWrapper]   Persist current code page: 'False'
[2026-09-23 13:33:57Z INFO ProcessInvokerWrapper]   Keep redirected STDIN open: 'False'
[2026-09-23 13:33:57Z INFO ProcessInvokerWrapper]   High priority process: 'True'
[2026-09-23 13:33:57Z INFO ProcessInvokerWrapper] Process started with process id 9904, waiting for process exit.
[2026-09-23 13:33:57Z INFO JobDispatcher] Send job request message to worker for job bb9fbf78-c96e-54e8-a784-88481961b84e.
[2026-09-23 13:33:57Z INFO ProcessChannel] Sending message of length 22197, with hash '969ff867fb85629a5e402ba938c28b6ee4dbb57140b456344f9241553faf0277'
[2026-09-23 13:33:58Z INFO JobNotification] Entering JobStarted Notification
[2026-09-23 13:33:58Z INFO JobNotification] Entering StartMonitor
[2026-09-23 13:34:02Z INFO ProcessInvokerWrapper] STDOUT/STDERR stream read finished.
[2026-09-23 13:34:02Z INFO ProcessInvokerWrapper] STDOUT/STDERR stream read finished.
[2026-09-23 13:34:02Z INFO ProcessInvokerWrapper] Finished process 9904 with exit code 102, and elapsed time 00:00:04.6552692.
[2026-09-23 13:34:02Z INFO JobDispatcher] Worker finished for job bb9fbf78-c96e-54e8-a784-88481961b84e. Code: 102
[2026-09-23 13:34:02Z INFO JobDispatcher] finish job request for job bb9fbf78-c96e-54e8-a784-88481961b84e with result: Failed
[2026-09-23 13:34:02Z INFO Terminal] WRITE LINE: 2026-09-23 13:34:02Z: Job probar completed with result: Failed
[2026-09-23 13:34:02Z INFO JobDispatcher] Stop renew job request for job bb9fbf78-c96e-54e8-a784-88481961b84e.
[2026-09-23 13:34:02Z INFO JobDispatcher] job renew has been cancelled, stop renew job bb9fbf78-c96e-54e8-a784-88481961b84e.
[2026-09-23 13:34:02Z INFO JobNotification] Entering JobCompleted Notification
[2026-09-23 13:34:02Z INFO JobNotification] Entering EndMonitor
[2026-09-23 13:34:02Z INFO BrokerMessageListener] Received job status event. JobState: Online
[2026-09-23 13:34:02Z WARN GitHubActionsService] GET request to https://broker.actions.githubusercontent.com/message?sessionId=9a4117c0-823e-4f3c-8046-4e6a123fe208&status=Busy&runnerVersion=2.337.0&os=Windows&architecture=X64&disableUpdate=false has been cancelled.
[2026-09-23 13:34:02Z ERR  BrokerServer] Catch exception during request
[2026-09-23 13:34:02Z ERR  BrokerServer] System.Threading.Tasks.TaskCanceledException: The operation was canceled.
 ---> System.Threading.Tasks.TaskCanceledException: The operation was canceled.
 ---> System.IO.IOException: Unable to read data from the transport connection: La operación de E/S se anuló por una salida de subproceso o por una solicitud de aplicación..
 ---> System.Net.Sockets.SocketException (995): La operación de E/S se anuló por una salida de subproceso o por una solicitud de aplicación.
   --- End of inner exception stack trace ---
   at System.Net.Sockets.Socket.AwaitableSocketAsyncEventArgs.System.Threading.Tasks.Sources.IValueTaskSource<System.Int32>.GetResult(Int16 token)
   at System.Net.Security.SslStream.EnsureFullTlsFrameAsync[TIOAdapter](CancellationToken cancellationToken, Int32 estimatedSize)
   at System.Runtime.CompilerServices.PoolingAsyncValueTaskMethodBuilder`1.StateMachineBox`1.System.Threading.Tasks.Sources.IValueTaskSource<TResult>.GetResult(Int16 token)
   at System.Net.Security.SslStream.ReadAsyncInternal[TIOAdapter](Memory`1 buffer, CancellationToken cancellationToken)
   at System.Runtime.CompilerServices.PoolingAsyncValueTaskMethodBuilder`1.StateMachineBox`1.System.Threading.Tasks.Sources.IValueTaskSource<TResult>.GetResult(Int16 token)
   at System.Net.Http.HttpConnection.SendAsync(HttpRequestMessage request, Boolean async, CancellationToken cancellationToken)
   --- End of inner exception stack trace ---
   at System.Net.Http.HttpConnection.SendAsync(HttpRequestMessage request, Boolean async, CancellationToken cancellationToken)
   at System.Net.Http.AuthenticationHelper.SendWithNtAuthAsync(HttpRequestMessage request, Uri authUri, Boolean async, ICredentials credentials, Boolean isProxyAuth, HttpConnection connection, HttpConnectionPool connectionPool, CancellationToken cancellationToken)
   at System.Net.Http.HttpConnectionPool.SendWithVersionDetectionAndRetryAsync(HttpRequestMessage request, Boolean async, Boolean doRequestAuth, CancellationToken cancellationToken)
   at System.Net.Http.AuthenticationHelper.SendWithAuthAsync(HttpRequestMessage request, Uri authUri, Boolean async, ICredentials credentials, Boolean preAuthenticate, Boolean isProxyAuth, Boolean doRequestAuth, HttpConnectionPool pool, CancellationToken cancellationToken)
   at System.Net.Http.RedirectHandler.SendAsync(HttpRequestMessage request, Boolean async, CancellationToken cancellationToken)
   at GitHub.Services.Common.RawHttpMessageHandler.SendAsync(HttpRequestMessage request, CancellationToken cancellationToken)
   at GitHub.Services.Common.VssHttpRetryMessageHandler.SendAsync(HttpRequestMessage request, CancellationToken cancellationToken)
   at System.Net.Http.HttpClient.<SendAsync>g__Core|83_0(HttpRequestMessage request, HttpCompletionOption completionOption, CancellationTokenSource cts, Boolean disposeCts, CancellationTokenSource pendingRequestsCts, CancellationToken originalCancellationToken)
   --- End of inner exception stack trace ---
   at System.Net.Http.HttpClient.HandleFailure(Exception e, Boolean telemetryStarted, HttpResponseMessage response, CancellationTokenSource cts, CancellationToken cancellationToken, CancellationTokenSource pendingRequestsCts)
   at System.Net.Http.HttpClient.<SendAsync>g__Core|83_0(HttpRequestMessage request, HttpCompletionOption completionOption, CancellationTokenSource cts, Boolean disposeCts, CancellationTokenSource pendingRequestsCts, CancellationToken originalCancellationToken)
   at Sdk.WebApi.WebApi.RawHttpClientBase.SendAsync(HttpRequestMessage message, HttpCompletionOption completionOption, Object userState, CancellationToken cancellationToken)
   at Sdk.WebApi.WebApi.RawHttpClientBase.SendAsync[T](HttpRequestMessage message, Boolean readErrorBody, Object userState, CancellationToken cancellationToken)
   at Sdk.WebApi.WebApi.RawHttpClientBase.SendAsync[T](HttpMethod method, IEnumerable`1 additionalHeaders, Uri requestUri, HttpContent content, IEnumerable`1 queryParameters, Boolean readErrorBody, Object userState, CancellationToken cancellationToken)
   at GitHub.Actions.RunService.WebApi.BrokerHttpClient.GetRunnerMessageAsync(Nullable`1 sessionId, String runnerVersion, Nullable`1 status, String os, String architecture, Nullable`1 disableUpdate, CancellationToken cancellationToken)
   at GitHub.Runner.Common.BrokerServer.<>c__DisplayClass7_0.<<GetRunnerMessageAsync>b__0>d.MoveNext()
--- End of stack trace from previous location ---
   at GitHub.Runner.Common.RunnerService.RetryRequest[T](Func`1 func, CancellationToken cancellationToken, Int32 maxAttempts, Func`2 shouldRetry)
[2026-09-23 13:34:02Z ERR  BrokerServer] #####################################################
[2026-09-23 13:34:02Z ERR  BrokerServer] System.Threading.Tasks.TaskCanceledException: The operation was canceled.
 ---> System.IO.IOException: Unable to read data from the transport connection: La operación de E/S se anuló por una salida de subproceso o por una solicitud de aplicación..
 ---> System.Net.Sockets.SocketException (995): La operación de E/S se anuló por una salida de subproceso o por una solicitud de aplicación.
   --- End of inner exception stack trace ---
   at System.Net.Sockets.Socket.AwaitableSocketAsyncEventArgs.System.Threading.Tasks.Sources.IValueTaskSource<System.Int32>.GetResult(Int16 token)
   at System.Net.Security.SslStream.EnsureFullTlsFrameAsync[TIOAdapter](CancellationToken cancellationToken, Int32 estimatedSize)
   at System.Runtime.CompilerServices.PoolingAsyncValueTaskMethodBuilder`1.StateMachineBox`1.System.Threading.Tasks.Sources.IValueTaskSource<TResult>.GetResult(Int16 token)
   at System.Net.Security.SslStream.ReadAsyncInternal[TIOAdapter](Memory`1 buffer, CancellationToken cancellationToken)
   at System.Runtime.CompilerServices.PoolingAsyncValueTaskMethodBuilder`1.StateMachineBox`1.System.Threading.Tasks.Sources.IValueTaskSource<TResult>.GetResult(Int16 token)
   at System.Net.Http.HttpConnection.SendAsync(HttpRequestMessage request, Boolean async, CancellationToken cancellationToken)
   --- End of inner exception stack trace ---
   at System.Net.Http.HttpConnection.SendAsync(HttpRequestMessage request, Boolean async, CancellationToken cancellationToken)
   at System.Net.Http.AuthenticationHelper.SendWithNtAuthAsync(HttpRequestMessage request, Uri authUri, Boolean async, ICredentials credentials, Boolean isProxyAuth, HttpConnection connection, HttpConnectionPool connectionPool, CancellationToken cancellationToken)
   at System.Net.Http.HttpConnectionPool.SendWithVersionDetectionAndRetryAsync(HttpRequestMessage request, Boolean async, Boolean doRequestAuth, CancellationToken cancellationToken)
   at System.Net.Http.AuthenticationHelper.SendWithAuthAsync(HttpRequestMessage request, Uri authUri, Boolean async, ICredentials credentials, Boolean preAuthenticate, Boolean isProxyAuth, Boolean doRequestAuth, HttpConnectionPool pool, CancellationToken cancellationToken)
   at System.Net.Http.RedirectHandler.SendAsync(HttpRequestMessage request, Boolean async, CancellationToken cancellationToken)
   at GitHub.Services.Common.RawHttpMessageHandler.SendAsync(HttpRequestMessage request, CancellationToken cancellationToken)
   at GitHub.Services.Common.VssHttpRetryMessageHandler.SendAsync(HttpRequestMessage request, CancellationToken cancellationToken)
   at System.Net.Http.HttpClient.<SendAsync>g__Core|83_0(HttpRequestMessage request, HttpCompletionOption completionOption, CancellationTokenSource cts, Boolean disposeCts, CancellationTokenSource pendingRequestsCts, CancellationToken originalCancellationToken)
[2026-09-23 13:34:02Z ERR  BrokerServer] #####################################################
[2026-09-23 13:34:02Z ERR  BrokerServer] System.IO.IOException: Unable to read data from the transport connection: La operación de E/S se anuló por una salida de subproceso o por una solicitud de aplicación..
 ---> System.Net.Sockets.SocketException (995): La operación de E/S se anuló por una salida de subproceso o por una solicitud de aplicación.
   --- End of inner exception stack trace ---
   at System.Net.Sockets.Socket.AwaitableSocketAsyncEventArgs.System.Threading.Tasks.Sources.IValueTaskSource<System.Int32>.GetResult(Int16 token)
   at System.Net.Security.SslStream.EnsureFullTlsFrameAsync[TIOAdapter](CancellationToken cancellationToken, Int32 estimatedSize)
   at System.Runtime.CompilerServices.PoolingAsyncValueTaskMethodBuilder`1.StateMachineBox`1.System.Threading.Tasks.Sources.IValueTaskSource<TResult>.GetResult(Int16 token)
   at System.Net.Security.SslStream.ReadAsyncInternal[TIOAdapter](Memory`1 buffer, CancellationToken cancellationToken)
   at System.Runtime.CompilerServices.PoolingAsyncValueTaskMethodBuilder`1.StateMachineBox`1.System.Threading.Tasks.Sources.IValueTaskSource<TResult>.GetResult(Int16 token)
   at System.Net.Http.HttpConnection.SendAsync(HttpRequestMessage request, Boolean async, CancellationToken cancellationToken)
[2026-09-23 13:34:02Z ERR  BrokerServer] #####################################################
[2026-09-23 13:34:02Z ERR  BrokerServer] System.Net.Sockets.SocketException (995): La operación de E/S se anuló por una salida de subproceso o por una solicitud de aplicación.
[2026-09-23 13:34:02Z WARN BrokerServer] Back off 9,896 seconds before next retry. 4 attempt left.
[2026-09-23 13:34:02Z INFO BrokerMessageListener] Get messages has been cancelled using local token source. Continue to get messages with new status.
[2026-09-23 13:41:23Z INFO Terminal] WRITE LINE: Exiting...
[2026-09-23 13:41:23Z INFO ConfigurationStore] IsServiceConfigured()
[2026-09-23 13:41:23Z INFO ConfigurationStore] IsServiceConfigured: False
[2026-09-23 13:41:23Z INFO HostContext] Runner will be shutdown for UserCancelled
[2026-09-23 13:41:23Z WARN GitHubActionsService] GET request to https://broker.actions.githubusercontent.com/message?sessionId=9a4117c0-823e-4f3c-8046-4e6a123fe208&status=Online&runnerVersion=2.337.0&os=Windows&architecture=X64&disableUpdate=false has been cancelled.
[2026-09-23 13:41:23Z ERR  BrokerServer] Catch exception during request
[2026-09-23 13:41:23Z ERR  BrokerServer] System.Threading.Tasks.TaskCanceledException: The operation was canceled.
 ---> System.Threading.Tasks.TaskCanceledException: The operation was canceled.
 ---> System.IO.IOException: Unable to read data from the transport connection: La operación de E/S se anuló por una salida de subproceso o por una solicitud de aplicación..
 ---> System.Net.Sockets.SocketException (995): La operación de E/S se anuló por una salida de subproceso o por una solicitud de aplicación.
   --- End of inner exception stack trace ---
   at System.Net.Sockets.Socket.AwaitableSocketAsyncEventArgs.System.Threading.Tasks.Sources.IValueTaskSource<System.Int32>.GetResult(Int16 token)
   at System.Net.Security.SslStream.EnsureFullTlsFrameAsync[TIOAdapter](CancellationToken cancellationToken, Int32 estimatedSize)
   at System.Runtime.CompilerServices.PoolingAsyncValueTaskMethodBuilder`1.StateMachineBox`1.System.Threading.Tasks.Sources.IValueTaskSource<TResult>.GetResult(Int16 token)
   at System.Net.Security.SslStream.ReadAsyncInternal[TIOAdapter](Memory`1 buffer, CancellationToken cancellationToken)
   at System.Runtime.CompilerServices.PoolingAsyncValueTaskMethodBuilder`1.StateMachineBox`1.System.Threading.Tasks.Sources.IValueTaskSource<TResult>.GetResult(Int16 token)
   at System.Net.Http.HttpConnection.SendAsync(HttpRequestMessage request, Boolean async, CancellationToken cancellationToken)
   --- End of inner exception stack trace ---
   at System.Net.Http.HttpConnection.SendAsync(HttpRequestMessage request, Boolean async, CancellationToken cancellationToken)
   at System.Net.Http.AuthenticationHelper.SendWithNtAuthAsync(HttpRequestMessage request, Uri authUri, Boolean async, ICredentials credentials, Boolean isProxyAuth, HttpConnection connection, HttpConnectionPool connectionPool, CancellationToken cancellationToken)
   at System.Net.Http.HttpConnectionPool.SendWithVersionDetectionAndRetryAsync(HttpRequestMessage request, Boolean async, Boolean doRequestAuth, CancellationToken cancellationToken)
   at System.Net.Http.AuthenticationHelper.SendWithAuthAsync(HttpRequestMessage request, Uri authUri, Boolean async, ICredentials credentials, Boolean preAuthenticate, Boolean isProxyAuth, Boolean doRequestAuth, HttpConnectionPool pool, CancellationToken cancellationToken)
   at System.Net.Http.RedirectHandler.SendAsync(HttpRequestMessage request, Boolean async, CancellationToken cancellationToken)
   at GitHub.Services.Common.RawHttpMessageHandler.SendAsync(HttpRequestMessage request, CancellationToken cancellationToken)
   at GitHub.Services.Common.VssHttpRetryMessageHandler.SendAsync(HttpRequestMessage request, CancellationToken cancellationToken)
   at System.Net.Http.HttpClient.<SendAsync>g__Core|83_0(HttpRequestMessage request, HttpCompletionOption completionOption, CancellationTokenSource cts, Boolean disposeCts, CancellationTokenSource pendingRequestsCts, CancellationToken originalCancellationToken)
   --- End of inner exception stack trace ---
   at System.Net.Http.HttpClient.HandleFailure(Exception e, Boolean telemetryStarted, HttpResponseMessage response, CancellationTokenSource cts, CancellationToken cancellationToken, CancellationTokenSource pendingRequestsCts)
   at System.Net.Http.HttpClient.<SendAsync>g__Core|83_0(HttpRequestMessage request, HttpCompletionOption completionOption, CancellationTokenSource cts, Boolean disposeCts, CancellationTokenSource pendingRequestsCts, CancellationToken originalCancellationToken)
   at Sdk.WebApi.WebApi.RawHttpClientBase.SendAsync(HttpRequestMessage message, HttpCompletionOption completionOption, Object userState, CancellationToken cancellationToken)
   at Sdk.WebApi.WebApi.RawHttpClientBase.SendAsync[T](HttpRequestMessage message, Boolean readErrorBody, Object userState, CancellationToken cancellationToken)
   at Sdk.WebApi.WebApi.RawHttpClientBase.SendAsync[T](HttpMethod method, IEnumerable`1 additionalHeaders, Uri requestUri, HttpContent content, IEnumerable`1 queryParameters, Boolean readErrorBody, Object userState, CancellationToken cancellationToken)
   at GitHub.Actions.RunService.WebApi.BrokerHttpClient.GetRunnerMessageAsync(Nullable`1 sessionId, String runnerVersion, Nullable`1 status, String os, String architecture, Nullable`1 disableUpdate, CancellationToken cancellationToken)
   at GitHub.Runner.Common.BrokerServer.<>c__DisplayClass7_0.<<GetRunnerMessageAsync>b__0>d.MoveNext()
--- End of stack trace from previous location ---
   at GitHub.Runner.Common.RunnerService.RetryRequest[T](Func`1 func, CancellationToken cancellationToken, Int32 maxAttempts, Func`2 shouldRetry)
[2026-09-23 13:41:23Z ERR  BrokerServer] #####################################################
[2026-09-23 13:41:23Z ERR  BrokerServer] System.Threading.Tasks.TaskCanceledException: The operation was canceled.
 ---> System.IO.IOException: Unable to read data from the transport connection: La operación de E/S se anuló por una salida de subproceso o por una solicitud de aplicación..
 ---> System.Net.Sockets.SocketException (995): La operación de E/S se anuló por una salida de subproceso o por una solicitud de aplicación.
   --- End of inner exception stack trace ---
   at System.Net.Sockets.Socket.AwaitableSocketAsyncEventArgs.System.Threading.Tasks.Sources.IValueTaskSource<System.Int32>.GetResult(Int16 token)
   at System.Net.Security.SslStream.EnsureFullTlsFrameAsync[TIOAdapter](CancellationToken cancellationToken, Int32 estimatedSize)
   at System.Runtime.CompilerServices.PoolingAsyncValueTaskMethodBuilder`1.StateMachineBox`1.System.Threading.Tasks.Sources.IValueTaskSource<TResult>.GetResult(Int16 token)
   at System.Net.Security.SslStream.ReadAsyncInternal[TIOAdapter](Memory`1 buffer, CancellationToken cancellationToken)
   at System.Runtime.CompilerServices.PoolingAsyncValueTaskMethodBuilder`1.StateMachineBox`1.System.Threading.Tasks.Sources.IValueTaskSource<TResult>.GetResult(Int16 token)
   at System.Net.Http.HttpConnection.SendAsync(HttpRequestMessage request, Boolean async, CancellationToken cancellationToken)
   --- End of inner exception stack trace ---
   at System.Net.Http.HttpConnection.SendAsync(HttpRequestMessage request, Boolean async, CancellationToken cancellationToken)
   at System.Net.Http.AuthenticationHelper.SendWithNtAuthAsync(HttpRequestMessage request, Uri authUri, Boolean async, ICredentials credentials, Boolean isProxyAuth, HttpConnection connection, HttpConnectionPool connectionPool, CancellationToken cancellationToken)
   at System.Net.Http.HttpConnectionPool.SendWithVersionDetectionAndRetryAsync(HttpRequestMessage request, Boolean async, Boolean doRequestAuth, CancellationToken cancellationToken)
   at System.Net.Http.AuthenticationHelper.SendWithAuthAsync(HttpRequestMessage request, Uri authUri, Boolean async, ICredentials credentials, Boolean preAuthenticate, Boolean isProxyAuth, Boolean doRequestAuth, HttpConnectionPool pool, CancellationToken cancellationToken)
   at System.Net.Http.RedirectHandler.SendAsync(HttpRequestMessage request, Boolean async, CancellationToken cancellationToken)
   at GitHub.Services.Common.RawHttpMessageHandler.SendAsync(HttpRequestMessage request, CancellationToken cancellationToken)
   at GitHub.Services.Common.VssHttpRetryMessageHandler.SendAsync(HttpRequestMessage request, CancellationToken cancellationToken)
   at System.Net.Http.HttpClient.<SendAsync>g__Core|83_0(HttpRequestMessage request, HttpCompletionOption completionOption, CancellationTokenSource cts, Boolean disposeCts, CancellationTokenSource pendingRequestsCts, CancellationToken originalCancellationToken)
[2026-09-23 13:41:23Z ERR  BrokerServer] #####################################################
[2026-09-23 13:41:23Z ERR  BrokerServer] System.IO.IOException: Unable to read data from the transport connection: La operación de E/S se anuló por una salida de subproceso o por una solicitud de aplicación..
 ---> System.Net.Sockets.SocketException (995): La operación de E/S se anuló por una salida de subproceso o por una solicitud de aplicación.
   --- End of inner exception stack trace ---
   at System.Net.Sockets.Socket.AwaitableSocketAsyncEventArgs.System.Threading.Tasks.Sources.IValueTaskSource<System.Int32>.GetResult(Int16 token)
   at System.Net.Security.SslStream.EnsureFullTlsFrameAsync[TIOAdapter](CancellationToken cancellationToken, Int32 estimatedSize)
   at System.Runtime.CompilerServices.PoolingAsyncValueTaskMethodBuilder`1.StateMachineBox`1.System.Threading.Tasks.Sources.IValueTaskSource<TResult>.GetResult(Int16 token)
   at System.Net.Security.SslStream.ReadAsyncInternal[TIOAdapter](Memory`1 buffer, CancellationToken cancellationToken)
   at System.Runtime.CompilerServices.PoolingAsyncValueTaskMethodBuilder`1.StateMachineBox`1.System.Threading.Tasks.Sources.IValueTaskSource<TResult>.GetResult(Int16 token)
   at System.Net.Http.HttpConnection.SendAsync(HttpRequestMessage request, Boolean async, CancellationToken cancellationToken)
[2026-09-23 13:41:23Z ERR  BrokerServer] #####################################################
[2026-09-23 13:41:23Z ERR  BrokerServer] System.Net.Sockets.SocketException (995): La operación de E/S se anuló por una salida de subproceso o por una solicitud de aplicación.
[2026-09-23 13:41:23Z WARN BrokerServer] Back off 12,508 seconds before next retry. 4 attempt left.
[2026-09-23 13:41:23Z INFO BrokerMessageListener] Get next message has been cancelled.
[2026-09-23 13:41:23Z INFO JobDispatcher] Shutting down JobDispatcher. Make sure all WorkerDispatcher has finished.
[2026-09-23 13:41:23Z INFO JobDispatcher] Ensure WorkerDispatcher for job bb9fbf78-c96e-54e8-a784-88481961b84e run to finish, cancel any running job.
[2026-09-23 13:41:23Z INFO JobDispatcher] Job request bb9fbf78-c96e-54e8-a784-88481961b84e processed succeed.
[2026-09-23 13:41:23Z INFO Runner] Deleting Runner Session...
[2026-09-23 13:41:23Z INFO Listener] Runner execution been cancelled.
