[2026-09-23 13:33:57Z INFO HostContext] No proxy settings were found based on environmental variables (http_proxy/https_proxy/HTTP_PROXY/HTTPS_PROXY)
[2026-09-23 13:33:57Z INFO HostContext] Well known directory 'Bin': 'C:\Users\Carolina\proyectoGit\actions-runner\bin'
[2026-09-23 13:33:57Z INFO HostContext] Well known directory 'Root': 'C:\Users\Carolina\proyectoGit\actions-runner'
[2026-09-23 13:33:57Z INFO HostContext] Well known config file 'Credentials': 'C:\Users\Carolina\proyectoGit\actions-runner\.credentials'
[2026-09-23 13:33:58Z INFO HostContext] Well known directory 'Bin': 'C:\Users\Carolina\proyectoGit\actions-runner\bin'
[2026-09-23 13:33:58Z INFO HostContext] Well known directory 'Root': 'C:\Users\Carolina\proyectoGit\actions-runner'
[2026-09-23 13:33:58Z INFO HostContext] Well known config file 'Runner': 'C:\Users\Carolina\proyectoGit\actions-runner\.runner'
[2026-09-23 13:33:58Z INFO Worker] Version: 2.337.0
[2026-09-23 13:33:58Z INFO Worker] Commit: 397b032cbf865e9c3ddfab89d533ec19325e1273
[2026-09-23 13:33:58Z INFO Worker] Culture: es-ES
[2026-09-23 13:33:58Z INFO Worker] UI Culture: es-ES
[2026-09-23 13:33:58Z INFO Worker] Waiting to receive the job message from the channel.
[2026-09-23 13:33:58Z INFO ProcessChannel] Receiving message of length 22197, with hash '969ff867fb85629a5e402ba938c28b6ee4dbb57140b456344f9241553faf0277'
[2026-09-23 13:33:58Z INFO Worker] Message received.
[2026-09-23 13:33:58Z INFO Worker] Job message:
 {
  "fileTable": [
    ".github/workflows/prueba.yml"
  ],
  "mask": [
    {
      "type": "regex",
      "value": "***"
    },
    {
      "type": "regex",
      "value": "***"
    },
    {
      "type": "regex",
      "value": "***"
    },
    {
      "type": "regex",
      "value": "***"
    },
    {
      "type": "regex",
      "value": "***"
    },
    {
      "type": "regex",
      "value": "***"
    },
    {
      "type": "regex",
      "value": "***"
    },
    {
      "type": "regex",
      "value": "***"
    },
    {
      "type": "regex",
      "value": "***"
    },
    {
      "type": "regex",
      "value": "***"
    },
    {
      "type": "regex",
      "value": "***"
    },
    {
      "type": "regex",
      "value": "***"
    },
    {
      "type": "regex",
      "value": "***"
    },
    {
      "type": "regex",
      "value": "***"
    },
    {
      "type": "regex",
      "value": "***"
    },
    {
      "type": "regex",
      "value": "***"
    },
    {
      "type": "regex",
      "value": "***"
    },
    {
      "type": "regex",
      "value": "***"
    },
    {
      "type": "regex",
      "value": "***"
    },
    {
      "type": "regex",
      "value": "***"
    },
    {
      "type": "regex",
      "value": "***"
    },
    {
      "type": "regex",
      "value": "***"
    },
    {
      "type": "regex",
      "value": "***"
    },
    {
      "type": "regex",
      "value": "***"
    }
  ],
  "steps": [
    {
      "type": "action",
      "reference": {
        "type": "script"
      },
      "displayNameToken": {
        "type": 0,
        "file": 1,
        "line": 7,
        "col": 15,
        "lit": "Comparar secret con variable local"
      },
      "contextName": "__run",
      "environment": {
        "type": 2,
        "file": 1,
        "line": 9,
        "col": 11,
        "map": [
          {
            "key": {
              "type": 0,
              "file": 1,
              "line": 9,
              "col": 11,
              "lit": "TOKEN"
            },
            "value": {
              "type": 3,
              "file": 1,
              "line": 9,
              "col": 18,
              "expr": "secrets.DEV_TOKEN"
            }
          }
        ]
      },
      "inputs": {
        "type": 2,
        "map": [
          {
            "key": "script",
            "value": {
              "type": 0,
              "file": 1,
              "line": 10,
              "col": 14,
              "lit": "if ($env:TOKEN -eq $env:LOCAL_DEV_TOKEN) {\n  Write-Host \"Coinciden \"\n} else {\n  Write-Host \"No coinciden \"\n  exit 1\n}"
            }
          }
        ]
      },
      "condition": "success()",
      "id": "8308cf67-b068-473f-a697-7590f2f1b47c",
      "name": "__run"
    }
  ],
  "variables": {
    "Actions.EnableHttpRedirects": {
      "value": "true"
    },
    "DEV_TOKEN": {
      "value": "***",
      "isSecret": true
    },
    "DistributedTask.AddWarningToNode12Action": {
      "value": "true"
    },
    "DistributedTask.AddWarningToNode16Action": {
      "value": "true"
    },
    "DistributedTask.AllowRunnerContainerHooks": {
      "value": "true"
    },
    "DistributedTask.DeprecateStepOutputCommands": {
      "value": "true"
    },
    "DistributedTask.DetailUntarFailure": {
      "value": "true"
    },
    "DistributedTask.EnableCompositeActions": {
      "value": "true"
    },
    "DistributedTask.EnableJobServerQueueTelemetry": {
      "value": "true"
    },
    "DistributedTask.EnhancedAnnotations": {
      "value": "true"
    },
    "DistributedTask.ForceGithubJavascriptActionsToNode16": {
      "value": "true"
    },
    "DistributedTask.ForceGithubJavascriptActionsToNode20": {
      "value": "true"
    },
    "DistributedTask.LogTemplateErrorsAsDebugMessages": {
      "value": "true"
    },
    "DistributedTask.MarkJobAsFailedOnWorkerCrash": {
      "value": "true"
    },
    "DistributedTask.NewActionMetadata": {
      "value": "true"
    },
    "DistributedTask.UploadStepSummary": {
      "value": "true"
    },
    "DistributedTask.UseActionArchiveCache": {
      "value": "true"
    },
    "DistributedTask.UseWhich2": {
      "value": "true"
    },
    "RunService.FixEmbeddedIssues": {
      "value": "true"
    },
    "actions.runner.requirenode24": {
      "value": "true"
    },
    "actions.runner.usenode24bydefault": {
      "value": "true"
    },
    "actions.runner.warnonnode20": {
      "value": "true"
    },
    "actions_add_check_run_id_to_job_context": {
      "value": "true"
    },
    "actions_batch_action_resolution": {
      "value": "false"
    },
    "actions_cache_mode": {
      "value": "write"
    },
    "actions_container_action_runner_temp": {
      "value": "true"
    },
    "actions_display_helpful_actions_download_errors": {
      "value": "true"
    },
    "actions_runner_allow_artifacts_file": {
      "value": "false"
    },
    "actions_runner_compare_workflow_parser": {
      "value": "false"
    },
    "actions_runner_deprecate_linux_arm32": {
      "value": "true"
    },
    "actions_runner_emit_composite_markers": {
      "value": "true"
    },
    "actions_runner_kill_linux_arm32": {
      "value": "false"
    },
    "actions_runner_node20_removal_date": {
      "value": "September 23rd, 2026"
    },
    "actions_runner_node24_default_date": {
      "value": "June 16th, 2026"
    },
    "actions_self_repository": {
      "value": "true"
    },
    "actions_service_container_command": {
      "value": "true"
    },
    "actions_set_orchestration_id_env_for_actions": {
      "value": "true"
    },
    "actions_skip_retry_complete_job_upon_known_errors": {
      "value": "true"
    },
    "actions_snapshot_preflight_hosted_runner_check": {
      "value": "false"
    },
    "actions_snapshot_preflight_image_gen_pool_check": {
      "value": "false"
    },
    "actions_use_bearer_token_for_codeload": {
      "value": "false"
    },
    "actions_uses_cache_service_v2": {
      "value": "true"
    },
    "github_token": {
      "value": "***",
      "isSecret": true
    },
    "system.from_run_service": {
      "value": "true"
    },
    "system.github.job": {
      "value": "probar"
    },
    "system.github.launch_endpoint": {
      "value": "https://launch.actions.githubusercontent.com"
    },
    "system.github.results_endpoint": {
      "value": "https://results-receiver.actions.githubusercontent.com/"
    },
    "system.github.results_upload_with_sdk": {
      "value": "true"
    },
    "system.github.token": {
      "value": "***",
      "isSecret": true
    },
    "system.github.token.permissions": {
      "value": "{\"Contents\":\"read\",\"Metadata\":\"read\",\"Packages\":\"read\"}"
    },
    "system.orchestrationId": {
      "value": "a94323e6-c000-43ef-95d3-29990488ca1c.probar.__default"
    },
    "system.phaseDisplayName": {
      "value": "probar"
    },
    "system.runner.lowdiskspacethreshold": {
      "value": "100"
    },
    "system.runnerEnvironment": {
      "value": "self-hosted"
    },
    "system.runnerGroupName": {
      "value": "Default"
    }
  },
  "messageType": "RunnerJobRequest",
  "plan": {
    "scopeIdentifier": "00000000-0000-0000-0000-000000000000",
    "planType": "actions",
    "version": 0,
    "planId": "a94323e6-c000-43ef-95d3-29990488ca1c",
    "planGroup": null,
    "artifactUri": null,
    "artifactLocation": null,
    "definition": null,
    "owner": null
  },
  "timeline": {
    "id": "a94323e6-c000-43ef-95d3-29990488ca1c",
    "changeId": 0,
    "location": null
  },
  "jobId": "bb9fbf78-c96e-54e8-a784-88481961b84e",
  "jobDisplayName": "probar",
  "jobName": "__default",
  "requestId": 0,
  "lockedUntil": "0001-01-01T00:00:00",
  "resources": {
    "endpoints": [
      {
        "data": {
          "ServerId": "",
          "ServerName": "",
          "CacheServerUrl": "https://artifactcache.actions.githubusercontent.com/HR5FoEIUBrz4lANaWG1H2K3WQNR7ktXHs1PiIlPVtcFeFGQiFj/",
          "FeedStreamUrl": "wss://results-receiver.actions.githubusercontent.com/_ws/ingest.sock",
          "ResultsServiceUrl": "https://results-receiver.actions.githubusercontent.com/",
          "PipelinesServiceUrl": "https://pipelinesghubeus25.actions.githubusercontent.com/HR5FoEIUBrz4lANaWG1H2K3WQNR7ktXHs1PiIlPVtcFeFGQiFj/",
          "GenerateIdTokenUrl": "",
          "ConnectivityChecks": "[\"https://broker.actions.githubusercontent.com/health\",\"https://token.actions.githubusercontent.com/ready\",\"https://run.actions.githubusercontent.com/health\"]",
          "ConnectivityAndDNSChecks": ""
        },
        "name": "SystemVssConnection",
        "url": "https://run-actions-1-azure-eastus.actions.githubusercontent.com/166/",
        "authorization": {
          "parameters": {
            "AccessToken": "***"
          },
          "scheme": "OAuth"
        },
        "isShared": false,
        "isReady": true
      }
    ]
  },
  "contextData": {
    "github": {
      "t": 2,
      "d": [
        {
          "k": "ref",
          "v": "refs/heads/main"
        },
        {
          "k": "sha",
          "v": "fe246cf797cbb1ad1e11558fe3a562306b30ac33"
        },
        {
          "k": "repository",
          "v": "DanielRH1338/ProyectoGit"
        },
        {
          "k": "repository_owner",
          "v": "DanielRH1338"
        },
        {
          "k": "repository_owner_id",
          "v": "330386797"
        },
        {
          "k": "repositoryUrl",
          "v": "git://github.com/DanielRH1338/ProyectoGit.git"
        },
        {
          "k": "run_id",
          "v": "35866687878"
        },
        {
          "k": "run_number",
          "v": "4"
        },
        {
          "k": "retention_days",
          "v": "90"
        },
        {
          "k": "run_attempt",
          "v": "2"
        },
        {
          "k": "artifact_cache_size_limit",
          "v": "10"
        },
        {
          "k": "repository_visibility",
          "v": "public"
        },
        {
          "k": "actor_id",
          "v": "330386797"
        },
        {
          "k": "actor",
          "v": "DanielRH1338"
        },
        {
          "k": "workflow",
          "v": "Prueba runner y secret"
        },
        {
          "k": "head_ref",
          "v": ""
        },
        {
          "k": "base_ref",
          "v": ""
        },
        {
          "k": "event_name",
          "v": "push"
        },
        {
          "k": "server_url",
          "v": "https://github.com"
        },
        {
          "k": "api_url",
          "v": "https://api.github.com"
        },
        {
          "k": "graphql_url",
          "v": "https://api.github.com/graphql"
        },
        {
          "k": "ref_name",
          "v": "main"
        },
        {
          "k": "ref_protected",
          "v": false
        },
        {
          "k": "ref_type",
          "v": "branch"
        },
        {
          "k": "secret_source",
          "v": "Actions"
        },
        {
          "k": "event",
          "v": {
            "t": 2,
            "d": [
              {
                "k": "after",
                "v": "fe246cf797cbb1ad1e11558fe3a562306b30ac33"
              },
              {
                "k": "base_ref",
                "v": null
              },
              {
                "k": "before",
                "v": "6af3c65aa220523fdab59a95a3c5ba1e60d7a33b"
              },
              {
                "k": "commits",
                "v": {
                  "t": 1,
                  "a": [
                    {
                      "t": 2,
                      "d": [
                        {
                          "k": "author",
                          "v": {
                            "t": 2,
                            "d": [
                              {
                                "k": "email",
                                "v": "daniel.s597653@cesurformacion.com"
                              },
                              {
                                "k": "name",
                                "v": "Daniel"
                              },
                              {
                                "k": "username",
                                "v": "DanielRH1338"
                              }
                            ]
                          }
                        },
                        {
                          "k": "committer",
                          "v": {
                            "t": 2,
                            "d": [
                              {
                                "k": "email",
                                "v": "daniel.s597653@cesurformacion.com"
                              },
                              {
                                "k": "name",
                                "v": "Daniel"
                              },
                              {
                                "k": "username",
                                "v": "DanielRH1338"
                              }
                            ]
                          }
                        },
                        {
                          "k": "distinct",
                          "v": true
                        },
                        {
                          "k": "id",
                          "v": "fe246cf797cbb1ad1e11558fe3a562306b30ac33"
                        },
                        {
                          "k": "message",
                          "v": "Tercer intento error sintaxis"
                        },
                        {
                          "k": "timestamp",
                          "v": "2026-09-23T15:22:58+02:00"
                        },
                        {
                          "k": "tree_id",
                          "v": "018f5461b7f3e990946a0aab0793c1cefd1ce9ec"
                        },
                        {
                          "k": "url",
                          "v": "https://github.com/DanielRH1338/ProyectoGit/commit/fe246cf797cbb1ad1e11558fe3a562306b30ac33"
                        }
                      ]
                    }
                  ]
                }
              },
              {
                "k": "compare",
                "v": "https://github.com/DanielRH1338/ProyectoGit/compare/6af3c65aa220...fe246cf797cb"
              },
              {
                "k": "created",
                "v": false
              },
              {
                "k": "deleted",
                "v": false
              },
              {
                "k": "forced",
                "v": false
              },
              {
                "k": "head_commit",
                "v": {
                  "t": 2,
                  "d": [
                    {
                      "k": "author",
                      "v": {
                        "t": 2,
                        "d": [
                          {
                            "k": "email",
                            "v": "daniel.s597653@cesurformacion.com"
                          },
                          {
                            "k": "name",
                            "v": "Daniel"
                          },
                          {
                            "k": "username",
                            "v": "DanielRH1338"
                          }
                        ]
                      }
                    },
                    {
                      "k": "committer",
                      "v": {
                        "t": 2,
                        "d": [
                          {
                            "k": "email",
                            "v": "daniel.s597653@cesurformacion.com"
                          },
                          {
                            "k": "name",
                            "v": "Daniel"
                          },
                          {
                            "k": "username",
                            "v": "DanielRH1338"
                          }
                        ]
                      }
                    },
                    {
                      "k": "distinct",
                      "v": true
                    },
                    {
                      "k": "id",
                      "v": "fe246cf797cbb1ad1e11558fe3a562306b30ac33"
                    },
                    {
                      "k": "message",
                      "v": "Tercer intento error sintaxis"
                    },
                    {
                      "k": "timestamp",
                      "v": "2026-09-23T15:22:58+02:00"
                    },
                    {
                      "k": "tree_id",
                      "v": "018f5461b7f3e990946a0aab0793c1cefd1ce9ec"
                    },
                    {
                      "k": "url",
                      "v": "https://github.com/DanielRH1338/ProyectoGit/commit/fe246cf797cbb1ad1e11558fe3a562306b30ac33"
                    }
                  ]
                }
              },
              {
                "k": "pusher",
                "v": {
                  "t": 2,
                  "d": [
                    {
                      "k": "email",
                      "v": "daniel.s597653@cesurformacion.com"
                    },
                    {
                      "k": "name",
                      "v": "DanielRH1338"
                    }
                  ]
                }
              },
              {
                "k": "ref",
                "v": "refs/heads/main"
              },
              {
                "k": "repository",
                "v": {
                  "t": 2,
                  "d": [
                    {
                      "k": "allow_forking",
                      "v": true
                    },
                    {
                      "k": "archive_url",
                      "v": "https://api.github.com/repos/DanielRH1338/ProyectoGit/{archive_format}{/ref}"
                    },
                    {
                      "k": "archived",
                      "v": false
                    },
                    {
                      "k": "assignees_url",
                      "v": "https://api.github.com/repos/DanielRH1338/ProyectoGit/assignees{/user}"
                    },
                    {
                      "k": "blobs_url",
                      "v": "https://api.github.com/repos/DanielRH1338/ProyectoGit/git/blobs{/sha}"
                    },
                    {
                      "k": "branches_url",
                      "v": "https://api.github.com/repos/DanielRH1338/ProyectoGit/branches{/branch}"
                    },
                    {
                      "k": "clone_url",
                      "v": "https://github.com/DanielRH1338/ProyectoGit.git"
                    },
                    {
                      "k": "collaborators_url",
                      "v": "https://api.github.com/repos/DanielRH1338/ProyectoGit/collaborators{/collaborator}"
                    },
                    {
                      "k": "comments_url",
                      "v": "https://api.github.com/repos/DanielRH1338/ProyectoGit/comments{/number}"
                    },
                    {
                      "k": "commits_url",
                      "v": "https://api.github.com/repos/DanielRH1338/ProyectoGit/commits{/sha}"
                    },
                    {
                      "k": "compare_url",
                      "v": "https://api.github.com/repos/DanielRH1338/ProyectoGit/compare/{base}...{head}"
                    },
                    {
                      "k": "contents_url",
                      "v": "https://api.github.com/repos/DanielRH1338/ProyectoGit/contents/{+path}"
                    },
                    {
                      "k": "contributors_url",
                      "v": "https://api.github.com/repos/DanielRH1338/ProyectoGit/contributors"
                    },
                    {
                      "k": "created_at",
                      "v": 1789725566.0
                    },
                    {
                      "k": "default_branch",
                      "v": "main"
                    },
                    {
                      "k": "deployments_url",
                      "v": "https://api.github.com/repos/DanielRH1338/ProyectoGit/deployments"
                    },
                    {
                      "k": "description",
                      "v": "Práctica inicial para Github en prácticas."
                    },
                    {
                      "k": "disabled",
                      "v": false
                    },
                    {
                      "k": "downloads_url",
                      "v": "https://api.github.com/repos/DanielRH1338/ProyectoGit/downloads"
                    },
                    {
                      "k": "events_url",
                      "v": "https://api.github.com/repos/DanielRH1338/ProyectoGit/events"
                    },
                    {
                      "k": "fork",
                      "v": false
                    },
                    {
                      "k": "forks",
                      "v": 0.0
                    },
                    {
                      "k": "forks_count",
                      "v": 0.0
                    },
                    {
                      "k": "forks_url",
                      "v": "https://api.github.com/repos/DanielRH1338/ProyectoGit/forks"
                    },
                    {
                      "k": "full_name",
                      "v": "DanielRH1338/ProyectoGit"
                    },
                    {
                      "k": "git_commits_url",
                      "v": "https://api.github.com/repos/DanielRH1338/ProyectoGit/git/commits{/sha}"
                    },
                    {
                      "k": "git_refs_url",
                      "v": "https://api.github.com/repos/DanielRH1338/ProyectoGit/git/refs{/sha}"
                    },
                    {
                      "k": "git_tags_url",
                      "v": "https://api.github.com/repos/DanielRH1338/ProyectoGit/git/tags{/sha}"
                    },
                    {
                      "k": "git_url",
                      "v": "git://github.com/DanielRH1338/ProyectoGit.git"
                    },
                    {
                      "k": "has_discussions",
                      "v": false
                    },
                    {
                      "k": "has_downloads",
                      "v": true
                    },
                    {
                      "k": "has_issues",
                      "v": true
                    },
                    {
                      "k": "has_pages",
                      "v": false
                    },
                    {
                      "k": "has_projects",
                      "v": true
                    },
                    {
                      "k": "has_pull_requests",
                      "v": true
                    },
                    {
                      "k": "has_wiki",
                      "v": true
                    },
                    {
                      "k": "homepage",
                      "v": null
                    },
                    {
                      "k": "hooks_url",
                      "v": "https://api.github.com/repos/DanielRH1338/ProyectoGit/hooks"
                    },
                    {
                      "k": "html_url",
                      "v": "https://github.com/DanielRH1338/ProyectoGit"
                    },
                    {
                      "k": "id",
                      "v": 1375682283.0
                    },
                    {
                      "k": "is_template",
                      "v": false
                    },
                    {
                      "k": "issue_comment_url",
                      "v": "https://api.github.com/repos/DanielRH1338/ProyectoGit/issues/comments{/number}"
                    },
                    {
                      "k": "issue_events_url",
                      "v": "https://api.github.com/repos/DanielRH1338/ProyectoGit/issues/events{/number}"
                    },
                    {
                      "k": "issues_url",
                      "v": "https://api.github.com/repos/DanielRH1338/ProyectoGit/issues{/number}"
                    },
                    {
                      "k": "keys_url",
                      "v": "https://api.github.com/repos/DanielRH1338/ProyectoGit/keys{/key_id}"
                    },
                    {
                      "k": "labels_url",
                      "v": "https://api.github.com/repos/DanielRH1338/ProyectoGit/labels{/name}"
                    },
                    {
                      "k": "language",
                      "v": "JavaScript"
                    },
                    {
                      "k": "languages_url",
                      "v": "https://api.github.com/repos/DanielRH1338/ProyectoGit/languages"
                    },
                    {
                      "k": "license",
                      "v": null
                    },
                    {
                      "k": "master_branch",
                      "v": "main"
                    },
                    {
                      "k": "merges_url",
                      "v": "https://api.github.com/repos/DanielRH1338/ProyectoGit/merges"
                    },
                    {
                      "k": "milestones_url",
                      "v": "https://api.github.com/repos/DanielRH1338/ProyectoGit/milestones{/number}"
                    },
                    {
                      "k": "mirror_url",
                      "v": null
                    },
                    {
                      "k": "name",
                      "v": "ProyectoGit"
                    },
                    {
                      "k": "node_id",
                      "v": "R_kgDOUf8-6w"
                    },
                    {
                      "k": "notifications_url",
                      "v": "https://api.github.com/repos/DanielRH1338/ProyectoGit/notifications{?since,all,participating}"
                    },
                    {
                      "k": "open_issues",
                      "v": 0.0
                    },
                    {
                      "k": "open_issues_count",
                      "v": 0.0
                    },
                    {
                      "k": "owner",
                      "v": {
                        "t": 2,
                        "d": [
                          {
                            "k": "avatar_url",
                            "v": "https://avatars.githubusercontent.com/u/330386797?v=4"
                          },
                          {
                            "k": "email",
                            "v": "daniel.s597653@cesurformacion.com"
                          },
                          {
                            "k": "events_url",
                            "v": "https://api.github.com/users/DanielRH1338/events{/privacy}"
                          },
                          {
                            "k": "followers_url",
                            "v": "https://api.github.com/users/DanielRH1338/followers"
                          },
                          {
                            "k": "following_url",
                            "v": "https://api.github.com/users/DanielRH1338/following{/other_user}"
                          },
                          {
                            "k": "gists_url",
                            "v": "https://api.github.com/users/DanielRH1338/gists{/gist_id}"
                          },
                          {
                            "k": "gravatar_id",
                            "v": ""
                          },
                          {
                            "k": "html_url",
                            "v": "https://github.com/DanielRH1338"
                          },
                          {
                            "k": "id",
                            "v": 330386797.0
                          },
                          {
                            "k": "login",
                            "v": "DanielRH1338"
                          },
                          {
                            "k": "name",
                            "v": "DanielRH1338"
                          },
                          {
                            "k": "node_id",
                            "v": "U_kgDOE7FNbQ"
                          },
                          {
                            "k": "organizations_url",
                            "v": "https://api.github.com/users/DanielRH1338/orgs"
                          },
                          {
                            "k": "received_events_url",
                            "v": "https://api.github.com/users/DanielRH1338/received_events"
                          },
                          {
                            "k": "repos_url",
                            "v": "https://api.github.com/users/DanielRH1338/repos"
                          },
                          {
                            "k": "site_admin",
                            "v": false
                          },
                          {
                            "k": "starred_url",
                            "v": "https://api.github.com/users/DanielRH1338/starred{/owner}{/repo}"
                          },
                          {
                            "k": "subscriptions_url",
                            "v": "https://api.github.com/users/DanielRH1338/subscriptions"
                          },
                          {
                            "k": "type",
                            "v": "User"
                          },
                          {
                            "k": "url",
                            "v": "https://api.github.com/users/DanielRH1338"
                          },
                          {
                            "k": "user_view_type",
                            "v": "public"
                          }
                        ]
                      }
                    },
                    {
                      "k": "private",
                      "v": false
                    },
                    {
                      "k": "pull_request_creation_policy",
                      "v": "all"
                    },
                    {
                      "k": "pulls_url",
                      "v": "https://api.github.com/repos/DanielRH1338/ProyectoGit/pulls{/number}"
                    },
                    {
                      "k": "pushed_at",
                      "v": 1790169782.0
                    },
                    {
                      "k": "releases_url",
                      "v": "https://api.github.com/repos/DanielRH1338/ProyectoGit/releases{/id}"
                    },
                    {
                      "k": "size",
                      "v": 183419.0
                    },
                    {
                      "k": "ssh_url",
                      "v": "git@github.com:DanielRH1338/ProyectoGit.git"
                    },
                    {
                      "k": "stargazers",
                      "v": 0.0
                    },
                    {
                      "k": "stargazers_count",
                      "v": 0.0
                    },
                    {
                      "k": "stargazers_url",
                      "v": "https://api.github.com/repos/DanielRH1338/ProyectoGit/stargazers"
                    },
                    {
                      "k": "statuses_url",
                      "v": "https://api.github.com/repos/DanielRH1338/ProyectoGit/statuses/{sha}"
                    },
                    {
                      "k": "subscribers_url",
                      "v": "https://api.github.com/repos/DanielRH1338/ProyectoGit/subscribers"
                    },
                    {
                      "k": "subscription_url",
                      "v": "https://api.github.com/repos/DanielRH1338/ProyectoGit/subscription"
                    },
                    {
                      "k": "svn_url",
                      "v": "https://github.com/DanielRH1338/ProyectoGit"
                    },
                    {
                      "k": "tags_url",
                      "v": "https://api.github.com/repos/DanielRH1338/ProyectoGit/tags"
                    },
                    {
                      "k": "teams_url",
                      "v": "https://api.github.com/repos/DanielRH1338/ProyectoGit/teams"
                    },
                    {
                      "k": "topics",
                      "v": {
                        "t": 1
                      }
                    },
                    {
                      "k": "trees_url",
                      "v": "https://api.github.com/repos/DanielRH1338/ProyectoGit/git/trees{/sha}"
                    },
                    {
                      "k": "updated_at",
                      "v": "2026-09-23T13:22:03Z"
                    },
                    {
                      "k": "url",
                      "v": "https://api.github.com/repos/DanielRH1338/ProyectoGit"
                    },
                    {
                      "k": "visibility",
                      "v": "public"
                    },
                    {
                      "k": "watchers",
                      "v": 0.0
                    },
                    {
                      "k": "watchers_count",
                      "v": 0.0
                    },
                    {
                      "k": "web_commit_signoff_required",
                      "v": false
                    }
                  ]
                }
              },
              {
                "k": "sender",
                "v": {
                  "t": 2,
                  "d": [
                    {
                      "k": "avatar_url",
                      "v": "https://avatars.githubusercontent.com/u/330386797?v=4"
                    },
                    {
                      "k": "events_url",
                      "v": "https://api.github.com/users/DanielRH1338/events{/privacy}"
                    },
                    {
                      "k": "followers_url",
                      "v": "https://api.github.com/users/DanielRH1338/followers"
                    },
                    {
                      "k": "following_url",
                      "v": "https://api.github.com/users/DanielRH1338/following{/other_user}"
                    },
                    {
                      "k": "gists_url",
                      "v": "https://api.github.com/users/DanielRH1338/gists{/gist_id}"
                    },
                    {
                      "k": "gravatar_id",
                      "v": ""
                    },
                    {
                      "k": "html_url",
                      "v": "https://github.com/DanielRH1338"
                    },
                    {
                      "k": "id",
                      "v": 330386797.0
                    },
                    {
                      "k": "login",
                      "v": "DanielRH1338"
                    },
                    {
                      "k": "node_id",
                      "v": "U_kgDOE7FNbQ"
                    },
                    {
                      "k": "organizations_url",
                      "v": "https://api.github.com/users/DanielRH1338/orgs"
                    },
                    {
                      "k": "received_events_url",
                      "v": "https://api.github.com/users/DanielRH1338/received_events"
                    },
                    {
                      "k": "repos_url",
                      "v": "https://api.github.com/users/DanielRH1338/repos"
                    },
                    {
                      "k": "site_admin",
                      "v": false
                    },
                    {
                      "k": "starred_url",
                      "v": "https://api.github.com/users/DanielRH1338/starred{/owner}{/repo}"
                    },
                    {
                      "k": "subscriptions_url",
                      "v": "https://api.github.com/users/DanielRH1338/subscriptions"
                    },
                    {
                      "k": "type",
                      "v": "User"
                    },
                    {
                      "k": "url",
                      "v": "https://api.github.com/users/DanielRH1338"
                    },
                    {
                      "k": "user_view_type",
                      "v": "public"
                    }
                  ]
                }
              }
            ]
          }
        },
        {
          "k": "workflow_ref",
          "v": "DanielRH1338/ProyectoGit/.github/workflows/prueba.yml@refs/heads/main"
        },
        {
          "k": "workflow_sha",
          "v": "fe246cf797cbb1ad1e11558fe3a562306b30ac33"
        },
        {
          "k": "repository_id",
          "v": "1375682283"
        },
        {
          "k": "triggering_actor",
          "v": "DanielRH1338"
        }
      ]
    },
    "inputs": {
      "t": 2
    },
    "job": {
      "t": 2,
      "d": [
        {
          "k": "check_run_id",
          "v": 107204234626.0
        },
        {
          "k": "workflow_ref",
          "v": "DanielRH1338/ProyectoGit/.github/workflows/prueba.yml@refs/heads/main"
        },
        {
          "k": "workflow_sha",
          "v": "fe246cf797cbb1ad1e11558fe3a562306b30ac33"
        },
        {
          "k": "workflow_repository",
          "v": "DanielRH1338/ProyectoGit"
        },
        {
          "k": "workflow_file_path",
          "v": ".github/workflows/prueba.yml"
        }
      ]
    },
    "matrix": null,
    "needs": {
      "t": 2
    },
    "strategy": {
      "t": 2,
      "d": [
        {
          "k": "fail-fast",
          "v": true
        },
        {
          "k": "job-index",
          "v": 0.0
        },
        {
          "k": "job-total",
          "v": 1.0
        },
        {
          "k": "max-parallel",
          "v": 1.0
        }
      ]
    },
    "vars": {
      "t": 2
    }
  },
  "billingOwnerId": "U_kgDOE7FNbQ"
}
[2026-09-23 13:33:58Z INFO JobRunner] Job ID bb9fbf78-c96e-54e8-a784-88481961b84e
[2026-09-23 13:33:58Z INFO ConfigurationStore] currentAssemblyLocation: C:\Users\Carolina\proyectoGit\actions-runner\bin\Runner.Worker.dll
[2026-09-23 13:33:58Z INFO HostContext] Well known directory 'Bin': 'C:\Users\Carolina\proyectoGit\actions-runner\bin'
[2026-09-23 13:33:58Z INFO ConfigurationStore] binPath: C:\Users\Carolina\proyectoGit\actions-runner\bin
[2026-09-23 13:33:58Z INFO HostContext] Well known directory 'Bin': 'C:\Users\Carolina\proyectoGit\actions-runner\bin'
[2026-09-23 13:33:58Z INFO HostContext] Well known directory 'Root': 'C:\Users\Carolina\proyectoGit\actions-runner'
[2026-09-23 13:33:58Z INFO ConfigurationStore] RootFolder: C:\Users\Carolina\proyectoGit\actions-runner
[2026-09-23 13:33:58Z INFO HostContext] Well known directory 'Bin': 'C:\Users\Carolina\proyectoGit\actions-runner\bin'
[2026-09-23 13:33:58Z INFO HostContext] Well known directory 'Root': 'C:\Users\Carolina\proyectoGit\actions-runner'
[2026-09-23 13:33:58Z INFO HostContext] Well known config file 'Runner': 'C:\Users\Carolina\proyectoGit\actions-runner\.runner'
[2026-09-23 13:33:58Z INFO ConfigurationStore] ConfigFilePath: C:\Users\Carolina\proyectoGit\actions-runner\.runner
[2026-09-23 13:33:58Z INFO HostContext] Well known directory 'Bin': 'C:\Users\Carolina\proyectoGit\actions-runner\bin'
[2026-09-23 13:33:58Z INFO HostContext] Well known directory 'Root': 'C:\Users\Carolina\proyectoGit\actions-runner'
[2026-09-23 13:33:58Z INFO HostContext] Well known config file 'MigratedRunner': 'C:\Users\Carolina\proyectoGit\actions-runner\.runner_migrated'
[2026-09-23 13:33:58Z INFO ConfigurationStore] MigratedConfigFilePath: C:\Users\Carolina\proyectoGit\actions-runner\.runner_migrated
[2026-09-23 13:33:58Z INFO HostContext] Well known directory 'Bin': 'C:\Users\Carolina\proyectoGit\actions-runner\bin'
[2026-09-23 13:33:58Z INFO HostContext] Well known directory 'Root': 'C:\Users\Carolina\proyectoGit\actions-runner'
[2026-09-23 13:33:58Z INFO HostContext] Well known config file 'Credentials': 'C:\Users\Carolina\proyectoGit\actions-runner\.credentials'
[2026-09-23 13:33:58Z INFO ConfigurationStore] CredFilePath: C:\Users\Carolina\proyectoGit\actions-runner\.credentials
[2026-09-23 13:33:58Z INFO HostContext] Well known directory 'Bin': 'C:\Users\Carolina\proyectoGit\actions-runner\bin'
[2026-09-23 13:33:58Z INFO HostContext] Well known directory 'Root': 'C:\Users\Carolina\proyectoGit\actions-runner'
[2026-09-23 13:33:58Z INFO HostContext] Well known config file 'MigratedCredentials': 'C:\Users\Carolina\proyectoGit\actions-runner\.credentials_migrated'
[2026-09-23 13:33:58Z INFO ConfigurationStore] MigratedCredFilePath: C:\Users\Carolina\proyectoGit\actions-runner\.credentials_migrated
[2026-09-23 13:33:58Z INFO HostContext] Well known directory 'Bin': 'C:\Users\Carolina\proyectoGit\actions-runner\bin'
[2026-09-23 13:33:58Z INFO HostContext] Well known directory 'Root': 'C:\Users\Carolina\proyectoGit\actions-runner'
[2026-09-23 13:33:58Z INFO HostContext] Well known config file 'Service': 'C:\Users\Carolina\proyectoGit\actions-runner\.service'
[2026-09-23 13:33:58Z INFO ConfigurationStore] ServiceConfigFilePath: C:\Users\Carolina\proyectoGit\actions-runner\.service
[2026-09-23 13:33:58Z INFO ConfigurationStore] Read setting file: 395 chars
[2026-09-23 13:33:58Z INFO JobRunner] Initializing launch client
[2026-09-23 13:33:58Z INFO JobServerQueue] Initializing results client
[2026-09-23 13:33:58Z INFO ResultServer] Creating websocket client ...wss://results-receiver.actions.githubusercontent.com/_ws/ingest.sock
[2026-09-23 13:33:58Z INFO ResultServer] Attempting to start websocket client with delay 00:00:00.
[2026-09-23 13:33:58Z INFO JobServerQueue] Start process web console line queue.
[2026-09-23 13:33:58Z INFO JobServerQueue] Start process file upload queue.
[2026-09-23 13:33:58Z INFO JobServerQueue] Start results file upload queue.
[2026-09-23 13:33:58Z INFO JobServerQueue] Starting results-based upload queue...
[2026-09-23 13:33:58Z INFO JobServerQueue] Start process timeline update queue.
[2026-09-23 13:33:58Z INFO ExecutionContext] Initializing Job context
[2026-09-23 13:33:58Z INFO ExecutionContext] Initialize GitHub context
[2026-09-23 13:33:58Z INFO ExecutionContext] Initialize Env context
[2026-09-23 13:33:58Z INFO HostContext] Well known directory 'Bin': 'C:\Users\Carolina\proyectoGit\actions-runner\bin'
[2026-09-23 13:33:58Z INFO HostContext] Well known directory 'Root': 'C:\Users\Carolina\proyectoGit\actions-runner'
[2026-09-23 13:33:58Z INFO HostContext] Well known directory 'Diag': 'C:\Users\Carolina\proyectoGit\actions-runner\_diag'
[2026-09-23 13:33:58Z INFO HostContext] Well known directory 'Bin': 'C:\Users\Carolina\proyectoGit\actions-runner\bin'
[2026-09-23 13:33:58Z INFO HostContext] Well known directory 'Root': 'C:\Users\Carolina\proyectoGit\actions-runner'
[2026-09-23 13:33:58Z INFO HostContext] Well known directory 'Diag': 'C:\Users\Carolina\proyectoGit\actions-runner\_diag'
[2026-09-23 13:33:58Z INFO JobRunner] Starting the job execution context.
[2026-09-23 13:33:58Z INFO HostContext] Well known directory 'Bin': 'C:\Users\Carolina\proyectoGit\actions-runner\bin'
[2026-09-23 13:33:58Z INFO HostContext] Well known directory 'Root': 'C:\Users\Carolina\proyectoGit\actions-runner'
[2026-09-23 13:33:58Z INFO HostContext] Well known directory 'Work': 'C:\Users\Carolina\proyectoGit\actions-runner\_work'
[2026-09-23 13:33:58Z INFO JobRunner] Validating directory permissions for: 'C:\Users\Carolina\proyectoGit\actions-runner\_work'
[2026-09-23 13:33:58Z INFO HostContext] Well known directory 'Bin': 'C:\Users\Carolina\proyectoGit\actions-runner\bin'
[2026-09-23 13:33:58Z INFO HostContext] Well known directory 'Root': 'C:\Users\Carolina\proyectoGit\actions-runner'
[2026-09-23 13:33:58Z INFO HostContext] Well known directory 'Work': 'C:\Users\Carolina\proyectoGit\actions-runner\_work'
[2026-09-23 13:33:58Z INFO HostContext] Well known directory 'Tools': 'C:\Users\Carolina\proyectoGit\actions-runner\_work\_tool'
[2026-09-23 13:33:58Z INFO HostContext] Well known directory 'Bin': 'C:\Users\Carolina\proyectoGit\actions-runner\bin'
[2026-09-23 13:33:58Z INFO HostContext] Well known directory 'Root': 'C:\Users\Carolina\proyectoGit\actions-runner'
[2026-09-23 13:33:58Z INFO HostContext] Well known directory 'Work': 'C:\Users\Carolina\proyectoGit\actions-runner\_work'
[2026-09-23 13:33:58Z INFO HostContext] Well known directory 'Temp': 'C:\Users\Carolina\proyectoGit\actions-runner\_work\_temp'
[2026-09-23 13:33:58Z INFO JobRunner] Getting job extension.
[2026-09-23 13:33:58Z INFO JobRunner] Initialize job. Getting all job steps.
[2026-09-23 13:33:58Z INFO HostContext] Well known directory 'Bin': 'C:\Users\Carolina\proyectoGit\actions-runner\bin'
[2026-09-23 13:33:58Z INFO HostContext] Well known directory 'Root': 'C:\Users\Carolina\proyectoGit\actions-runner'
[2026-09-23 13:33:58Z INFO HostContext] Well known directory 'Diag': 'C:\Users\Carolina\proyectoGit\actions-runner\_diag'
[2026-09-23 13:33:58Z INFO HostContext] Well known directory 'Bin': 'C:\Users\Carolina\proyectoGit\actions-runner\bin'
[2026-09-23 13:33:58Z INFO HostContext] Well known directory 'Root': 'C:\Users\Carolina\proyectoGit\actions-runner'
[2026-09-23 13:33:58Z INFO HostContext] Well known directory 'Diag': 'C:\Users\Carolina\proyectoGit\actions-runner\_diag'
[2026-09-23 13:33:58Z INFO HostContext] Well known directory 'Bin': 'C:\Users\Carolina\proyectoGit\actions-runner\bin'
[2026-09-23 13:33:58Z INFO HostContext] Well known directory 'Root': 'C:\Users\Carolina\proyectoGit\actions-runner'
[2026-09-23 13:33:58Z INFO HostContext] Well known config file 'Credentials': 'C:\Users\Carolina\proyectoGit\actions-runner\.credentials'
[2026-09-23 13:33:58Z INFO HostContext] Well known directory 'Bin': 'C:\Users\Carolina\proyectoGit\actions-runner\bin'
[2026-09-23 13:33:58Z INFO HostContext] Well known directory 'Root': 'C:\Users\Carolina\proyectoGit\actions-runner'
[2026-09-23 13:33:58Z INFO HostContext] Well known config file 'SetupInfo': 'C:\Users\Carolina\proyectoGit\actions-runner\.setup_info'
[2026-09-23 13:33:58Z INFO HostContext] Well known directory 'Bin': 'C:\Users\Carolina\proyectoGit\actions-runner\bin'
[2026-09-23 13:33:58Z INFO HostContext] Well known directory 'Root': 'C:\Users\Carolina\proyectoGit\actions-runner'
[2026-09-23 13:33:58Z INFO HostContext] Well known directory 'Work': 'C:\Users\Carolina\proyectoGit\actions-runner\_work'
[2026-09-23 13:33:58Z INFO PipelineDirectoryManager] Loading tracking config if exists: C:\Users\Carolina\proyectoGit\actions-runner\_work\_PipelineMapping\DanielRH1338/ProyectoGit\PipelineFolder.json
[2026-09-23 13:33:58Z INFO PipelineDirectoryManager] Updating job run properties.
[2026-09-23 13:33:58Z INFO HostContext] Well known directory 'Bin': 'C:\Users\Carolina\proyectoGit\actions-runner\bin'
[2026-09-23 13:33:58Z INFO HostContext] Well known directory 'Root': 'C:\Users\Carolina\proyectoGit\actions-runner'
[2026-09-23 13:33:58Z INFO HostContext] Well known directory 'Work': 'C:\Users\Carolina\proyectoGit\actions-runner\_work'
[2026-09-23 13:33:58Z INFO HostContext] Well known directory 'Bin': 'C:\Users\Carolina\proyectoGit\actions-runner\bin'
[2026-09-23 13:33:58Z INFO HostContext] Well known directory 'Root': 'C:\Users\Carolina\proyectoGit\actions-runner'
[2026-09-23 13:33:58Z INFO HostContext] Well known directory 'Work': 'C:\Users\Carolina\proyectoGit\actions-runner\_work'
[2026-09-23 13:33:58Z INFO HostContext] Well known directory 'Bin': 'C:\Users\Carolina\proyectoGit\actions-runner\bin'
[2026-09-23 13:33:58Z INFO HostContext] Well known directory 'Root': 'C:\Users\Carolina\proyectoGit\actions-runner'
[2026-09-23 13:33:58Z INFO HostContext] Well known directory 'Work': 'C:\Users\Carolina\proyectoGit\actions-runner\_work'
[2026-09-23 13:33:58Z INFO JobExtension] Downloading actions
[2026-09-23 13:33:58Z INFO HostContext] Well known directory 'Bin': 'C:\Users\Carolina\proyectoGit\actions-runner\bin'
[2026-09-23 13:33:58Z INFO HostContext] Well known directory 'Root': 'C:\Users\Carolina\proyectoGit\actions-runner'
[2026-09-23 13:33:58Z INFO HostContext] Well known directory 'Work': 'C:\Users\Carolina\proyectoGit\actions-runner\_work'
[2026-09-23 13:33:58Z INFO HostContext] Well known directory 'Actions': 'C:\Users\Carolina\proyectoGit\actions-runner\_work\_actions'
[2026-09-23 13:33:58Z INFO JobExtension] Adding .
[2026-09-23 13:33:58Z INFO HostContext] Well known directory 'Bin': 'C:\Users\Carolina\proyectoGit\actions-runner\bin'
[2026-09-23 13:33:58Z INFO HostContext] Well known directory 'Root': 'C:\Users\Carolina\proyectoGit\actions-runner'
[2026-09-23 13:33:58Z INFO HostContext] Well known directory 'Diag': 'C:\Users\Carolina\proyectoGit\actions-runner\_diag'
[2026-09-23 13:33:58Z INFO HostContext] Well known directory 'Bin': 'C:\Users\Carolina\proyectoGit\actions-runner\bin'
[2026-09-23 13:33:58Z INFO HostContext] Well known directory 'Root': 'C:\Users\Carolina\proyectoGit\actions-runner'
[2026-09-23 13:33:58Z INFO HostContext] Well known directory 'Diag': 'C:\Users\Carolina\proyectoGit\actions-runner\_diag'
[2026-09-23 13:33:58Z INFO JobExtension] Total accessible running process: 265.
[2026-09-23 13:33:58Z INFO HostContext] Well known directory 'Bin': 'C:\Users\Carolina\proyectoGit\actions-runner\bin'
[2026-09-23 13:33:58Z INFO HostContext] Well known directory 'Root': 'C:\Users\Carolina\proyectoGit\actions-runner'
[2026-09-23 13:33:58Z INFO HostContext] Well known directory 'Work': 'C:\Users\Carolina\proyectoGit\actions-runner\_work'
[2026-09-23 13:33:58Z INFO JobExtension] Start checking server connectivity.
[2026-09-23 13:33:58Z INFO JobExtension] Check server connectivity for https://broker.actions.githubusercontent.com/health.
[2026-09-23 13:33:58Z INFO JobExtension] Check server connectivity for https://token.actions.githubusercontent.com/ready.
[2026-09-23 13:33:58Z INFO JobExtension] Check server connectivity for https://run.actions.githubusercontent.com/health.
[2026-09-23 13:33:58Z INFO JobExtension] Start checking service connectivity in background.
[2026-09-23 13:33:58Z INFO ExecutionContext] Publish step telemetry for current step {
  "action": "setup_job",
  "type": "runner",
  "stage": "Pre",
  "stepId": "eaf25057-9fbb-4893-b01f-c60143b1db84",
  "result": "succeeded",
  "errorMessages": [],
  "executionTimeInSeconds": 1,
  "startTime": "2026-09-23T13:33:58.4199042Z",
  "finishTime": "2026-09-23T13:33:58.4955681Z"
}.
[2026-09-23 13:33:58Z INFO JobRunner] Total job steps: 1.
[2026-09-23 13:33:58Z INFO JobRunner] Run all job steps.
[2026-09-23 13:33:58Z INFO DapDebugger] DapDebugger initialized
[2026-09-23 13:33:58Z INFO StepsRunner] Processing step: DisplayName='Comparar secret con variable local'
[2026-09-23 13:33:58Z INFO StepsRunner] Evaluating: success()
[2026-09-23 13:33:58Z INFO StepsRunner] Result: true
[2026-09-23 13:33:58Z INFO StepsRunner] Starting the step.
[2026-09-23 13:33:58Z INFO HostContext] Well known directory 'Bin': 'C:\Users\Carolina\proyectoGit\actions-runner\bin'
[2026-09-23 13:33:58Z INFO HostContext] Well known directory 'Root': 'C:\Users\Carolina\proyectoGit\actions-runner'
[2026-09-23 13:33:58Z INFO HostContext] Well known directory 'Work': 'C:\Users\Carolina\proyectoGit\actions-runner\_work'
[2026-09-23 13:33:58Z INFO StepsRunner] Which2: 'chcp'
[2026-09-23 13:33:58Z INFO StepsRunner] Location: 'C:\WINDOWS\system32\chcp.COM'
[2026-09-23 13:33:58Z INFO ProcessInvokerWrapper] Starting process:
[2026-09-23 13:33:58Z INFO ProcessInvokerWrapper]   File name: 'C:\WINDOWS\system32\chcp.COM'
[2026-09-23 13:33:58Z INFO ProcessInvokerWrapper]   Arguments: '65001'
[2026-09-23 13:33:58Z INFO ProcessInvokerWrapper]   Working directory: 'C:\Users\Carolina\proyectoGit\actions-runner\_work'
[2026-09-23 13:33:58Z INFO ProcessInvokerWrapper]   Require exit code zero: 'False'
[2026-09-23 13:33:58Z INFO ProcessInvokerWrapper]   Encoding web name:  ; code page: ''
[2026-09-23 13:33:58Z INFO ProcessInvokerWrapper]   Force kill process on cancellation: 'False'
[2026-09-23 13:33:58Z INFO ProcessInvokerWrapper]   Redirected STDIN: 'False'
[2026-09-23 13:33:58Z INFO ProcessInvokerWrapper]   Persist current code page: 'True'
[2026-09-23 13:33:58Z INFO ProcessInvokerWrapper]   Keep redirected STDIN open: 'False'
[2026-09-23 13:33:58Z INFO ProcessInvokerWrapper]   High priority process: 'False'
[2026-09-23 13:33:58Z INFO ProcessInvokerWrapper] Process started with process id 11884, waiting for process exit.
[2026-09-23 13:33:58Z INFO Worker] Listening for cancel message from the channel.
[2026-09-23 13:33:58Z INFO Worker] Waiting for the job to complete or for a cancel message from the channel.
[2026-09-23 13:33:58Z INFO ProcessInvokerWrapper] STDOUT/STDERR stream read finished.
[2026-09-23 13:33:58Z INFO ProcessInvokerWrapper] STDOUT/STDERR stream read finished.
[2026-09-23 13:33:58Z INFO ProcessInvokerWrapper] Finished process 11884 with exit code 0, and elapsed time 00:00:00.0160570.
[2026-09-23 13:33:58Z INFO StepsRunner] Successfully returned to code page 65001 (UTF8)
[2026-09-23 13:33:58Z INFO HostContext] Well known directory 'Bin': 'C:\Users\Carolina\proyectoGit\actions-runner\bin'
[2026-09-23 13:33:58Z INFO HostContext] Well known directory 'Root': 'C:\Users\Carolina\proyectoGit\actions-runner'
[2026-09-23 13:33:58Z INFO HostContext] Well known directory 'Work': 'C:\Users\Carolina\proyectoGit\actions-runner\_work'
[2026-09-23 13:33:58Z INFO HostContext] Well known directory 'Temp': 'C:\Users\Carolina\proyectoGit\actions-runner\_work\_temp'
[2026-09-23 13:33:58Z INFO ExecutionContext] Write event payload to C:\Users\Carolina\proyectoGit\actions-runner\_work\_temp\_github_workflow\event.json
[2026-09-23 13:33:58Z INFO HostContext] Well known directory 'Bin': 'C:\Users\Carolina\proyectoGit\actions-runner\bin'
[2026-09-23 13:33:58Z INFO HostContext] Well known directory 'Root': 'C:\Users\Carolina\proyectoGit\actions-runner'
[2026-09-23 13:33:58Z INFO HostContext] Well known directory 'Work': 'C:\Users\Carolina\proyectoGit\actions-runner\_work'
[2026-09-23 13:33:58Z INFO HostContext] Well known directory 'Temp': 'C:\Users\Carolina\proyectoGit\actions-runner\_work\_temp'
[2026-09-23 13:33:58Z INFO ExtensionManager] Getting extensions for interface: 'GitHub.Runner.Worker.IFileCommandExtension'
[2026-09-23 13:33:58Z INFO ExtensionManager] Creating instance: GitHub.Runner.Worker.AddPathFileCommand, Runner.Worker
[2026-09-23 13:33:58Z INFO ExtensionManager] Creating instance: GitHub.Runner.Worker.SetEnvFileCommand, Runner.Worker
[2026-09-23 13:33:58Z INFO ExtensionManager] Creating instance: GitHub.Runner.Worker.CreateStepSummaryCommand, Runner.Worker
[2026-09-23 13:33:58Z INFO ExtensionManager] Creating instance: GitHub.Runner.Worker.SaveStateFileCommand, Runner.Worker
[2026-09-23 13:33:58Z INFO ExtensionManager] Creating instance: GitHub.Runner.Worker.SetOutputFileCommand, Runner.Worker
[2026-09-23 13:33:58Z INFO ExtensionManager] Creating instance: GitHub.Runner.Worker.CreateArtifactsFileCommand, Runner.Worker
[2026-09-23 13:33:58Z INFO ExtensionManager] Creating instance: GitHub.Runner.Worker.ArtifactsListFileCommand, Runner.Worker
[2026-09-23 13:33:58Z INFO ExtensionManager] Getting extensions for interface: 'GitHub.Runner.Worker.IActionCommandExtension'
[2026-09-23 13:33:58Z INFO ExtensionManager] Creating instance: GitHub.Runner.Worker.InternalPluginSetRepoPathCommandExtension, Runner.Worker
[2026-09-23 13:33:58Z INFO ExtensionManager] Creating instance: GitHub.Runner.Worker.SetEnvCommandExtension, Runner.Worker
[2026-09-23 13:33:58Z INFO ExtensionManager] Creating instance: GitHub.Runner.Worker.SetOutputCommandExtension, Runner.Worker
[2026-09-23 13:33:58Z INFO ExtensionManager] Creating instance: GitHub.Runner.Worker.SaveStateCommandExtension, Runner.Worker
[2026-09-23 13:33:58Z INFO ExtensionManager] Creating instance: GitHub.Runner.Worker.AddPathCommandExtension, Runner.Worker
[2026-09-23 13:33:58Z INFO ExtensionManager] Creating instance: GitHub.Runner.Worker.AddMaskCommandExtension, Runner.Worker
[2026-09-23 13:33:58Z INFO ExtensionManager] Creating instance: GitHub.Runner.Worker.AddMatcherCommandExtension, Runner.Worker
[2026-09-23 13:33:58Z INFO ExtensionManager] Creating instance: GitHub.Runner.Worker.RemoveMatcherCommandExtension, Runner.Worker
[2026-09-23 13:33:58Z INFO ExtensionManager] Creating instance: GitHub.Runner.Worker.WarningCommandExtension, Runner.Worker
[2026-09-23 13:33:58Z INFO ExtensionManager] Creating instance: GitHub.Runner.Worker.ErrorCommandExtension, Runner.Worker
[2026-09-23 13:33:58Z INFO ExtensionManager] Creating instance: GitHub.Runner.Worker.NoticeCommandExtension, Runner.Worker
[2026-09-23 13:33:58Z INFO ExtensionManager] Creating instance: GitHub.Runner.Worker.DebugCommandExtension, Runner.Worker
[2026-09-23 13:33:58Z INFO ExtensionManager] Creating instance: GitHub.Runner.Worker.GroupCommandExtension, Runner.Worker
[2026-09-23 13:33:58Z INFO ExtensionManager] Creating instance: GitHub.Runner.Worker.EndGroupCommandExtension, Runner.Worker
[2026-09-23 13:33:58Z INFO ExtensionManager] Creating instance: GitHub.Runner.Worker.EchoCommandExtension, Runner.Worker
[2026-09-23 13:33:58Z INFO ActionCommandManager] Register action command extension for command internal-set-repo-path
[2026-09-23 13:33:58Z INFO ActionCommandManager] Register action command extension for command set-env
[2026-09-23 13:33:58Z INFO ActionCommandManager] Register action command extension for command set-output
[2026-09-23 13:33:58Z INFO ActionCommandManager] Register action command extension for command save-state
[2026-09-23 13:33:58Z INFO ActionCommandManager] Register action command extension for command add-path
[2026-09-23 13:33:58Z INFO ActionCommandManager] Register action command extension for command add-mask
[2026-09-23 13:33:58Z INFO ActionCommandManager] Register action command extension for command add-matcher
[2026-09-23 13:33:58Z INFO ActionCommandManager] Register action command extension for command remove-matcher
[2026-09-23 13:33:58Z INFO ActionCommandManager] Register action command extension for command warning
[2026-09-23 13:33:58Z INFO ActionCommandManager] Register action command extension for command error
[2026-09-23 13:33:58Z INFO ActionCommandManager] Register action command extension for command notice
[2026-09-23 13:33:58Z INFO ActionCommandManager] Register action command extension for command debug
[2026-09-23 13:33:58Z INFO ActionCommandManager] Register action command extension for command group
[2026-09-23 13:33:58Z INFO ActionCommandManager] Register action command extension for command endgroup
[2026-09-23 13:33:58Z INFO ActionCommandManager] Register action command extension for command echo
[2026-09-23 13:33:58Z INFO ScriptHandler] Which2: 'pwsh'
[2026-09-23 13:33:58Z INFO ScriptHandler] pwsh: command not found. Make sure 'pwsh' is installed and its location included in the 'Path' environment variable.
[2026-09-23 13:33:58Z INFO ScriptHandler] Defaulting to powershell
[2026-09-23 13:33:58Z INFO ScriptHandler] Which2: 'powershell'
[2026-09-23 13:33:58Z INFO ScriptHandler] Location: 'C:\WINDOWS\System32\WindowsPowerShell\v1.0\powershell.EXE'
[2026-09-23 13:33:58Z INFO HostContext] Well known directory 'Bin': 'C:\Users\Carolina\proyectoGit\actions-runner\bin'
[2026-09-23 13:33:58Z INFO HostContext] Well known directory 'Root': 'C:\Users\Carolina\proyectoGit\actions-runner'
[2026-09-23 13:33:58Z INFO HostContext] Well known directory 'Work': 'C:\Users\Carolina\proyectoGit\actions-runner\_work'
[2026-09-23 13:33:58Z INFO HostContext] Well known directory 'Temp': 'C:\Users\Carolina\proyectoGit\actions-runner\_work\_temp'
[2026-09-23 13:33:58Z INFO ScriptHandler] Which2: 'pwsh'
[2026-09-23 13:33:58Z INFO ScriptHandler] pwsh: command not found. Make sure 'pwsh' is installed and its location included in the 'Path' environment variable.
[2026-09-23 13:33:58Z INFO ScriptHandler] Defaulting to powershell
[2026-09-23 13:33:58Z INFO ScriptHandler] Which2: 'powershell'
[2026-09-23 13:33:58Z INFO ScriptHandler] Location: 'C:\WINDOWS\System32\WindowsPowerShell\v1.0\powershell.EXE'
[2026-09-23 13:33:58Z INFO ProcessInvokerWrapper] Starting process:
[2026-09-23 13:33:58Z INFO ProcessInvokerWrapper]   File name: 'C:\WINDOWS\System32\WindowsPowerShell\v1.0\powershell.EXE'
[2026-09-23 13:33:58Z INFO ProcessInvokerWrapper]   Arguments: '-command ". 'C:\Users\Carolina\proyectoGit\actions-runner\_work\_temp\aee14f09-29b1-485a-9b11-2f6a59cf35a4.ps1'"'
[2026-09-23 13:33:58Z INFO ProcessInvokerWrapper]   Working directory: 'C:\Users\Carolina\proyectoGit\actions-runner\_work\ProyectoGit\ProyectoGit'
[2026-09-23 13:33:58Z INFO ProcessInvokerWrapper]   Require exit code zero: 'False'
[2026-09-23 13:33:58Z INFO ProcessInvokerWrapper]   Encoding web name:  ; code page: ''
[2026-09-23 13:33:58Z INFO ProcessInvokerWrapper]   Force kill process on cancellation: 'False'
[2026-09-23 13:33:58Z INFO ProcessInvokerWrapper]   Redirected STDIN: 'False'
[2026-09-23 13:33:58Z INFO ProcessInvokerWrapper]   Persist current code page: 'True'
[2026-09-23 13:33:58Z INFO ProcessInvokerWrapper]   Keep redirected STDIN open: 'False'
[2026-09-23 13:33:58Z INFO ProcessInvokerWrapper]   High priority process: 'False'
[2026-09-23 13:33:58Z INFO ProcessInvokerWrapper] Process started with process id 12360, waiting for process exit.
[2026-09-23 13:33:58Z INFO ResultServer] Successfully started websocket client.
[2026-09-23 13:33:58Z INFO JobServerQueue] Try to append 1 batches web console lines for record 'eaf25057-9fbb-4893-b01f-c60143b1db84', success rate: 1/1.
[2026-09-23 13:33:58Z INFO JobServerQueue] Try to append 1 batches web console lines for record '8308cf67-b068-473f-a697-7590f2f1b47c', success rate: 1/1.
[2026-09-23 13:33:59Z INFO ProcessInvokerWrapper] STDOUT/STDERR stream read finished.
[2026-09-23 13:33:59Z INFO ProcessInvokerWrapper] STDOUT/STDERR stream read finished.
[2026-09-23 13:33:59Z INFO ProcessInvokerWrapper] Finished process 12360 with exit code 1, and elapsed time 00:00:00.5446032.
[2026-09-23 13:33:59Z INFO CreateStepSummaryCommand] Step Summary file (C:\Users\Carolina\proyectoGit\actions-runner\_work\_temp\_runner_file_commands\step_summary_f5a5aa54-7dd4-41c4-94b1-f46d5996a870) is empty; skipping attachment upload
[2026-09-23 13:33:59Z INFO StepsRunner] Step result: Failed
[2026-09-23 13:33:59Z INFO ExecutionContext] Publish step telemetry for current step {
  "action": "powershell",
  "type": "run",
  "stage": "Main",
  "stepId": "8308cf67-b068-473f-a697-7590f2f1b47c",
  "stepContextName": "__run",
  "result": "failed",
  "errorMessages": [
    "Process completed with exit code 1."
  ],
  "executionTimeInSeconds": 1,
  "startTime": "2026-09-23T13:33:58.5179344Z",
  "finishTime": "2026-09-23T13:33:59.1770681Z"
}.
[2026-09-23 13:33:59Z INFO StepsRunner] Update job result with current step result 'Failed'.
[2026-09-23 13:33:59Z INFO StepsRunner] Current state: job state = 'Failed'
[2026-09-23 13:33:59Z INFO JobRunner] Finalize job.
[2026-09-23 13:33:59Z INFO HostContext] Well known directory 'Bin': 'C:\Users\Carolina\proyectoGit\actions-runner\bin'
[2026-09-23 13:33:59Z INFO HostContext] Well known directory 'Root': 'C:\Users\Carolina\proyectoGit\actions-runner'
[2026-09-23 13:33:59Z INFO HostContext] Well known directory 'Diag': 'C:\Users\Carolina\proyectoGit\actions-runner\_diag'
[2026-09-23 13:33:59Z INFO HostContext] Well known directory 'Bin': 'C:\Users\Carolina\proyectoGit\actions-runner\bin'
[2026-09-23 13:33:59Z INFO HostContext] Well known directory 'Root': 'C:\Users\Carolina\proyectoGit\actions-runner'
[2026-09-23 13:33:59Z INFO HostContext] Well known directory 'Diag': 'C:\Users\Carolina\proyectoGit\actions-runner\_diag'
[2026-09-23 13:33:59Z INFO JobExtension] Initialize Env context
[2026-09-23 13:33:59Z INFO JobExtension] Initialize steps context
[2026-09-23 13:33:59Z INFO JobExtension] Total accessible running process: 265.
[2026-09-23 13:33:59Z INFO JobExtension] Wait for all connectivity checks to finish.
[2026-09-23 13:33:59Z INFO JobExtension] Connectivity check result: {
  "endpointUrl": "https://broker.actions.githubusercontent.com/health",
  "endpointIPs": null,
  "startTime": "2026-09-23T13:33:58.4850627Z",
  "statusCode": "http_OK",
  "requestId": "EE14:3B3BB:3B198F0:3D00F5D:6AB3D545",
  "httpRequestDurationInMs": 317,
  "dnsResolutionDurationInMs": 0,
  "dnsError": null
}
[2026-09-23 13:33:59Z INFO JobExtension] Connectivity check result: {
  "endpointUrl": "https://token.actions.githubusercontent.com/ready",
  "endpointIPs": null,
  "startTime": "2026-09-23T13:33:58.4922488Z",
  "statusCode": "http_NoContent",
  "requestId": "EE15:33C874:3AA4235:42D5DB2:6AB3D545",
  "httpRequestDurationInMs": 342,
  "dnsResolutionDurationInMs": 0,
  "dnsError": null
}
[2026-09-23 13:33:59Z INFO JobExtension] Connectivity check result: {
  "endpointUrl": "https://run.actions.githubusercontent.com/health",
  "endpointIPs": null,
  "startTime": "2026-09-23T13:33:58.4925609Z",
  "statusCode": "http_OK",
  "requestId": "EE13:4FDC0:393DCDA:3B24F8C:6AB3D545",
  "httpRequestDurationInMs": 316,
  "dnsResolutionDurationInMs": 0,
  "dnsError": null
}
[2026-09-23 13:33:59Z INFO ExecutionContext] Publish step telemetry for current step {
  "action": "complete_job",
  "type": "runner",
  "stage": "Post",
  "stepId": "0172ee78-e55d-4a7e-a011-f78c98647942",
  "result": "succeeded",
  "errorMessages": [],
  "executionTimeInSeconds": 1,
  "startTime": "2026-09-23T13:33:59.1885838Z",
  "finishTime": "2026-09-23T13:33:59.2085193Z"
}.
[2026-09-23 13:33:59Z INFO JobRunner] Job result after all job steps finish: Failed
[2026-09-23 13:33:59Z INFO JobRunner] Completing the job execution context.
[2026-09-23 13:33:59Z INFO JobRunner] Shutting down the job server queue.
[2026-09-23 13:33:59Z INFO JobServerQueue] Fire signal to shutdown all queues.
[2026-09-23 13:33:59Z INFO JobServerQueue] Job timeline record has been updated for the first time.
[2026-09-23 13:33:59Z INFO JobServerQueue] All queue process task stopped.
[2026-09-23 13:33:59Z INFO JobServerQueue] Try to append 1 batches web console lines for record '8308cf67-b068-473f-a697-7590f2f1b47c', success rate: 1/1.
[2026-09-23 13:33:59Z INFO JobServerQueue] Try to append 1 batches web console lines for record '0172ee78-e55d-4a7e-a011-f78c98647942', success rate: 1/1.
[2026-09-23 13:33:59Z INFO JobServerQueue] Web console line queue drained.
[2026-09-23 13:33:59Z INFO JobServerQueue] Uploading 4 files in one shot.
[2026-09-23 13:33:59Z INFO JobServerQueue] Try to upload 4 log files or attachments, success rate: 4/4.
[2026-09-23 13:33:59Z INFO JobServerQueue] File upload queue drained.
[2026-09-23 13:33:59Z INFO JobServerQueue] Starting results-based upload queue...
[2026-09-23 13:33:59Z INFO JobServerQueue] Uploading 4 file(s) in one shot through results service.
[2026-09-23 13:33:59Z INFO JobServerQueue] Got a step log file to send to results service.
[2026-09-23 13:33:59Z INFO JobServerQueue] Starting upload of step log file to results service ResultsLog, C:\Users\Carolina\proyectoGit\actions-runner\_diag\blocks\a94323e6-c000-43ef-95d3-29990488ca1c_eaf25057-9fbb-4893-b01f-c60143b1db84.1
[2026-09-23 13:34:00Z INFO JobServerQueue] Got a step log file to send to results service.
[2026-09-23 13:34:00Z INFO JobServerQueue] Starting upload of step log file to results service ResultsLog, C:\Users\Carolina\proyectoGit\actions-runner\_diag\blocks\a94323e6-c000-43ef-95d3-29990488ca1c_8308cf67-b068-473f-a697-7590f2f1b47c.1
[2026-09-23 13:34:01Z INFO JobServerQueue] Got a step log file to send to results service.
[2026-09-23 13:34:01Z INFO JobServerQueue] Starting upload of step log file to results service ResultsLog, C:\Users\Carolina\proyectoGit\actions-runner\_diag\blocks\a94323e6-c000-43ef-95d3-29990488ca1c_0172ee78-e55d-4a7e-a011-f78c98647942.1
[2026-09-23 13:34:01Z INFO JobServerQueue] Got a job log file to send to results service.
[2026-09-23 13:34:01Z INFO JobServerQueue] Starting upload of job log file to results service ResultsLog, C:\Users\Carolina\proyectoGit\actions-runner\_diag\blocks\a94323e6-c000-43ef-95d3-29990488ca1c_bb9fbf78-c96e-54e8-a784-88481961b84e.1
[2026-09-23 13:34:01Z INFO JobServerQueue] Tried to upload 4 file(s) to results, success rate: 4/4.
[2026-09-23 13:34:01Z INFO JobServerQueue] Results upload queue drained.
[2026-09-23 13:34:02Z INFO JobServerQueue] Timeline update queue drained.
[2026-09-23 13:34:02Z INFO JobServerQueue] Disposing job server ...
[2026-09-23 13:34:02Z INFO JobServerQueue] Disposing results server ...
[2026-09-23 13:34:02Z INFO JobServerQueue] All queue process tasks have been stopped, and all queues are drained.
[2026-09-23 13:34:02Z INFO TempDirectoryManager] Cleaning runner temp folder: C:\Users\Carolina\proyectoGit\actions-runner\_work\_temp
[2026-09-23 13:34:02Z INFO HostContext] Well known directory 'Bin': 'C:\Users\Carolina\proyectoGit\actions-runner\bin'
[2026-09-23 13:34:02Z INFO HostContext] Well known directory 'Root': 'C:\Users\Carolina\proyectoGit\actions-runner'
[2026-09-23 13:34:02Z INFO HostContext] Well known directory 'Diag': 'C:\Users\Carolina\proyectoGit\actions-runner\_diag'
[2026-09-23 13:34:02Z INFO HostContext] Well known config file 'Telemetry': 'C:\Users\Carolina\proyectoGit\actions-runner\_diag\.telemetry'
[2026-09-23 13:34:02Z INFO JobRunner] Raising job completed against run service
[2026-09-23 13:34:02Z INFO Worker] Job completed.
